pkg/psp/format_2025/builder_writefail_test.go:94:10: Error return value of `pr.Close` is not checked (errcheck)
	pr.Close()
	        ^
pkg/psp/format_2025/builder_writefail_test.go:99:11: Error return value of `pw.Close` is not checked (errcheck)
		pw.Close()
		        ^
pkg/psp/format_2025/builder_writefail_test.go:224:16: Error return value of `devFull.Close` is not checked (errcheck)
		devFull.Close()
		             ^
pkg/psp/format_2025/builder_writefail_test.go:257:16: Error return value of `devFull.Close` is not checked (errcheck)
		devFull.Close()
		             ^
pkg/psp/format_2025/execution_preparepath_test.go:68:10: Error return value of `f.Close` is not checked (errcheck)
		f.Close()
		       ^
pkg/psp/format_2025/launcher_cli_errors_test.go:242:11: Error return value is not checked (errcheck)
			recover() // swallow exit panic
			       ^
pkg/psp/format_2025/launcher_cli_errors_test.go:305:11: Error return value is not checked (errcheck)
			recover()
			       ^
pkg/psp/format_2025/launcher_cli_errors_test.go:381:11: Error return value is not checked (errcheck)
			recover()
			       ^
pkg/psp/format_2025/launcher_missingpaths_test.go:41:13: Error return value of `os.Unsetenv` is not checked (errcheck)
	os.Unsetenv(EnvLauncherCLI)
	           ^
pkg/psp/format_2025/launcher_missingpaths_test.go:87:13: Error return value of `os.Unsetenv` is not checked (errcheck)
	os.Unsetenv(EnvLauncherCLI)
	           ^
pkg/psp/format_2025/launcher_missingpaths_test.go:88:13: Error return value of `os.Unsetenv` is not checked (errcheck)
	os.Unsetenv(EnvValidation)
	           ^
internal/workenv/workenv_test.go:49:2: QF1003: could use tagged switch on runtime.GOOS (staticcheck)
	if runtime.GOOS == "linux" || runtime.GOOS == "freebsd" {
	^
internal/workenv/workenv_test.go:66:2: QF1003: could use tagged switch on runtime.GOOS (staticcheck)
	if runtime.GOOS == "linux" || runtime.GOOS == "freebsd" {
	^
pkg/psp/format_2025/execution_valid_false_test.go:243:2: SA9003: empty branch (staticcheck)
	if err := errors.New(""); err == nil {
	^
pkg/psp/format_2025/launcher_execbundle_test.go:68:2: SA9003: empty branch (staticcheck)
	if !errors.Is(err, nil) {
	^
pkg/psp/format_2025/locking_permission_test.go:17:5: SA4032: due to the file's build constraints, runtime.GOOS will never equal "windows" (staticcheck)
	if runtime.GOOS == "windows" {
	   ^
pkg/psp/format_2025/builder_dobuild_test.go:37:6: func recoverBuilderExit is unused (unused)
func recoverBuilderExit() (exited bool, code int) {
     ^
pkg/psp/format_2025/execution_slots_additional_test.go:16:6: func buildTarSlotBundle is unused (unused)
func buildTarSlotBundle(t *testing.T, dirName, fileName string, content []byte) (string, *Metadata) {
     ^
pkg/psp/format_2025/execution_validation_test.go:427:6: func findAttestationPolicyHashOffset is unused (unused)
func findAttestationPolicyHashOffset() int {
     ^
pkg/psp/format_2025/platform_vars.go:12:5: var currentGOARCH is unused (unused)
var currentGOARCH = runtime.GOARCH
    ^
20 issues:
* errcheck: 11
* staticcheck: 5
* unused: 4
