time="2025-08-17T18:45:05-07:00" level=debug msg="Handling container host and socket"
time="2025-08-17T18:45:05-07:00" level=debug msg="Defaulting container socket to DOCKER_HOST"
time="2025-08-17T18:45:05-07:00" level=info msg="Using docker host 'unix:///REDACTED_ABS_PATH', and daemon socket 'unix:///REDACTED_ABS_PATH'"
time="2025-08-17T18:45:05-07:00" level=debug msg="Loading environment from /REDACTED_ABS_PATH"
time="2025-08-17T18:45:05-07:00" level=debug msg="Loading action inputs from /REDACTED_ABS_PATH"
time="2025-08-17T18:45:05-07:00" level=debug msg="Loading secrets from /REDACTED_ABS_PATH"
time="2025-08-17T18:45:05-07:00" level=debug msg="Unable to load etag from /REDACTED_ABS_PATH: &{%!e(string=open) %!e(string=/REDACTED_ABS_PATH) %!e(syscall.Errno=2)}"
time="2025-08-17T18:45:05-07:00" level=debug msg="Loading vars from /REDACTED_ABS_PATH"
time="2025-08-17T18:45:05-07:00" level=debug msg="Evaluated matrix inclusions: map[]"
time="2025-08-17T18:45:05-07:00" level=debug msg="Loading workflow '/REDACTED_ABS_PATH'"
time="2025-08-17T18:45:05-07:00" level=debug msg="Reading workflow '/REDACTED_ABS_PATH'"
time="2025-08-17T18:45:05-07:00" level=debug msg="Using first passed in arguments event for filtering: workflow_dispatch"
time="2025-08-17T18:45:05-07:00" level=debug msg="Preparing plan with a job: lint"
time="2025-08-17T18:45:05-07:00" level=debug msg="Using first passed in arguments event: workflow_dispatch"
time="2025-08-17T18:45:05-07:00" level=debug msg="Planning job: lint"
time="2025-08-17T18:45:05-07:00" level=debug msg="Reading event.json from /REDACTED_ABS_PATH"
time="2025-08-17T18:45:05-07:00" level=debug msg="Artifacts base path 'act-results/artifacts'"
time="2025-08-17T18:45:05-07:00" level=info msg="Start server on http://192.168.7.131:34567"
time="2025-08-17T18:45:05-07:00" level=debug msg="gc: 2025-08-17 18:45:05.657211 -0700 PDT m=+0.067272501" module=artifactcache
time="2025-08-17T18:45:05-07:00" level=debug msg="Plan Stages: [0x14000167818]"
time="2025-08-17T18:45:05-07:00" level=debug msg="Stages Runs: [Go Lint & Format]"
time="2025-08-17T18:45:05-07:00" level=debug msg="Job.Name: Go Lint & Format"
time="2025-08-17T18:45:05-07:00" level=debug msg="Job.RawNeeds: {0 0    <nil> []    0 0}"
time="2025-08-17T18:45:05-07:00" level=debug msg="Job.RawRunsOn: {8 0 !!str ubuntu-24.04  <nil> []    25 14}"
time="2025-08-17T18:45:05-07:00" level=debug msg="Job.Env: {0 0    <nil> []    0 0}"
time="2025-08-17T18:45:05-07:00" level=debug msg="Job.If: {0 0  success()  <nil> []    0 0}"
time="2025-08-17T18:45:05-07:00" level=debug msg="Job.Steps: 📥 Checkout"
time="2025-08-17T18:45:05-07:00" level=debug msg="Job.Steps: 🐹 Setup Go"
time="2025-08-17T18:45:05-07:00" level=debug msg="Job.Steps: 🎨 Check formatting"
time="2025-08-17T18:45:05-07:00" level=debug msg="Job.Steps: 🔍 Install golangci-lint"
time="2025-08-17T18:45:05-07:00" level=debug msg="Job.Steps: 🔍 Run golangci-lint"
time="2025-08-17T18:45:05-07:00" level=debug msg="Job.Steps: 🔍 Go vet"
time="2025-08-17T18:45:05-07:00" level=debug msg="Job.TimeoutMinutes: "
time="2025-08-17T18:45:05-07:00" level=debug msg="Job.Services: map[]"
time="2025-08-17T18:45:05-07:00" level=debug msg="Job.Strategy: <nil>"
time="2025-08-17T18:45:05-07:00" level=debug msg="Job.RawContainer: {0 0    <nil> []    0 0}"
time="2025-08-17T18:45:05-07:00" level=debug msg="Job.Defaults.Run.Shell: "
time="2025-08-17T18:45:05-07:00" level=debug msg="Job.Defaults.Run.WorkingDirectory: "
time="2025-08-17T18:45:05-07:00" level=debug msg="Job.Outputs: map[]"
time="2025-08-17T18:45:05-07:00" level=debug msg="Job.Uses: "
time="2025-08-17T18:45:05-07:00" level=debug msg="Job.With: map[]"
time="2025-08-17T18:45:05-07:00" level=debug msg="Job.Result: "
time="2025-08-17T18:45:05-07:00" level=debug msg="Empty Strategy, matrixes=[map[]]"
time="2025-08-17T18:45:05-07:00" level=debug msg="Job Matrices: [map[]]"
time="2025-08-17T18:45:05-07:00" level=debug msg="Runner Matrices: map[]"
time="2025-08-17T18:45:05-07:00" level=debug msg="Final matrix after applying user inclusions '[map[]]'"
time="2025-08-17T18:45:05-07:00" level=debug msg="Found revision: 9854c6ee9deff504444b0060d919dc6959608792"
time="2025-08-17T18:45:05-07:00" level=debug msg="Detected CPUs: 24"
time="2025-08-17T18:45:05-07:00" level=debug msg="PlanExecutor concurrency: 24"
time="2025-08-17T18:45:05-07:00" level=debug msg="Detected CPUs: 24"
[Go Helpers/Go Lint & Format] [DEBUG] evaluating expression 'success()'
[Go Helpers/Go Lint & Format] [DEBUG] expression 'success()' evaluated to 'true'
[Go Helpers/Go Lint & Format] ⭐ Run Set up job
[Go Helpers/Go Lint & Format] 🚀  Start image=catthehacker/ubuntu:act-24.04
time="2025-08-17T18:45:05-07:00" level=debug msg="Parallel tasks (0) below minimum, setting to 1"
[Go Helpers/Go Lint & Format]   🐳  docker pull image=catthehacker/ubuntu:act-24.04 platform=linux/amd64 username= forcePull=true
[Go Helpers/Go Lint & Format] [DEBUG]   🐳  docker pull catthehacker/ubuntu:act-24.04
[Go Helpers/Go Lint & Format] [DEBUG] pulling image 'docker.io/catthehacker/ubuntu:act-24.04' (linux/amd64)
[Go Helpers/Go Lint & Format] using DockerAuthConfig authentication for docker pull
time="2025-08-17T18:45:06-07:00" level=debug msg="Saving notices etag=346d7858-8490-44e6-9d82-04d2ffbc2f6b"
[Go Helpers/Go Lint & Format] [DEBUG] Pulling from catthehacker/ubuntu :: act-24.04
[Go Helpers/Go Lint & Format] [DEBUG] Pulling fs layer :: b71466b94f26
[Go Helpers/Go Lint & Format] [DEBUG] Pulling fs layer :: 552e7b3a08fa
[Go Helpers/Go Lint & Format] [DEBUG] Pulling fs layer :: 9ec44ced3262
[Go Helpers/Go Lint & Format] [DEBUG] Pulling fs layer :: 23596ba5595e
[Go Helpers/Go Lint & Format] [DEBUG] Pulling fs layer :: 31c494ec1995
[Go Helpers/Go Lint & Format] [DEBUG] Pulling fs layer :: bd9ddc54bea9
[Go Helpers/Go Lint & Format] [DEBUG] Waiting :: 23596ba5595e
[Go Helpers/Go Lint & Format] [DEBUG] Waiting :: 31c494ec1995
[Go Helpers/Go Lint & Format] [DEBUG] Waiting :: bd9ddc54bea9
[Go Helpers/Go Lint & Format] [DEBUG] Downloading :: 552e7b3a08fa :: [>                                                  ]  140.3kB/13.62MB
[Go Helpers/Go Lint & Format] [DEBUG] Downloading :: b71466b94f26 :: [>                                                  ]  309.7kB/29.72MB
[Go Helpers/Go Lint & Format] [DEBUG] Downloading :: 9ec44ced3262 :: [>                                                  ]  463.4kB/45.33MB
[Go Helpers/Go Lint & Format] [DEBUG] Downloading :: 552e7b3a08fa :: [=====>                                             ]  1.604MB/13.62MB
[Go Helpers/Go Lint & Format] [DEBUG] Downloading :: b71466b94f26 :: [====>                                              ]  2.784MB/29.72MB
[Go Helpers/Go Lint & Format] [DEBUG] Downloading :: 9ec44ced3262 :: [===>                                               ]  3.222MB/45.33MB
[Go Helpers/Go Lint & Format] [DEBUG] Downloading :: 552e7b3a08fa :: [==========>                                        ]   2.92MB/13.62MB
[Go Helpers/Go Lint & Format] [DEBUG] Downloading :: b71466b94f26 :: [========>                                          ]  4.939MB/29.72MB
[Go Helpers/Go Lint & Format] [DEBUG] Downloading :: 9ec44ced3262 :: [=======>                                           ]  6.876MB/45.33MB
[Go Helpers/Go Lint & Format] [DEBUG] Downloading :: 552e7b3a08fa :: [==============>                                    ]   3.95MB/13.62MB
[Go Helpers/Go Lint & Format] [DEBUG] Downloading :: b71466b94f26 :: [==========>                                        ]  6.482MB/29.72MB
[Go Helpers/Go Lint & Format] [DEBUG] Downloading :: 552e7b3a08fa :: [================>                                  ]  4.392MB/13.62MB
[Go Helpers/Go Lint & Format] [DEBUG] Downloading :: b71466b94f26 :: [===========>                                       ]  7.097MB/29.72MB
[Go Helpers/Go Lint & Format] [DEBUG] Downloading :: 9ec44ced3262 :: [=========>                                         ]   8.72MB/45.33MB
[Go Helpers/Go Lint & Format] [DEBUG] Downloading :: b71466b94f26 :: [==============>                                    ]  8.639MB/29.72MB
[Go Helpers/Go Lint & Format] [DEBUG] Downloading :: 552e7b3a08fa :: [===================>                               ]  5.407MB/13.62MB
[Go Helpers/Go Lint & Format] [DEBUG] Downloading :: 9ec44ced3262 :: [============>                                      ]  11.47MB/45.33MB
[Go Helpers/Go Lint & Format] [DEBUG] Downloading :: 9ec44ced3262 :: [==============>                                    ]  12.85MB/45.33MB
[Go Helpers/Go Lint & Format] [DEBUG] Downloading :: 552e7b3a08fa :: [======================>                            ]  6.142MB/13.62MB
[Go Helpers/Go Lint & Format] [DEBUG] Downloading :: 552e7b3a08fa :: [================================>                  ]  8.793MB/13.62MB
[Go Helpers/Go Lint & Format] [DEBUG] Downloading :: 9ec44ced3262 :: [=====================>                             ]   19.3MB/45.33MB
[Go Helpers/Go Lint & Format] [DEBUG] Downloading :: 552e7b3a08fa :: [========================================>          ]  10.99MB/13.62MB
[Go Helpers/Go Lint & Format] [DEBUG] Downloading :: 9ec44ced3262 :: [========================>                          ]  22.53MB/45.33MB
[Go Helpers/Go Lint & Format] [DEBUG] Downloading :: 552e7b3a08fa :: [========================================>          ]  11.14MB/13.62MB
[Go Helpers/Go Lint & Format] [DEBUG] Downloading :: 552e7b3a08fa :: [===========================================>       ]  11.88MB/13.62MB
[Go Helpers/Go Lint & Format] [DEBUG] Downloading :: 9ec44ced3262 :: [===========================>                       ]  24.82MB/45.33MB
[Go Helpers/Go Lint & Format] [DEBUG] Downloading :: b71466b94f26 :: [================>                                  ]   9.88MB/29.72MB
[Go Helpers/Go Lint & Format] [DEBUG] Downloading :: 552e7b3a08fa :: [===============================================>   ]   12.9MB/13.62MB
[Go Helpers/Go Lint & Format] [DEBUG] Verifying Checksum :: 552e7b3a08fa
[Go Helpers/Go Lint & Format] [DEBUG] Download complete :: 552e7b3a08fa
[Go Helpers/Go Lint & Format] [DEBUG] Downloading :: 9ec44ced3262 :: [==============================>                    ]  28.06MB/45.33MB
[Go Helpers/Go Lint & Format] [DEBUG] Downloading :: b71466b94f26 :: [======================>                            ]  13.59MB/29.72MB
[Go Helpers/Go Lint & Format] [DEBUG] Downloading :: 9ec44ced3262 :: [===================================>               ]  32.19MB/45.33MB
[Go Helpers/Go Lint & Format] [DEBUG] Downloading :: b71466b94f26 :: [========================>                          ]  14.83MB/29.72MB
[Go Helpers/Go Lint & Format] [DEBUG] Downloading :: 9ec44ced3262 :: [====================================>              ]   33.1MB/45.33MB
[Go Helpers/Go Lint & Format] [DEBUG] Downloading :: b71466b94f26 :: [=========================>                         ]  15.45MB/29.72MB
[Go Helpers/Go Lint & Format] [DEBUG] Downloading :: b71466b94f26 :: [=============================>                     ]  17.32MB/29.72MB
[Go Helpers/Go Lint & Format] [DEBUG] Downloading :: 9ec44ced3262 :: [=========================================>         ]  37.25MB/45.33MB
[Go Helpers/Go Lint & Format] [DEBUG] Downloading :: b71466b94f26 :: [=============================>                     ]  17.63MB/29.72MB
[Go Helpers/Go Lint & Format] [DEBUG] Downloading :: 9ec44ced3262 :: [=============================================>     ]  41.38MB/45.33MB
[Go Helpers/Go Lint & Format] [DEBUG] Downloading :: b71466b94f26 :: [================================>                  ]  19.16MB/29.72MB
[Go Helpers/Go Lint & Format] [DEBUG] Verifying Checksum :: 9ec44ced3262
[Go Helpers/Go Lint & Format] [DEBUG] Download complete :: 9ec44ced3262
[Go Helpers/Go Lint & Format] [DEBUG] Downloading :: b71466b94f26 :: [=======================================>           ]  23.51MB/29.72MB
[Go Helpers/Go Lint & Format] [DEBUG] Downloading :: 23596ba5595e :: [>                                                  ]  528.7kB/186MB
[Go Helpers/Go Lint & Format] [DEBUG] Downloading :: b71466b94f26 :: [===========================================>       ]     26MB/29.72MB
[Go Helpers/Go Lint & Format] [DEBUG] Downloading :: 23596ba5595e :: [>                                                  ]  1.069MB/186MB
[Go Helpers/Go Lint & Format] [DEBUG] Downloading :: b71466b94f26 :: [==============================================>    ]  27.55MB/29.72MB
[Go Helpers/Go Lint & Format] [DEBUG] Verifying Checksum :: b71466b94f26
[Go Helpers/Go Lint & Format] [DEBUG] Download complete :: b71466b94f26
[Go Helpers/Go Lint & Format] [DEBUG] Extracting :: b71466b94f26 :: [>                                                  ]  327.7kB/29.72MB
[Go Helpers/Go Lint & Format] [DEBUG] Downloading :: 23596ba5595e :: [>                                                  ]   2.14MB/186MB
[Go Helpers/Go Lint & Format] [DEBUG] Extracting :: b71466b94f26 :: [==========>                                        ]  6.226MB/29.72MB
[Go Helpers/Go Lint & Format] [DEBUG] Extracting :: b71466b94f26 :: [===============>                                   ]  9.503MB/29.72MB
[Go Helpers/Go Lint & Format] [DEBUG] Downloading :: 23596ba5595e :: [=>                                                 ]  4.282MB/186MB
[Go Helpers/Go Lint & Format] [DEBUG] Extracting :: b71466b94f26 :: [============================>                      ]  17.04MB/29.72MB
[Go Helpers/Go Lint & Format] [DEBUG] Downloading :: 23596ba5595e :: [==>                                                ]  8.043MB/186MB
[Go Helpers/Go Lint & Format] [DEBUG] Extracting :: b71466b94f26 :: [=========================================>         ]  24.58MB/29.72MB
[Go Helpers/Go Lint & Format] [DEBUG] Downloading :: 23596ba5595e :: [==>                                                ]  9.644MB/186MB
[Go Helpers/Go Lint & Format] [DEBUG] Extracting :: b71466b94f26 :: [==========================================>        ]  25.56MB/29.72MB
[Go Helpers/Go Lint & Format] [DEBUG] Downloading :: 23596ba5595e :: [===>                                               ]  14.46MB/186MB
[Go Helpers/Go Lint & Format] [DEBUG] Downloading :: bd9ddc54bea9 :: [==================================================>]      34B/34B
[Go Helpers/Go Lint & Format] [DEBUG] Verifying Checksum :: bd9ddc54bea9
[Go Helpers/Go Lint & Format] [DEBUG] Download complete :: bd9ddc54bea9
[Go Helpers/Go Lint & Format] [DEBUG] Extracting :: b71466b94f26 :: [===============================================>   ]  28.18MB/29.72MB
[Go Helpers/Go Lint & Format] [DEBUG] Extracting :: b71466b94f26 :: [=================================================> ]  29.49MB/29.72MB
[Go Helpers/Go Lint & Format] [DEBUG] Downloading :: 23596ba5595e :: [====>                                              ]  16.05MB/186MB
[Go Helpers/Go Lint & Format] [DEBUG] Extracting :: b71466b94f26 :: [==================================================>]  29.72MB/29.72MB
[Go Helpers/Go Lint & Format] [DEBUG] Pull complete :: b71466b94f26
[Go Helpers/Go Lint & Format] [DEBUG] Extracting :: 552e7b3a08fa :: [>                                                  ]  163.8kB/13.62MB
[Go Helpers/Go Lint & Format] [DEBUG] Downloading :: 23596ba5595e :: [====>                                              ]  17.13MB/186MB
[Go Helpers/Go Lint & Format] [DEBUG] Extracting :: 552e7b3a08fa :: [==========================>                        ]  7.209MB/13.62MB
[Go Helpers/Go Lint & Format] [DEBUG] Extracting :: 552e7b3a08fa :: [=============================================>     ]  12.45MB/13.62MB
[Go Helpers/Go Lint & Format] [DEBUG] Extracting :: 552e7b3a08fa :: [=================================================> ]   13.6MB/13.62MB
[Go Helpers/Go Lint & Format] [DEBUG] Extracting :: 552e7b3a08fa :: [==================================================>]  13.62MB/13.62MB
[Go Helpers/Go Lint & Format] [DEBUG] Pull complete :: 552e7b3a08fa
[Go Helpers/Go Lint & Format] [DEBUG] Extracting :: 9ec44ced3262 :: [>                                                  ]  458.8kB/45.33MB
[Go Helpers/Go Lint & Format] [DEBUG] Extracting :: 9ec44ced3262 :: [==========>                                        ]  9.175MB/45.33MB
[Go Helpers/Go Lint & Format] [DEBUG] Downloading :: 23596ba5595e :: [=====>                                             ]  21.95MB/186MB
[Go Helpers/Go Lint & Format] [DEBUG] Downloading :: 31c494ec1995 :: [>                                                  ]  532.5kB/275.7MB
[Go Helpers/Go Lint & Format] [DEBUG] Extracting :: 9ec44ced3262 :: [================>                                  ]  14.68MB/45.33MB
[Go Helpers/Go Lint & Format] [DEBUG] Downloading :: 23596ba5595e :: [=======>                                           ]  27.28MB/186MB
[Go Helpers/Go Lint & Format] [DEBUG] Downloading :: 31c494ec1995 :: [>                                                  ]  1.073MB/275.7MB
[Go Helpers/Go Lint & Format] [DEBUG] Extracting :: 9ec44ced3262 :: [====================>                              ]  18.35MB/45.33MB
[Go Helpers/Go Lint & Format] [DEBUG] Downloading :: 23596ba5595e :: [========>                                          ]  29.93MB/186MB
[Go Helpers/Go Lint & Format] [DEBUG] Extracting :: 9ec44ced3262 :: [=======================>                           ]   21.1MB/45.33MB
[Go Helpers/Go Lint & Format] [DEBUG] Downloading :: 31c494ec1995 :: [>                                                  ]  1.614MB/275.7MB
[Go Helpers/Go Lint & Format] [DEBUG] Extracting :: 9ec44ced3262 :: [===========================>                       ]  24.77MB/45.33MB
[Go Helpers/Go Lint & Format] [DEBUG] Downloading :: 23596ba5595e :: [========>                                          ]  31.54MB/186MB
[Go Helpers/Go Lint & Format] [DEBUG] Extracting :: 9ec44ced3262 :: [=============================>                     ]  26.61MB/45.33MB
[Go Helpers/Go Lint & Format] [DEBUG] Extracting :: 9ec44ced3262 :: [================================>                  ]  29.82MB/45.33MB
[Go Helpers/Go Lint & Format] [DEBUG] Downloading :: 23596ba5595e :: [========>                                          ]  32.08MB/186MB
[Go Helpers/Go Lint & Format] [DEBUG] Downloading :: 31c494ec1995 :: [>                                                  ]  2.146MB/275.7MB
[Go Helpers/Go Lint & Format] [DEBUG] Extracting :: 9ec44ced3262 :: [======================================>            ]  35.32MB/45.33MB
[Go Helpers/Go Lint & Format] [DEBUG] Extracting :: 9ec44ced3262 :: [===========================================>       ]  38.99MB/45.33MB
[Go Helpers/Go Lint & Format] [DEBUG] Extracting :: 9ec44ced3262 :: [=============================================>     ]  41.29MB/45.33MB
[Go Helpers/Go Lint & Format] [DEBUG] Downloading :: 23596ba5595e :: [=========>                                         ]  34.74MB/186MB
[Go Helpers/Go Lint & Format] [DEBUG] Extracting :: 9ec44ced3262 :: [===============================================>   ]  43.12MB/45.33MB
[Go Helpers/Go Lint & Format] [DEBUG] Downloading :: 31c494ec1995 :: [>                                                  ]  2.686MB/275.7MB
[Go Helpers/Go Lint & Format] [DEBUG] Extracting :: 9ec44ced3262 :: [=================================================> ]  44.96MB/45.33MB
[Go Helpers/Go Lint & Format] [DEBUG] Downloading :: 23596ba5595e :: [==========>                                        ]  37.41MB/186MB
[Go Helpers/Go Lint & Format] [DEBUG] Extracting :: 9ec44ced3262 :: [==================================================>]  45.33MB/45.33MB
[Go Helpers/Go Lint & Format] [DEBUG] Downloading :: 31c494ec1995 :: [>                                                  ]  3.227MB/275.7MB
[Go Helpers/Go Lint & Format] [DEBUG] Pull complete :: 9ec44ced3262
[Go Helpers/Go Lint & Format] [DEBUG] Downloading :: 31c494ec1995 :: [>                                                  ]  3.768MB/275.7MB
[Go Helpers/Go Lint & Format] [DEBUG] Downloading :: 23596ba5595e :: [===========>                                       ]  43.82MB/186MB
[Go Helpers/Go Lint & Format] [DEBUG] Downloading :: 23596ba5595e :: [============>                                      ]   48.1MB/186MB
[Go Helpers/Go Lint & Format] [DEBUG] Downloading :: 31c494ec1995 :: [>                                                  ]  4.308MB/275.7MB
[Go Helpers/Go Lint & Format] [DEBUG] Downloading :: 23596ba5595e :: [=============>                                     ]  50.25MB/186MB
[Go Helpers/Go Lint & Format] [DEBUG] Downloading :: 23596ba5595e :: [=============>                                     ]  50.78MB/186MB
[Go Helpers/Go Lint & Format] [DEBUG] Downloading :: 31c494ec1995 :: [>                                                  ]  4.849MB/275.7MB
[Go Helpers/Go Lint & Format] [DEBUG] Downloading :: 23596ba5595e :: [===============>                                   ]  56.13MB/186MB
[Go Helpers/Go Lint & Format] [DEBUG] Downloading :: 31c494ec1995 :: [>                                                  ]   5.39MB/275.7MB
[Go Helpers/Go Lint & Format] [DEBUG] Downloading :: 23596ba5595e :: [================>                                  ]  59.88MB/186MB
[Go Helpers/Go Lint & Format] [DEBUG] Downloading :: 23596ba5595e :: [================>                                  ]  60.42MB/186MB
[Go Helpers/Go Lint & Format] [DEBUG] Downloading :: 31c494ec1995 :: [=>                                                 ]   5.93MB/275.7MB
[Go Helpers/Go Lint & Format] [DEBUG] Downloading :: 23596ba5595e :: [================>                                  ]  60.96MB/186MB
[Go Helpers/Go Lint & Format] [DEBUG] Downloading :: 23596ba5595e :: [=================>                                 ]  65.23MB/186MB
[Go Helpers/Go Lint & Format] [DEBUG] Downloading :: 23596ba5595e :: [=================>                                 ]  66.84MB/186MB
[Go Helpers/Go Lint & Format] [DEBUG] Downloading :: 31c494ec1995 :: [=>                                                 ]  6.471MB/275.7MB
[Go Helpers/Go Lint & Format] [DEBUG] Downloading :: 23596ba5595e :: [==================>                                ]   70.6MB/186MB
[Go Helpers/Go Lint & Format] [DEBUG] Downloading :: 31c494ec1995 :: [=>                                                 ]   7.54MB/275.7MB
[Go Helpers/Go Lint & Format] [DEBUG] Downloading :: 23596ba5595e :: [===================>                               ]  74.35MB/186MB
[Go Helpers/Go Lint & Format] [DEBUG] Downloading :: 31c494ec1995 :: [=>                                                 ]  8.081MB/275.7MB
[Go Helpers/Go Lint & Format] [DEBUG] Downloading :: 23596ba5595e :: [====================>                              ]   78.1MB/186MB
[Go Helpers/Go Lint & Format] [DEBUG] Downloading :: 31c494ec1995 :: [=>                                                 ]  8.621MB/275.7MB
[Go Helpers/Go Lint & Format] [DEBUG] Downloading :: 23596ba5595e :: [======================>                            ]  85.02MB/186MB
[Go Helpers/Go Lint & Format] [DEBUG] Downloading :: 23596ba5595e :: [=======================>                           ]  87.71MB/186MB
[Go Helpers/Go Lint & Format] [DEBUG] Downloading :: 31c494ec1995 :: [=>                                                 ]  9.162MB/275.7MB
[Go Helpers/Go Lint & Format] [DEBUG] Downloading :: 31c494ec1995 :: [=>                                                 ]  9.703MB/275.7MB
[Go Helpers/Go Lint & Format] [DEBUG] Downloading :: 23596ba5595e :: [=========================>                         ]  93.06MB/186MB
[Go Helpers/Go Lint & Format] [DEBUG] Downloading :: 23596ba5595e :: [=========================>                         ]  95.19MB/186MB
[Go Helpers/Go Lint & Format] [DEBUG] Downloading :: 23596ba5595e :: [==========================>                        ]  97.87MB/186MB
[Go Helpers/Go Lint & Format] [DEBUG] Downloading :: 31c494ec1995 :: [=>                                                 ]  10.24MB/275.7MB
[Go Helpers/Go Lint & Format] [DEBUG] Downloading :: 23596ba5595e :: [===========================>                       ]  100.6MB/186MB
[Go Helpers/Go Lint & Format] [DEBUG] Downloading :: 23596ba5595e :: [===========================>                       ]  101.1MB/186MB
[Go Helpers/Go Lint & Format] [DEBUG] Downloading :: 23596ba5595e :: [===========================>                       ]  103.2MB/186MB
[Go Helpers/Go Lint & Format] [DEBUG] Downloading :: 31c494ec1995 :: [==>                                                ]  11.32MB/275.7MB
[Go Helpers/Go Lint & Format] [DEBUG] Downloading :: 23596ba5595e :: [============================>                      ]    107MB/186MB
[Go Helpers/Go Lint & Format] [DEBUG] Downloading :: 31c494ec1995 :: [==>                                                ]  13.48MB/275.7MB
[Go Helpers/Go Lint & Format] [DEBUG] Downloading :: 23596ba5595e :: [=============================>                     ]  108.6MB/186MB
[Go Helpers/Go Lint & Format] [DEBUG] Downloading :: 31c494ec1995 :: [==>                                                ]  14.01MB/275.7MB
[Go Helpers/Go Lint & Format] [DEBUG] Downloading :: 31c494ec1995 :: [==>                                                ]  15.08MB/275.7MB
[Go Helpers/Go Lint & Format] [DEBUG] Downloading :: 23596ba5595e :: [=============================>                     ]  110.7MB/186MB
[Go Helpers/Go Lint & Format] [DEBUG] Downloading :: 31c494ec1995 :: [===>                                               ]  18.29MB/275.7MB
[Go Helpers/Go Lint & Format] [DEBUG] Downloading :: 23596ba5595e :: [==============================>                    ]  113.4MB/186MB
[Go Helpers/Go Lint & Format] [DEBUG] Downloading :: 31c494ec1995 :: [===>                                               ]  20.44MB/275.7MB
[Go Helpers/Go Lint & Format] [DEBUG] Downloading :: 23596ba5595e :: [===============================>                   ]  116.6MB/186MB
[Go Helpers/Go Lint & Format] [DEBUG] Downloading :: 31c494ec1995 :: [====>                                              ]   22.6MB/275.7MB
[Go Helpers/Go Lint & Format] [DEBUG] Downloading :: 23596ba5595e :: [===============================>                   ]  118.2MB/186MB
[Go Helpers/Go Lint & Format] [DEBUG] Downloading :: 31c494ec1995 :: [====>                                              ]  24.72MB/275.7MB
[Go Helpers/Go Lint & Format] [DEBUG] Downloading :: 31c494ec1995 :: [====>                                              ]  26.83MB/275.7MB
[Go Helpers/Go Lint & Format] [DEBUG] Downloading :: 23596ba5595e :: [================================>                  ]  119.8MB/186MB
[Go Helpers/Go Lint & Format] [DEBUG] Downloading :: 23596ba5595e :: [================================>                  ]  122.5MB/186MB
[Go Helpers/Go Lint & Format] [DEBUG] Downloading :: 23596ba5595e :: [=================================>                 ]  124.7MB/186MB
[Go Helpers/Go Lint & Format] [DEBUG] Downloading :: 23596ba5595e :: [==================================>                ]  129.5MB/186MB
[Go Helpers/Go Lint & Format] [DEBUG] Downloading :: 23596ba5595e :: [====================================>              ]  134.3MB/186MB
[Go Helpers/Go Lint & Format] [DEBUG] Downloading :: 31c494ec1995 :: [=====>                                             ]   29.5MB/275.7MB
[Go Helpers/Go Lint & Format] [DEBUG] Downloading :: 23596ba5595e :: [====================================>              ]  135.4MB/186MB
[Go Helpers/Go Lint & Format] [DEBUG] Downloading :: 31c494ec1995 :: [=====>                                             ]  30.04MB/275.7MB
[Go Helpers/Go Lint & Format] [DEBUG] Downloading :: 23596ba5595e :: [=====================================>             ]  138.1MB/186MB
[Go Helpers/Go Lint & Format] [DEBUG] Downloading :: 23596ba5595e :: [=====================================>             ]  140.8MB/186MB
[Go Helpers/Go Lint & Format] [DEBUG] Downloading :: 31c494ec1995 :: [=====>                                             ]  32.71MB/275.7MB
[Go Helpers/Go Lint & Format] [DEBUG] Downloading :: 23596ba5595e :: [======================================>            ]    144MB/186MB
[Go Helpers/Go Lint & Format] [DEBUG] Downloading :: 23596ba5595e :: [======================================>            ]  144.5MB/186MB
[Go Helpers/Go Lint & Format] [DEBUG] Downloading :: 23596ba5595e :: [=======================================>           ]  147.7MB/186MB
[Go Helpers/Go Lint & Format] [DEBUG] Downloading :: 31c494ec1995 :: [======>                                            ]  33.25MB/275.7MB
[Go Helpers/Go Lint & Format] [DEBUG] Downloading :: 23596ba5595e :: [=======================================>           ]  148.2MB/186MB
[Go Helpers/Go Lint & Format] [DEBUG] Downloading :: 31c494ec1995 :: [======>                                            ]  33.79MB/275.7MB
[Go Helpers/Go Lint & Format] [DEBUG] Downloading :: 23596ba5595e :: [=========================================>         ]    153MB/186MB
[Go Helpers/Go Lint & Format] [DEBUG] Downloading :: 23596ba5595e :: [==========================================>        ]  158.9MB/186MB
[Go Helpers/Go Lint & Format] [DEBUG] Downloading :: 31c494ec1995 :: [======>                                            ]  34.33MB/275.7MB
[Go Helpers/Go Lint & Format] [DEBUG] Downloading :: 23596ba5595e :: [===========================================>       ]  161.1MB/186MB
[Go Helpers/Go Lint & Format] [DEBUG] Downloading :: 23596ba5595e :: [============================================>      ]  165.8MB/186MB
[Go Helpers/Go Lint & Format] [DEBUG] Downloading :: 31c494ec1995 :: [======>                                            ]  34.87MB/275.7MB
[Go Helpers/Go Lint & Format] [DEBUG] Downloading :: 31c494ec1995 :: [======>                                            ]  35.41MB/275.7MB
[Go Helpers/Go Lint & Format] [DEBUG] Downloading :: 23596ba5595e :: [=============================================>     ]  170.1MB/186MB
[Go Helpers/Go Lint & Format] [DEBUG] Downloading :: 23596ba5595e :: [==============================================>    ]  173.3MB/186MB
[Go Helpers/Go Lint & Format] [DEBUG] Downloading :: 31c494ec1995 :: [======>                                            ]  35.95MB/275.7MB
[Go Helpers/Go Lint & Format] [DEBUG] Downloading :: 31c494ec1995 :: [======>                                            ]  36.49MB/275.7MB
[Go Helpers/Go Lint & Format] [DEBUG] Downloading :: 31c494ec1995 :: [======>                                            ]  37.03MB/275.7MB
[Go Helpers/Go Lint & Format] [DEBUG] Downloading :: 23596ba5595e :: [===============================================>   ]  177.6MB/186MB
[Go Helpers/Go Lint & Format] [DEBUG] Downloading :: 23596ba5595e :: [================================================>  ]  181.9MB/186MB
[Go Helpers/Go Lint & Format] [DEBUG] Downloading :: 31c494ec1995 :: [======>                                            ]  37.57MB/275.7MB
[Go Helpers/Go Lint & Format] [DEBUG] Downloading :: 31c494ec1995 :: [======>                                            ]  38.11MB/275.7MB
[Go Helpers/Go Lint & Format] [DEBUG] Downloading :: 23596ba5595e :: [=================================================> ]    184MB/186MB
[Go Helpers/Go Lint & Format] [DEBUG] Downloading :: 31c494ec1995 :: [=======>                                           ]  38.64MB/275.7MB
[Go Helpers/Go Lint & Format] [DEBUG] Downloading :: 23596ba5595e :: [=================================================> ]  184.5MB/186MB
[Go Helpers/Go Lint & Format] [DEBUG] Downloading :: 31c494ec1995 :: [=======>                                           ]  39.18MB/275.7MB
[Go Helpers/Go Lint & Format] [DEBUG] Downloading :: 23596ba5595e :: [=================================================> ]  185.6MB/186MB
[Go Helpers/Go Lint & Format] [DEBUG] Verifying Checksum :: 23596ba5595e
[Go Helpers/Go Lint & Format] [DEBUG] Download complete :: 23596ba5595e
[Go Helpers/Go Lint & Format] [DEBUG] Extracting :: 23596ba5595e :: [>                                                  ]  557.1kB/186MB
[Go Helpers/Go Lint & Format] [DEBUG] Extracting :: 23596ba5595e :: [==>                                                ]  8.356MB/186MB
[Go Helpers/Go Lint & Format] [DEBUG] Downloading :: 31c494ec1995 :: [=======>                                           ]  40.24MB/275.7MB
[Go Helpers/Go Lint & Format] [DEBUG] Extracting :: 23596ba5595e :: [====>                                              ]  17.83MB/186MB
[Go Helpers/Go Lint & Format] [DEBUG] Downloading :: 31c494ec1995 :: [=======>                                           ]  40.78MB/275.7MB
[Go Helpers/Go Lint & Format] [DEBUG] Extracting :: 23596ba5595e :: [=====>                                             ]  20.05MB/186MB
[Go Helpers/Go Lint & Format] [DEBUG] Downloading :: 31c494ec1995 :: [=======>                                           ]  41.85MB/275.7MB
[Go Helpers/Go Lint & Format] [DEBUG] Extracting :: 23596ba5595e :: [=====>                                             ]  21.73MB/186MB
[Go Helpers/Go Lint & Format] [DEBUG] Downloading :: 31c494ec1995 :: [=======>                                           ]  42.92MB/275.7MB
[Go Helpers/Go Lint & Format] [DEBUG] Extracting :: 23596ba5595e :: [======>                                            ]   23.4MB/186MB
[Go Helpers/Go Lint & Format] [DEBUG] Downloading :: 31c494ec1995 :: [=======>                                           ]  43.46MB/275.7MB
[Go Helpers/Go Lint & Format] [DEBUG] Extracting :: 23596ba5595e :: [======>                                            ]  24.51MB/186MB
[Go Helpers/Go Lint & Format] [DEBUG] Downloading :: 31c494ec1995 :: [========>                                          ]   45.6MB/275.7MB
[Go Helpers/Go Lint & Format] [DEBUG] Extracting :: 23596ba5595e :: [======>                                            ]  25.62MB/186MB
[Go Helpers/Go Lint & Format] [DEBUG] Extracting :: 23596ba5595e :: [=======>                                           ]   27.3MB/186MB
[Go Helpers/Go Lint & Format] [DEBUG] Downloading :: 31c494ec1995 :: [========>                                          ]  47.21MB/275.7MB
[Go Helpers/Go Lint & Format] [DEBUG] Extracting :: 23596ba5595e :: [=======>                                           ]  28.41MB/186MB
[Go Helpers/Go Lint & Format] [DEBUG] Extracting :: 23596ba5595e :: [=========>                                         ]  34.54MB/186MB
[Go Helpers/Go Lint & Format] [DEBUG] Downloading :: 31c494ec1995 :: [========>                                          ]  47.74MB/275.7MB
[Go Helpers/Go Lint & Format] [DEBUG] Extracting :: 23596ba5595e :: [==========>                                        ]  37.32MB/186MB
[Go Helpers/Go Lint & Format] [DEBUG] Downloading :: 31c494ec1995 :: [=========>                                         ]  49.89MB/275.7MB
[Go Helpers/Go Lint & Format] [DEBUG] Extracting :: 23596ba5595e :: [==========>                                        ]  39.55MB/186MB
[Go Helpers/Go Lint & Format] [DEBUG] Extracting :: 23596ba5595e :: [===========>                                       ]  42.89MB/186MB
[Go Helpers/Go Lint & Format] [DEBUG] Downloading :: 31c494ec1995 :: [=========>                                         ]  50.97MB/275.7MB
[Go Helpers/Go Lint & Format] [DEBUG] Extracting :: 23596ba5595e :: [=============>                                     ]  51.81MB/186MB
[Go Helpers/Go Lint & Format] [DEBUG] Extracting :: 23596ba5595e :: [================>                                  ]  60.16MB/186MB
[Go Helpers/Go Lint & Format] [DEBUG] Downloading :: 31c494ec1995 :: [=========>                                         ]  51.51MB/275.7MB
[Go Helpers/Go Lint & Format] [DEBUG] Extracting :: 23596ba5595e :: [==================>                                ]  67.96MB/186MB
[Go Helpers/Go Lint & Format] [DEBUG] Extracting :: 23596ba5595e :: [====================>                              ]  76.32MB/186MB
[Go Helpers/Go Lint & Format] [DEBUG] Downloading :: 31c494ec1995 :: [=========>                                         ]  53.66MB/275.7MB
[Go Helpers/Go Lint & Format] [DEBUG] Extracting :: 23596ba5595e :: [=======================>                           ]  87.46MB/186MB
[Go Helpers/Go Lint & Format] [DEBUG] Extracting :: 23596ba5595e :: [==========================>                        ]   98.6MB/186MB
[Go Helpers/Go Lint & Format] [DEBUG] Extracting :: 23596ba5595e :: [============================>                      ]  106.4MB/186MB
[Go Helpers/Go Lint & Format] [DEBUG] Downloading :: 31c494ec1995 :: [==========>                                        ]  56.35MB/275.7MB
[Go Helpers/Go Lint & Format] [DEBUG] Extracting :: 23596ba5595e :: [==============================>                    ]  114.8MB/186MB
[Go Helpers/Go Lint & Format] [DEBUG] Extracting :: 23596ba5595e :: [================================>                  ]    122MB/186MB
[Go Helpers/Go Lint & Format] [DEBUG] Downloading :: 31c494ec1995 :: [==========>                                        ]  59.02MB/275.7MB
[Go Helpers/Go Lint & Format] [DEBUG] Extracting :: 23596ba5595e :: [===================================>               ]  130.9MB/186MB
[Go Helpers/Go Lint & Format] [DEBUG] Extracting :: 23596ba5595e :: [====================================>              ]  137.6MB/186MB
[Go Helpers/Go Lint & Format] [DEBUG] Extracting :: 23596ba5595e :: [=======================================>           ]  147.6MB/186MB
[Go Helpers/Go Lint & Format] [DEBUG] Downloading :: 31c494ec1995 :: [==========>                                        ]  60.61MB/275.7MB
[Go Helpers/Go Lint & Format] [DEBUG] Extracting :: 23596ba5595e :: [==========================================>        ]  157.6MB/186MB
[Go Helpers/Go Lint & Format] [DEBUG] Downloading :: 31c494ec1995 :: [===========>                                       ]  61.69MB/275.7MB
[Go Helpers/Go Lint & Format] [DEBUG] Extracting :: 23596ba5595e :: [============================================>      ]  167.1MB/186MB
[Go Helpers/Go Lint & Format] [DEBUG] Extracting :: 23596ba5595e :: [===============================================>   ]  176.6MB/186MB
[Go Helpers/Go Lint & Format] [DEBUG] Extracting :: 23596ba5595e :: [===============================================>   ]  178.3MB/186MB
[Go Helpers/Go Lint & Format] [DEBUG] Extracting :: 23596ba5595e :: [================================================>  ]  180.5MB/186MB
[Go Helpers/Go Lint & Format] [DEBUG] Downloading :: 31c494ec1995 :: [===========>                                       ]  64.37MB/275.7MB
[Go Helpers/Go Lint & Format] [DEBUG] Extracting :: 23596ba5595e :: [=================================================> ]  183.8MB/186MB
[Go Helpers/Go Lint & Format] [DEBUG] Extracting :: 23596ba5595e :: [=================================================> ]  184.9MB/186MB
[Go Helpers/Go Lint & Format] [DEBUG] Downloading :: 31c494ec1995 :: [===========>                                       ]  65.44MB/275.7MB
[Go Helpers/Go Lint & Format] [DEBUG] Extracting :: 23596ba5595e :: [=================================================> ]  185.5MB/186MB
[Go Helpers/Go Lint & Format] [DEBUG] Extracting :: 23596ba5595e :: [==================================================>]    186MB/186MB
[Go Helpers/Go Lint & Format] [DEBUG] Extracting :: 23596ba5595e :: [==================================================>]    186MB/186MB
[Go Helpers/Go Lint & Format] [DEBUG] Downloading :: 31c494ec1995 :: [===========>                                       ]  65.97MB/275.7MB
[Go Helpers/Go Lint & Format] [DEBUG] Pull complete :: 23596ba5595e
[Go Helpers/Go Lint & Format] [DEBUG] Downloading :: 31c494ec1995 :: [============>                                      ]  67.58MB/275.7MB
[Go Helpers/Go Lint & Format] [DEBUG] Downloading :: 31c494ec1995 :: [============>                                      ]  68.12MB/275.7MB
[Go Helpers/Go Lint & Format] [DEBUG] Downloading :: 31c494ec1995 :: [============>                                      ]  69.72MB/275.7MB
[Go Helpers/Go Lint & Format] [DEBUG] Downloading :: 31c494ec1995 :: [============>                                      ]  71.33MB/275.7MB
[Go Helpers/Go Lint & Format] [DEBUG] Downloading :: 31c494ec1995 :: [=============>                                     ]  74.04MB/275.7MB
[Go Helpers/Go Lint & Format] [DEBUG] Downloading :: 31c494ec1995 :: [=============>                                     ]   75.1MB/275.7MB
[Go Helpers/Go Lint & Format] [DEBUG] Downloading :: 31c494ec1995 :: [==============>                                    ]  78.85MB/275.7MB
[Go Helpers/Go Lint & Format] [DEBUG] Downloading :: 31c494ec1995 :: [==============>                                    ]  79.38MB/275.7MB
[Go Helpers/Go Lint & Format] [DEBUG] Downloading :: 31c494ec1995 :: [==============>                                    ]  81.52MB/275.7MB
[Go Helpers/Go Lint & Format] [DEBUG] Downloading :: 31c494ec1995 :: [==============>                                    ]  82.58MB/275.7MB
[Go Helpers/Go Lint & Format] [DEBUG] Downloading :: 31c494ec1995 :: [===============>                                   ]  85.77MB/275.7MB
[Go Helpers/Go Lint & Format] [DEBUG] Downloading :: 31c494ec1995 :: [===============>                                   ]  87.39MB/275.7MB
[Go Helpers/Go Lint & Format] [DEBUG] Downloading :: 31c494ec1995 :: [================>                                  ]  89.55MB/275.7MB
[Go Helpers/Go Lint & Format] [DEBUG] Downloading :: 31c494ec1995 :: [================>                                  ]   90.1MB/275.7MB
[Go Helpers/Go Lint & Format] [DEBUG] Downloading :: 31c494ec1995 :: [================>                                  ]  92.25MB/275.7MB
[Go Helpers/Go Lint & Format] [DEBUG] Downloading :: 31c494ec1995 :: [=================>                                 ]  93.87MB/275.7MB
[Go Helpers/Go Lint & Format] [DEBUG] Downloading :: 31c494ec1995 :: [=================>                                 ]   94.4MB/275.7MB
[Go Helpers/Go Lint & Format] [DEBUG] Downloading :: 31c494ec1995 :: [=================>                                 ]  95.48MB/275.7MB
[Go Helpers/Go Lint & Format] [DEBUG] Downloading :: 31c494ec1995 :: [=================>                                 ]  97.07MB/275.7MB
[Go Helpers/Go Lint & Format] [DEBUG] Downloading :: 31c494ec1995 :: [==================>                                ]  102.9MB/275.7MB
[Go Helpers/Go Lint & Format] [DEBUG] Downloading :: 31c494ec1995 :: [===================>                               ]  105.1MB/275.7MB
[Go Helpers/Go Lint & Format] [DEBUG] Downloading :: 31c494ec1995 :: [===================>                               ]  106.1MB/275.7MB
[Go Helpers/Go Lint & Format] [DEBUG] Downloading :: 31c494ec1995 :: [===================>                               ]  109.9MB/275.7MB
[Go Helpers/Go Lint & Format] [DEBUG] Downloading :: 31c494ec1995 :: [====================>                              ]  111.5MB/275.7MB
[Go Helpers/Go Lint & Format] [DEBUG] Downloading :: 31c494ec1995 :: [====================>                              ]    112MB/275.7MB
[Go Helpers/Go Lint & Format] [DEBUG] Downloading :: 31c494ec1995 :: [====================>                              ]  113.6MB/275.7MB
[Go Helpers/Go Lint & Format] [DEBUG] Downloading :: 31c494ec1995 :: [=====================>                             ]  116.3MB/275.7MB
[Go Helpers/Go Lint & Format] [DEBUG] Downloading :: 31c494ec1995 :: [=====================>                             ]  117.9MB/275.7MB
[Go Helpers/Go Lint & Format] [DEBUG] Downloading :: 31c494ec1995 :: [=====================>                             ]  120.1MB/275.7MB
[Go Helpers/Go Lint & Format] [DEBUG] Downloading :: 31c494ec1995 :: [======================>                            ]  122.7MB/275.7MB
[Go Helpers/Go Lint & Format] [DEBUG] Downloading :: 31c494ec1995 :: [======================>                            ]  124.9MB/275.7MB
[Go Helpers/Go Lint & Format] [DEBUG] Downloading :: 31c494ec1995 :: [======================>                            ]    126MB/275.7MB
[Go Helpers/Go Lint & Format] [DEBUG] Downloading :: 31c494ec1995 :: [=======================>                           ]  128.6MB/275.7MB
[Go Helpers/Go Lint & Format] [DEBUG] Downloading :: 31c494ec1995 :: [=======================>                           ]  130.8MB/275.7MB
[Go Helpers/Go Lint & Format] [DEBUG] Downloading :: 31c494ec1995 :: [========================>                          ]  135.1MB/275.7MB
[Go Helpers/Go Lint & Format] [DEBUG] Downloading :: 31c494ec1995 :: [========================>                          ]  137.2MB/275.7MB
[Go Helpers/Go Lint & Format] [DEBUG] Downloading :: 31c494ec1995 :: [=========================>                         ]  138.8MB/275.7MB
[Go Helpers/Go Lint & Format] [DEBUG] Downloading :: 31c494ec1995 :: [=========================>                         ]  139.9MB/275.7MB
[Go Helpers/Go Lint & Format] [DEBUG] Downloading :: 31c494ec1995 :: [=========================>                         ]  142.6MB/275.7MB
[Go Helpers/Go Lint & Format] [DEBUG] Downloading :: 31c494ec1995 :: [==========================>                        ]  143.7MB/275.7MB
[Go Helpers/Go Lint & Format] [DEBUG] Downloading :: 31c494ec1995 :: [==========================>                        ]  146.3MB/275.7MB
[Go Helpers/Go Lint & Format] [DEBUG] Downloading :: 31c494ec1995 :: [===========================>                       ]  151.1MB/275.7MB
[Go Helpers/Go Lint & Format] [DEBUG] Downloading :: 31c494ec1995 :: [===========================>                       ]  153.8MB/275.7MB
[Go Helpers/Go Lint & Format] [DEBUG] Downloading :: 31c494ec1995 :: [============================>                      ]  157.5MB/275.7MB
[Go Helpers/Go Lint & Format] [DEBUG] Downloading :: 31c494ec1995 :: [=============================>                     ]  163.4MB/275.7MB
[Go Helpers/Go Lint & Format] [DEBUG] Downloading :: 31c494ec1995 :: [=============================>                     ]  163.9MB/275.7MB
[Go Helpers/Go Lint & Format] [DEBUG] Downloading :: 31c494ec1995 :: [==============================>                    ]  166.6MB/275.7MB
[Go Helpers/Go Lint & Format] [DEBUG] Downloading :: 31c494ec1995 :: [===============================>                   ]  171.9MB/275.7MB
[Go Helpers/Go Lint & Format] [DEBUG] Downloading :: 31c494ec1995 :: [================================>                  ]  176.7MB/275.7MB
[Go Helpers/Go Lint & Format] [DEBUG] Downloading :: 31c494ec1995 :: [================================>                  ]  177.8MB/275.7MB
[Go Helpers/Go Lint & Format] [DEBUG] Downloading :: 31c494ec1995 :: [=================================>                 ]  182.6MB/275.7MB
[Go Helpers/Go Lint & Format] [DEBUG] Downloading :: 31c494ec1995 :: [=================================>                 ]  185.8MB/275.7MB
[Go Helpers/Go Lint & Format] [DEBUG] Downloading :: 31c494ec1995 :: [==================================>                ]  188.5MB/275.7MB
[Go Helpers/Go Lint & Format] [DEBUG] Downloading :: 31c494ec1995 :: [==================================>                ]  190.1MB/275.7MB
[Go Helpers/Go Lint & Format] [DEBUG] Downloading :: 31c494ec1995 :: [==================================>                ]  192.8MB/275.7MB
[Go Helpers/Go Lint & Format] [DEBUG] Downloading :: 31c494ec1995 :: [===================================>               ]  194.9MB/275.7MB
[Go Helpers/Go Lint & Format] [DEBUG] Downloading :: 31c494ec1995 :: [====================================>              ]  199.2MB/275.7MB
[Go Helpers/Go Lint & Format] [DEBUG] Downloading :: 31c494ec1995 :: [====================================>              ]  202.9MB/275.7MB
[Go Helpers/Go Lint & Format] [DEBUG] Downloading :: 31c494ec1995 :: [====================================>              ]    204MB/275.7MB
[Go Helpers/Go Lint & Format] [DEBUG] Downloading :: 31c494ec1995 :: [=====================================>             ]  206.7MB/275.7MB
[Go Helpers/Go Lint & Format] [DEBUG] Downloading :: 31c494ec1995 :: [======================================>            ]  210.4MB/275.7MB
[Go Helpers/Go Lint & Format] [DEBUG] Downloading :: 31c494ec1995 :: [======================================>            ]    212MB/275.7MB
[Go Helpers/Go Lint & Format] [DEBUG] Downloading :: 31c494ec1995 :: [======================================>            ]  213.6MB/275.7MB
[Go Helpers/Go Lint & Format] [DEBUG] Downloading :: 31c494ec1995 :: [=======================================>           ]  217.3MB/275.7MB
[Go Helpers/Go Lint & Format] [DEBUG] Downloading :: 31c494ec1995 :: [=======================================>           ]  219.5MB/275.7MB
[Go Helpers/Go Lint & Format] [DEBUG] Downloading :: 31c494ec1995 :: [========================================>          ]  223.2MB/275.7MB
[Go Helpers/Go Lint & Format] [DEBUG] Downloading :: 31c494ec1995 :: [========================================>          ]  224.3MB/275.7MB
[Go Helpers/Go Lint & Format] [DEBUG] Downloading :: 31c494ec1995 :: [=========================================>         ]  227.5MB/275.7MB
[Go Helpers/Go Lint & Format] [DEBUG] Downloading :: 31c494ec1995 :: [=========================================>         ]  230.2MB/275.7MB
[Go Helpers/Go Lint & Format] [DEBUG] Downloading :: 31c494ec1995 :: [==========================================>        ]  233.9MB/275.7MB
[Go Helpers/Go Lint & Format] [DEBUG] Downloading :: 31c494ec1995 :: [===========================================>       ]  237.1MB/275.7MB
[Go Helpers/Go Lint & Format] [DEBUG] Downloading :: 31c494ec1995 :: [===========================================>       ]  239.3MB/275.7MB
[Go Helpers/Go Lint & Format] [DEBUG] Downloading :: 31c494ec1995 :: [===========================================>       ]  242.5MB/275.7MB
[Go Helpers/Go Lint & Format] [DEBUG] Downloading :: 31c494ec1995 :: [============================================>      ]    243MB/275.7MB
[Go Helpers/Go Lint & Format] [DEBUG] Downloading :: 31c494ec1995 :: [============================================>      ]  247.3MB/275.7MB
[Go Helpers/Go Lint & Format] [DEBUG] Downloading :: 31c494ec1995 :: [=============================================>     ]  249.4MB/275.7MB
[Go Helpers/Go Lint & Format] [DEBUG] Downloading :: 31c494ec1995 :: [=============================================>     ]  252.6MB/275.7MB
[Go Helpers/Go Lint & Format] [DEBUG] Downloading :: 31c494ec1995 :: [==============================================>    ]  254.8MB/275.7MB
[Go Helpers/Go Lint & Format] [DEBUG] Downloading :: 31c494ec1995 :: [==============================================>    ]  257.9MB/275.7MB
[Go Helpers/Go Lint & Format] [DEBUG] Downloading :: 31c494ec1995 :: [==============================================>    ]    259MB/275.7MB
[Go Helpers/Go Lint & Format] [DEBUG] Downloading :: 31c494ec1995 :: [===============================================>   ]  260.6MB/275.7MB
[Go Helpers/Go Lint & Format] [DEBUG] Downloading :: 31c494ec1995 :: [===============================================>   ]  262.8MB/275.7MB
[Go Helpers/Go Lint & Format] [DEBUG] Downloading :: 31c494ec1995 :: [===============================================>   ]  264.4MB/275.7MB
[Go Helpers/Go Lint & Format] [DEBUG] Downloading :: 31c494ec1995 :: [================================================>  ]  264.9MB/275.7MB
[Go Helpers/Go Lint & Format] [DEBUG] Downloading :: 31c494ec1995 :: [================================================>  ]  266.5MB/275.7MB
[Go Helpers/Go Lint & Format] [DEBUG] Downloading :: 31c494ec1995 :: [================================================>  ]  267.6MB/275.7MB
[Go Helpers/Go Lint & Format] [DEBUG] Downloading :: 31c494ec1995 :: [================================================>  ]  268.1MB/275.7MB
[Go Helpers/Go Lint & Format] [DEBUG] Downloading :: 31c494ec1995 :: [================================================>  ]  269.7MB/275.7MB
[Go Helpers/Go Lint & Format] [DEBUG] Downloading :: 31c494ec1995 :: [=================================================> ]  271.4MB/275.7MB
[Go Helpers/Go Lint & Format] [DEBUG] Downloading :: 31c494ec1995 :: [=================================================> ]  272.4MB/275.7MB
[Go Helpers/Go Lint & Format] [DEBUG] Downloading :: 31c494ec1995 :: [=================================================> ]    274MB/275.7MB
[Go Helpers/Go Lint & Format] [DEBUG] Verifying Checksum :: 31c494ec1995
[Go Helpers/Go Lint & Format] [DEBUG] Download complete :: 31c494ec1995
[Go Helpers/Go Lint & Format] [DEBUG] Extracting :: 31c494ec1995 :: [>                                                  ]  557.1kB/275.7MB
[Go Helpers/Go Lint & Format] [DEBUG] Extracting :: 31c494ec1995 :: [=>                                                 ]  10.58MB/275.7MB
[Go Helpers/Go Lint & Format] [DEBUG] Extracting :: 31c494ec1995 :: [===>                                               ]  20.61MB/275.7MB
[Go Helpers/Go Lint & Format] [DEBUG] Extracting :: 31c494ec1995 :: [=====>                                             ]   31.2MB/275.7MB
[Go Helpers/Go Lint & Format] [DEBUG] Extracting :: 31c494ec1995 :: [=====>                                             ]  32.87MB/275.7MB
[Go Helpers/Go Lint & Format] [DEBUG] Extracting :: 31c494ec1995 :: [======>                                            ]  34.54MB/275.7MB
[Go Helpers/Go Lint & Format] [DEBUG] Extracting :: 31c494ec1995 :: [======>                                            ]  35.65MB/275.7MB
[Go Helpers/Go Lint & Format] [DEBUG] Extracting :: 31c494ec1995 :: [======>                                            ]  36.77MB/275.7MB
[Go Helpers/Go Lint & Format] [DEBUG] Extracting :: 31c494ec1995 :: [========>                                          ]  46.24MB/275.7MB
[Go Helpers/Go Lint & Format] [DEBUG] Extracting :: 31c494ec1995 :: [==========>                                        ]  55.71MB/275.7MB
[Go Helpers/Go Lint & Format] [DEBUG] Extracting :: 31c494ec1995 :: [============>                                      ]  66.29MB/275.7MB
[Go Helpers/Go Lint & Format] [DEBUG] Extracting :: 31c494ec1995 :: [=============>                                     ]  72.42MB/275.7MB
[Go Helpers/Go Lint & Format] [DEBUG] Extracting :: 31c494ec1995 :: [=============>                                     ]  74.09MB/275.7MB
[Go Helpers/Go Lint & Format] [DEBUG] Extracting :: 31c494ec1995 :: [=============>                                     ]  75.76MB/275.7MB
[Go Helpers/Go Lint & Format] [DEBUG] Extracting :: 31c494ec1995 :: [==============>                                    ]  77.43MB/275.7MB
[Go Helpers/Go Lint & Format] [DEBUG] Extracting :: 31c494ec1995 :: [==============>                                    ]   79.1MB/275.7MB
[Go Helpers/Go Lint & Format] [DEBUG] Extracting :: 31c494ec1995 :: [==============>                                    ]  80.77MB/275.7MB
[Go Helpers/Go Lint & Format] [DEBUG] Extracting :: 31c494ec1995 :: [==============>                                    ]  81.89MB/275.7MB
[Go Helpers/Go Lint & Format] [DEBUG] Extracting :: 31c494ec1995 :: [==============>                                    ]  82.44MB/275.7MB
[Go Helpers/Go Lint & Format] [DEBUG] Extracting :: 31c494ec1995 :: [===============>                                   ]  83.56MB/275.7MB
[Go Helpers/Go Lint & Format] [DEBUG] Extracting :: 31c494ec1995 :: [===============>                                   ]  87.46MB/275.7MB
[Go Helpers/Go Lint & Format] [DEBUG] Extracting :: 31c494ec1995 :: [=================>                                 ]  97.48MB/275.7MB
[Go Helpers/Go Lint & Format] [DEBUG] Extracting :: 31c494ec1995 :: [===================>                               ]  106.4MB/275.7MB
[Go Helpers/Go Lint & Format] [DEBUG] Extracting :: 31c494ec1995 :: [=====================>                             ]  117.5MB/275.7MB
[Go Helpers/Go Lint & Format] [DEBUG] Extracting :: 31c494ec1995 :: [======================>                            ]  123.1MB/275.7MB
[Go Helpers/Go Lint & Format] [DEBUG] Extracting :: 31c494ec1995 :: [======================>                            ]  124.8MB/275.7MB
[Go Helpers/Go Lint & Format] [DEBUG] Extracting :: 31c494ec1995 :: [=======================>                           ]    127MB/275.7MB
[Go Helpers/Go Lint & Format] [DEBUG] Extracting :: 31c494ec1995 :: [=======================>                           ]  128.7MB/275.7MB
[Go Helpers/Go Lint & Format] [DEBUG] Extracting :: 31c494ec1995 :: [=======================>                           ]  130.4MB/275.7MB
[Go Helpers/Go Lint & Format] [DEBUG] Extracting :: 31c494ec1995 :: [=======================>                           ]    132MB/275.7MB
[Go Helpers/Go Lint & Format] [DEBUG] Extracting :: 31c494ec1995 :: [========================>                          ]  133.1MB/275.7MB
[Go Helpers/Go Lint & Format] [DEBUG] Extracting :: 31c494ec1995 :: [========================>                          ]  134.3MB/275.7MB
[Go Helpers/Go Lint & Format] [DEBUG] Extracting :: 31c494ec1995 :: [=========================>                         ]  140.4MB/275.7MB
[Go Helpers/Go Lint & Format] [DEBUG] Extracting :: 31c494ec1995 :: [===========================>                       ]    151MB/275.7MB
[Go Helpers/Go Lint & Format] [DEBUG] Extracting :: 31c494ec1995 :: [=============================>                     ]  163.8MB/275.7MB
[Go Helpers/Go Lint & Format] [DEBUG] Extracting :: 31c494ec1995 :: [===============================>                   ]  174.9MB/275.7MB
[Go Helpers/Go Lint & Format] [DEBUG] Extracting :: 31c494ec1995 :: [=================================>                 ]  184.4MB/275.7MB
[Go Helpers/Go Lint & Format] [DEBUG] Extracting :: 31c494ec1995 :: [=================================>                 ]  187.2MB/275.7MB
[Go Helpers/Go Lint & Format] [DEBUG] Extracting :: 31c494ec1995 :: [==================================>                ]  188.8MB/275.7MB
[Go Helpers/Go Lint & Format] [DEBUG] Extracting :: 31c494ec1995 :: [==================================>                ]  191.6MB/275.7MB
[Go Helpers/Go Lint & Format] [DEBUG] Extracting :: 31c494ec1995 :: [===================================>               ]  193.3MB/275.7MB
[Go Helpers/Go Lint & Format] [DEBUG] Extracting :: 31c494ec1995 :: [====================================>              ]    200MB/275.7MB
[Go Helpers/Go Lint & Format] [DEBUG] Extracting :: 31c494ec1995 :: [=====================================>             ]  209.5MB/275.7MB
[Go Helpers/Go Lint & Format] [DEBUG] Extracting :: 31c494ec1995 :: [=======================================>           ]  217.8MB/275.7MB
[Go Helpers/Go Lint & Format] [DEBUG] Extracting :: 31c494ec1995 :: [=========================================>         ]  228.4MB/275.7MB
[Go Helpers/Go Lint & Format] [DEBUG] Extracting :: 31c494ec1995 :: [============================================>      ]  245.7MB/275.7MB
[Go Helpers/Go Lint & Format] [DEBUG] Extracting :: 31c494ec1995 :: [==============================================>    ]  254.6MB/275.7MB
[Go Helpers/Go Lint & Format] [DEBUG] Extracting :: 31c494ec1995 :: [===============================================>   ]  260.7MB/275.7MB
[Go Helpers/Go Lint & Format] [DEBUG] Extracting :: 31c494ec1995 :: [================================================>  ]  268.5MB/275.7MB
[Go Helpers/Go Lint & Format] [DEBUG] Extracting :: 31c494ec1995 :: [=================================================> ]    273MB/275.7MB
[Go Helpers/Go Lint & Format] [DEBUG] Extracting :: 31c494ec1995 :: [==================================================>]  275.7MB/275.7MB
[Go Helpers/Go Lint & Format] [DEBUG] Extracting :: 31c494ec1995 :: [==================================================>]  275.7MB/275.7MB
[Go Helpers/Go Lint & Format] [DEBUG] Pull complete :: 31c494ec1995
[Go Helpers/Go Lint & Format] [DEBUG] Extracting :: bd9ddc54bea9 :: [==================================================>]      34B/34B
[Go Helpers/Go Lint & Format] [DEBUG] Extracting :: bd9ddc54bea9 :: [==================================================>]      34B/34B
[Go Helpers/Go Lint & Format] [DEBUG] Pull complete :: bd9ddc54bea9
[Go Helpers/Go Lint & Format] [DEBUG] Digest: sha256:07eab7b7c5e74ce63c8faae6aa48543bc8bf25cc0e11f35e8d2e71f2177a2412 :: 
[Go Helpers/Go Lint & Format] [DEBUG] Status: Downloaded newer image for catthehacker/ubuntu:act-24.04 :: 
time="2025-08-17T18:45:52-07:00" level=debug msg="Parallel tasks (0) below minimum, setting to 1"
[Go Helpers/Go Lint & Format]   🐳  docker create image=catthehacker/ubuntu:act-24.04 platform=linux/amd64 entrypoint=["tail" "-f" "/dev/null"] cmd=[] network="host"
[Go Helpers/Go Lint & Format] [DEBUG] Common container.Config ==> &{Hostname: Domainname: User: AttachStdin:false AttachStdout:false AttachStderr:false ExposedPorts:map[] Tty:false OpenStdin:false StdinOnce:false Env:[RUNNER_TOOL_CACHE=/opt/hostedtoolcache RUNNER_OS=Linux RUNNER_ARCH=ARM64 RUNNER_TEMP=/tmp LANG=C.UTF-8] Cmd:[] Healthcheck:<nil> ArgsEscaped:false Image:catthehacker/ubuntu:act-24.04 Volumes:map[] WorkingDir:/REDACTED_ABS_PATH Entrypoint:[] NetworkDisabled:false MacAddress: OnBuild:[] Labels:map[] StopSignal: StopTimeout:<nil> Shell:[]}
[Go Helpers/Go Lint & Format] [DEBUG] Common container.HostConfig ==> &{Binds:[/REDACTED_ABS_PATH:/var/run/docker.sock /REDACTED_ABS_PATH:/REDACTED_ABS_PATH:delegated] ContainerIDFile: LogConfig:{Type: Config:map[]} NetworkMode:host PortBindings:map[] RestartPolicy:{Name: MaximumRetryCount:0} AutoRemove:false VolumeDriver: VolumesFrom:[] ConsoleSize:[0 0] Annotations:map[] CapAdd:[] CapDrop:[] CgroupnsMode: DNS:[] DNSOptions:[] DNSSearch:[] ExtraHosts:[] GroupAdd:[] IpcMode: Cgroup: Links:[] OomScoreAdj:0 PidMode: Privileged:false PublishAllPorts:false ReadonlyRootfs:false SecurityOpt:[] StorageOpt:map[] Tmpfs:map[] UTSMode: UsernsMode: ShmSize:0 Sysctls:map[] Runtime: Isolation: Resources:{CPUShares:0 Memory:0 NanoCPUs:0 CgroupParent: BlkioWeight:0 BlkioWeightDevice:[] BlkioDeviceReadBps:[] BlkioDeviceWriteBps:[] BlkioDeviceReadIOps:[] BlkioDeviceWriteIOps:[] CPUPeriod:0 CPUQuota:0 CPURealtimePeriod:0 CPURealtimeRuntime:0 CpusetCpus: CpusetMems: Devices:[] DeviceCgroupRules:[] DeviceRequests:[] KernelMemory:0 KernelMemoryTCP:0 MemoryReservation:0 MemorySwap:0 MemorySwappiness:<nil> OomKillDisable:<nil> PidsLimit:<nil> Ulimits:[] CPUCount:0 CPUPercent:0 IOMaximumIOps:0 IOMaximumBandwidth:0} Mounts:[{Type:volume Source:act-toolcache Target:/opt/hostedtoolcache ReadOnly:false Consistency: BindOptions:<nil> VolumeOptions:<nil> ImageOptions:<nil> TmpfsOptions:<nil> ClusterOptions:<nil>} {Type:volume Source:act-Go-Helpers-Go-Lint--Format-fe80f61db0ed04c23d430fceb6cb69a641b7689d225b6d905ecf3c6329e85673-env Target:/var/run/act ReadOnly:false Consistency: BindOptions:<nil> VolumeOptions:<nil> ImageOptions:<nil> TmpfsOptions:<nil> ClusterOptions:<nil>}] MaskedPaths:[] ReadonlyPaths:[] Init:<nil>}
[Go Helpers/Go Lint & Format] [DEBUG] input.NetworkAliases ==> [Go Lint & Format]
[Go Helpers/Go Lint & Format] [DEBUG] Created container name=act-Go-Helpers-Go-Lint--Format-fe80f61db0ed04c23d430fceb6cb69a641b7689d225b6d905ecf3c6329e85673 id=b9614403a025a2374c3eb49ca9ad48f27cf916c98217073ce6d4e62bbb1d2354 from image catthehacker/ubuntu:act-24.04 (platform: linux/amd64)
[Go Helpers/Go Lint & Format] [DEBUG] ENV ==> [RUNNER_TOOL_CACHE=/opt/hostedtoolcache RUNNER_OS=Linux RUNNER_ARCH=ARM64 RUNNER_TEMP=/tmp LANG=C.UTF-8]
[Go Helpers/Go Lint & Format]   🐳  docker run image=catthehacker/ubuntu:act-24.04 platform=linux/amd64 entrypoint=["tail" "-f" "/dev/null"] cmd=[] network="host"
[Go Helpers/Go Lint & Format] [DEBUG] Starting container: b9614403a025a2374c3eb49ca9ad48f27cf916c98217073ce6d4e62bbb1d2354
[Go Helpers/Go Lint & Format] failed to start container: Error response from daemon: error while creating mount source path '/REDACTED_ABS_PATH': mkdir /REDACTED_ABS_PATH: operation not supported
[Go Helpers/Go Lint & Format]   ❌  Failure - Set up job
[Go Helpers/Go Lint & Format] 🏁  Job failed
Error: failed to start container: Error response from daemon: error while creating mount source path '/REDACTED_ABS_PATH': mkdir /REDACTED_ABS_PATH: operation not supported
