time="2025-08-17T18:45:53-07:00" level=debug msg="Handling container host and socket"
time="2025-08-17T18:45:53-07:00" level=debug msg="Defaulting container socket to DOCKER_HOST"
time="2025-08-17T18:45:53-07:00" level=info msg="Using docker host 'unix:///REDACTED_ABS_PATH', and daemon socket 'unix:///REDACTED_ABS_PATH'"
time="2025-08-17T18:45:53-07:00" level=debug msg="Loading environment from /REDACTED_ABS_PATH"
time="2025-08-17T18:45:53-07:00" level=debug msg="Loading action inputs from /REDACTED_ABS_PATH"
time="2025-08-17T18:45:53-07:00" level=debug msg="Loading secrets from /REDACTED_ABS_PATH"
time="2025-08-17T18:45:53-07:00" level=debug msg="Conditional GET for notices etag=346d7858-8490-44e6-9d82-04d2ffbc2f6b"
time="2025-08-17T18:45:53-07:00" level=debug msg="Loading vars from /REDACTED_ABS_PATH"
time="2025-08-17T18:45:53-07:00" level=debug msg="Evaluated matrix inclusions: map[]"
time="2025-08-17T18:45:53-07:00" level=debug msg="Loading workflow '/REDACTED_ABS_PATH'"
time="2025-08-17T18:45:53-07:00" level=debug msg="Reading workflow '/REDACTED_ABS_PATH'"
time="2025-08-17T18:45:53-07:00" level=debug msg="Using first passed in arguments event for filtering: workflow_dispatch"
time="2025-08-17T18:45:53-07:00" level=debug msg="Preparing plan with a job: lint"
time="2025-08-17T18:45:53-07:00" level=debug msg="Using first passed in arguments event: workflow_dispatch"
time="2025-08-17T18:45:53-07:00" level=debug msg="Planning job: lint"
time="2025-08-17T18:45:53-07:00" level=debug msg="Reading event.json from /REDACTED_ABS_PATH"
time="2025-08-17T18:45:53-07:00" level=debug msg="Artifacts base path 'act-results/artifacts'"
time="2025-08-17T18:45:53-07:00" level=debug msg="gc: 2025-08-17 18:45:53.391171 -0700 PDT m=+0.048750084" module=artifactcache
time="2025-08-17T18:45:53-07:00" level=info msg="Start server on http://192.168.7.131:34567"
time="2025-08-17T18:45:53-07:00" level=debug msg="Plan Stages: [0x1400000cdf8]"
time="2025-08-17T18:45:53-07:00" level=debug msg="Stages Runs: [Rust Lint & Format]"
time="2025-08-17T18:45:53-07:00" level=debug msg="Job.Name: Rust Lint & Format"
time="2025-08-17T18:45:53-07:00" level=debug msg="Job.RawNeeds: {0 0    <nil> []    0 0}"
time="2025-08-17T18:45:53-07:00" level=debug msg="Job.RawRunsOn: {8 0 !!str ubuntu-24.04  <nil> []    25 14}"
time="2025-08-17T18:45:53-07:00" level=debug msg="Job.Env: {0 0    <nil> []    0 0}"
time="2025-08-17T18:45:53-07:00" level=debug msg="Job.If: {0 0  success()  <nil> []    0 0}"
time="2025-08-17T18:45:53-07:00" level=debug msg="Job.Steps: 📥 Checkout"
time="2025-08-17T18:45:53-07:00" level=debug msg="Job.Steps: 🦀 Setup Rust"
time="2025-08-17T18:45:53-07:00" level=debug msg="Job.Steps: 🎨 Check formatting"
time="2025-08-17T18:45:53-07:00" level=debug msg="Job.Steps: 🔍 Clippy lint"
time="2025-08-17T18:45:53-07:00" level=debug msg="Job.TimeoutMinutes: "
time="2025-08-17T18:45:53-07:00" level=debug msg="Job.Services: map[]"
time="2025-08-17T18:45:53-07:00" level=debug msg="Job.Strategy: <nil>"
time="2025-08-17T18:45:53-07:00" level=debug msg="Job.RawContainer: {0 0    <nil> []    0 0}"
time="2025-08-17T18:45:53-07:00" level=debug msg="Job.Defaults.Run.Shell: "
time="2025-08-17T18:45:53-07:00" level=debug msg="Job.Defaults.Run.WorkingDirectory: "
time="2025-08-17T18:45:53-07:00" level=debug msg="Job.Outputs: map[]"
time="2025-08-17T18:45:53-07:00" level=debug msg="Job.Uses: "
time="2025-08-17T18:45:53-07:00" level=debug msg="Job.With: map[]"
time="2025-08-17T18:45:53-07:00" level=debug msg="Job.Result: "
time="2025-08-17T18:45:53-07:00" level=debug msg="Empty Strategy, matrixes=[map[]]"
time="2025-08-17T18:45:53-07:00" level=debug msg="Job Matrices: [map[]]"
time="2025-08-17T18:45:53-07:00" level=debug msg="Runner Matrices: map[]"
time="2025-08-17T18:45:53-07:00" level=debug msg="Final matrix after applying user inclusions '[map[]]'"
time="2025-08-17T18:45:53-07:00" level=debug msg="Found revision: 843f4570921811b0b34a9ce6c8d9588d90fae0d8"
time="2025-08-17T18:45:53-07:00" level=debug msg="Detected CPUs: 24"
time="2025-08-17T18:45:53-07:00" level=debug msg="PlanExecutor concurrency: 24"
time="2025-08-17T18:45:53-07:00" level=debug msg="Detected CPUs: 24"
[Rust Helpers/Rust Lint & Format] [DEBUG] evaluating expression 'success()'
[Rust Helpers/Rust Lint & Format] [DEBUG] expression 'success()' evaluated to 'true'
[Rust Helpers/Rust Lint & Format] ⭐ Run Set up job
[Rust Helpers/Rust Lint & Format] 🚀  Start image=catthehacker/ubuntu:act-24.04
time="2025-08-17T18:45:53-07:00" level=debug msg="Parallel tasks (0) below minimum, setting to 1"
[Rust Helpers/Rust Lint & Format]   🐳  docker pull image=catthehacker/ubuntu:act-24.04 platform=linux/amd64 username= forcePull=true
[Rust Helpers/Rust Lint & Format] [DEBUG]   🐳  docker pull catthehacker/ubuntu:act-24.04
[Rust Helpers/Rust Lint & Format] [DEBUG] pulling image 'docker.io/catthehacker/ubuntu:act-24.04' (linux/amd64)
[Rust Helpers/Rust Lint & Format] using DockerAuthConfig authentication for docker pull
time="2025-08-17T18:45:53-07:00" level=debug msg="Saving notices etag=346d7858-8490-44e6-9d82-04d2ffbc2f6b"
time="2025-08-17T18:45:53-07:00" level=debug msg="No new notices"
[Rust Helpers/Rust Lint & Format] [DEBUG] Pulling from catthehacker/ubuntu :: act-24.04
[Rust Helpers/Rust Lint & Format] [DEBUG] Digest: sha256:07eab7b7c5e74ce63c8faae6aa48543bc8bf25cc0e11f35e8d2e71f2177a2412 :: 
[Rust Helpers/Rust Lint & Format] [DEBUG] Status: Image is up to date for catthehacker/ubuntu:act-24.04 :: 
time="2025-08-17T18:45:54-07:00" level=debug msg="Parallel tasks (0) below minimum, setting to 1"
[Rust Helpers/Rust Lint & Format]   🐳  docker create image=catthehacker/ubuntu:act-24.04 platform=linux/amd64 entrypoint=["tail" "-f" "/dev/null"] cmd=[] network="host"
[Rust Helpers/Rust Lint & Format] [DEBUG] Common container.Config ==> &{Hostname: Domainname: User: AttachStdin:false AttachStdout:false AttachStderr:false ExposedPorts:map[] Tty:false OpenStdin:false StdinOnce:false Env:[RUNNER_TOOL_CACHE=/opt/hostedtoolcache RUNNER_OS=Linux RUNNER_ARCH=ARM64 RUNNER_TEMP=/tmp LANG=C.UTF-8] Cmd:[] Healthcheck:<nil> ArgsEscaped:false Image:catthehacker/ubuntu:act-24.04 Volumes:map[] WorkingDir:/REDACTED_ABS_PATH Entrypoint:[] NetworkDisabled:false MacAddress: OnBuild:[] Labels:map[] StopSignal: StopTimeout:<nil> Shell:[]}
[Rust Helpers/Rust Lint & Format] [DEBUG] Common container.HostConfig ==> &{Binds:[/REDACTED_ABS_PATH:/var/run/docker.sock /REDACTED_ABS_PATH:/REDACTED_ABS_PATH:delegated] ContainerIDFile: LogConfig:{Type: Config:map[]} NetworkMode:host PortBindings:map[] RestartPolicy:{Name: MaximumRetryCount:0} AutoRemove:false VolumeDriver: VolumesFrom:[] ConsoleSize:[0 0] Annotations:map[] CapAdd:[] CapDrop:[] CgroupnsMode: DNS:[] DNSOptions:[] DNSSearch:[] ExtraHosts:[] GroupAdd:[] IpcMode: Cgroup: Links:[] OomScoreAdj:0 PidMode: Privileged:false PublishAllPorts:false ReadonlyRootfs:false SecurityOpt:[] StorageOpt:map[] Tmpfs:map[] UTSMode: UsernsMode: ShmSize:0 Sysctls:map[] Runtime: Isolation: Resources:{CPUShares:0 Memory:0 NanoCPUs:0 CgroupParent: BlkioWeight:0 BlkioWeightDevice:[] BlkioDeviceReadBps:[] BlkioDeviceWriteBps:[] BlkioDeviceReadIOps:[] BlkioDeviceWriteIOps:[] CPUPeriod:0 CPUQuota:0 CPURealtimePeriod:0 CPURealtimeRuntime:0 CpusetCpus: CpusetMems: Devices:[] DeviceCgroupRules:[] DeviceRequests:[] KernelMemory:0 KernelMemoryTCP:0 MemoryReservation:0 MemorySwap:0 MemorySwappiness:<nil> OomKillDisable:<nil> PidsLimit:<nil> Ulimits:[] CPUCount:0 CPUPercent:0 IOMaximumIOps:0 IOMaximumBandwidth:0} Mounts:[{Type:volume Source:act-Rust-Helpers-Rust-Lint--Format-d1d84ed98755bb26cfa218ea9d56b6c272556cc5ae04a7c322b4a70998a6ac9e-env Target:/var/run/act ReadOnly:false Consistency: BindOptions:<nil> VolumeOptions:<nil> ImageOptions:<nil> TmpfsOptions:<nil> ClusterOptions:<nil>} {Type:volume Source:act-toolcache Target:/opt/hostedtoolcache ReadOnly:false Consistency: BindOptions:<nil> VolumeOptions:<nil> ImageOptions:<nil> TmpfsOptions:<nil> ClusterOptions:<nil>}] MaskedPaths:[] ReadonlyPaths:[] Init:<nil>}
[Rust Helpers/Rust Lint & Format] [DEBUG] input.NetworkAliases ==> [Rust Lint & Format]
[Rust Helpers/Rust Lint & Format] [DEBUG] Created container name=act-Rust-Helpers-Rust-Lint--Format-d1d84ed98755bb26cfa218ea9d56b6c272556cc5ae04a7c322b4a70998a6ac9e id=12f5c9262cc3231f985d49740414e570f6b5bb51d9b8401783267b969fc1c167 from image catthehacker/ubuntu:act-24.04 (platform: linux/amd64)
[Rust Helpers/Rust Lint & Format] [DEBUG] ENV ==> [RUNNER_TOOL_CACHE=/opt/hostedtoolcache RUNNER_OS=Linux RUNNER_ARCH=ARM64 RUNNER_TEMP=/tmp LANG=C.UTF-8]
[Rust Helpers/Rust Lint & Format]   🐳  docker run image=catthehacker/ubuntu:act-24.04 platform=linux/amd64 entrypoint=["tail" "-f" "/dev/null"] cmd=[] network="host"
[Rust Helpers/Rust Lint & Format] [DEBUG] Starting container: 12f5c9262cc3231f985d49740414e570f6b5bb51d9b8401783267b969fc1c167
[Rust Helpers/Rust Lint & Format] failed to start container: Error response from daemon: error while creating mount source path '/REDACTED_ABS_PATH': mkdir /REDACTED_ABS_PATH: operation not supported
[Rust Helpers/Rust Lint & Format]   ❌  Failure - Set up job
[Rust Helpers/Rust Lint & Format] 🏁  Job failed
Error: failed to start container: Error response from daemon: error while creating mount source path '/REDACTED_ABS_PATH': mkdir /REDACTED_ABS_PATH: operation not supported
