🦀🦀 📦 Building with Rs Builder + Rs Launcher
🦀🦀 ────────────────────────────────────────────────────────────────────────────────
🦀🦀 📝 Logging to: logs/pretaster-b_rs-l_rs.20251101_184553.log
{
  "name": "pretaster-combination",
  "version": "1.0.0",
  "description": "Simple test for builder/launcher combinations",
  "command": "/usr/bin/python3 {workenv}/scripts/combo_test.py",
  "environment": {},
  "package": {
    "name": "pretaster-combination",
    "version": "1.0.0",
    "description": "Simple test for builder/launcher combinations"
  },
  "format": "PSPF/2025",
  "slots": [
    {
      "slot": 0,
      "purpose": "payload",
      "lifecycle": "cached",
      "operations": "raw",
      "id": "combo-test-py",
      "source": "scripts/combo_test.py",
      "target": "scripts/combo_test.py",
      "permissions": "0755"
    }
  ],
  "execution": {
    "command": "/usr/bin/python3 {workenv}/scripts/combo_test.py",
    "args": [],
    "env": {},
    "primary_slot": 0
  }
}🦀 [2025-11-01T18:45:54Z INFO flavor::psp::format_2025::builder] 🦀🦀🦀 Hello from Flavor's Rust Builder 🦀🦀🦀
🦀 [2025-11-01T18:45:54Z INFO flavor::psp::format_2025::builder] PSPF Rust Builder starting...
🦀 [2025-11-01T18:45:54Z INFO flavor::psp::format_2025::builder] 🔨 Building PSPF/2025 package from: "configs/test-combination.json"
🦀 [2025-11-01T18:45:54Z TRACE flavor::psp::format_2025::builder] 🔍 Build options: BuildOptions { launcher_bin: Some("D:/a/flavorpack/flavorpack/dist/bin/flavor-rs-launcher-windows_amd64.exe"), skip_verification: false, private_key_path: None, public_key_path: None, key_seed: Some("test123"), workenv_base: None }
🦀 [2025-11-01T18:45:54Z TRACE flavor::psp::format_2025::builder] ✅ Manifest parsed in 62µs
🦀 [2025-11-01T18:45:54Z TRACE flavor::psp::format_2025::builder] 📄 Created output file: "dist/pretaster-rs-rs.psp"
🦀 [2025-11-01T18:45:54Z INFO flavor::psp::format_2025::builder] 🚀 Loading launcher: D:/a/flavorpack/flavorpack/dist/bin/flavor-rs-launcher-windows_amd64.exe
🦀 [2025-11-01T18:45:54Z INFO flavor::psp::format_2025::builder] 🔍 Launcher version: flavor-rs-launcher 0.3.0
🦀 [2025-11-01T18:45:54Z DEBUG flavor::psp::format_2025::pe_utils] Detected Rust launcher, pe_offset=0xe8
🦀 [2025-11-01T18:45:54Z TRACE flavor::psp::format_2025::pe_utils] PE binary has adequate DOS stub size: pe_offset=0xe8 (232 bytes)
🦀 [2025-11-01T18:45:54Z TRACE flavor::psp::format_2025::pe_utils] Rust launcher already has adequate DOS stub
🦀 [2025-11-01T18:45:54Z DEBUG flavor::psp::format_2025::builder] 🚀 Loaded and processed launcher: 1153536 bytes in 10.7362ms
🦀 [2025-11-01T18:45:54Z TRACE flavor::psp::format_2025::builder] ✍️ Wrote launcher in 322.9µs
🦀 [2025-11-01T18:45:54Z INFO flavor::psp::format_2025::keys] 🔑 Using seed-based key generation
🦀 [2025-11-01T18:45:54Z INFO flavor::psp::format_2025::keys] 🔑 Using seed-based key generation: seed_hash=6db8da2e476f5655
🦀 [2025-11-01T18:45:54Z TRACE flavor::psp::format_2025::builder] 📦 Creating PSPF/2025 index structure
🦀 [2025-11-01T18:45:54Z DEBUG flavor::psp::format_2025::builder] 📍 Data section starts at 0x11ba00 (after launcher 0x119a00 + index 512)
🦀 [2025-11-01T18:45:54Z DEBUG flavor::psp::format_2025::builder::slot_processor] 🎰 Processing 1 slots
🦀 [2025-11-01T18:45:54Z TRACE flavor::psp::format_2025::builder::slot_processor] 📖 Processing slot 0: scripts/combo_test.py
🦀 [2025-11-01T18:45:54Z INFO flavor::psp::format_2025::builder::slot_processor] 📍 Slot path has no {workenv}: scripts/combo_test.py
🦀 [2025-11-01T18:45:54Z INFO flavor::psp::format_2025::builder::slot_processor] Attempting to open slot file at: "scripts/combo_test.py"
🦀 [2025-11-01T18:45:54Z TRACE flavor::psp::format_2025::builder::slot_processor] 📊 Slot 0 size: 4791 bytes
🦀 [2025-11-01T18:45:54Z TRACE flavor::psp::format_2025::builder::slot_processor] ☑️ Checksums calculated in 1.3293ms
🦀 [2025-11-01T18:45:54Z INFO flavor::psp::format_2025::builder::slot_processor] Slot 0: SHA256 checksum: sha256:71182b7ea300b3e1456edbc21376ce0f77f1612c9ab4976a377e11941925ff81
🦀 [2025-11-01T18:45:54Z DEBUG flavor::psp::format_2025::builder::slot_processor] Slot 0: SHA256 u64 (first 8 bytes): e1b300a37e2b1871
🦀 [2025-11-01T18:45:54Z TRACE flavor::psp::format_2025::operations] 📦 Packing operations: count=0 operations=[]
🦀 [2025-11-01T18:45:54Z DEBUG flavor::psp::format_2025::operations] ✅ Operations packed: result=0
🦀 [2025-11-01T18:45:54Z DEBUG flavor::psp::format_2025::builder::slot_processor] 📍 Slot 0: combo-test-py size 4791 bytes, checksum e1b300a37e2b1871
🦀 [2025-11-01T18:45:54Z DEBUG flavor::psp::format_2025::builder::slot_processor] ✅ Processed 1 slots in 1.5029ms
🦀 [2025-11-01T18:45:54Z TRACE flavor::psp::format_2025::builder::metadata] 📝 Creating and signing metadata
🦀 [2025-11-01T18:45:54Z DEBUG flavor::psp::format_2025::builder::finalization] 📝 Writing metadata at position 0x11ba00
🦀 [2025-11-01T18:45:54Z DEBUG flavor::psp::format_2025::builder::finalization] 📝 Wrote metadata: start=0x11ba00, size=695, end=0x11bcb7
🦀 [2025-11-01T18:45:54Z DEBUG flavor::psp::format_2025::builder::finalization] 📍 Current position after metadata: 0x11bcb7
🦀 [2025-11-01T18:45:54Z DEBUG flavor::psp::format_2025::builder::finalization] 📍 Aligned descriptor table offset: 0x11bcb8 (aligned from 0x11bcb7)
🦀 [2025-11-01T18:45:54Z INFO flavor::psp::format_2025::builder::finalization] 🔍 Setting descriptor_offset to 0x11bcb8 for 1 descriptors
🦀 [2025-11-01T18:45:54Z DEBUG flavor::psp::format_2025::builder::finalization] 📊 Reserved 64 bytes for 1 descriptors at offset 0x11bcb8
🦀 [2025-11-01T18:45:54Z TRACE flavor::psp::format_2025::builder::finalization] 📦 Streaming slot data to output
🦀 [2025-11-01T18:45:54Z DEBUG flavor::psp::format_2025::builder::finalization] 📍 Wrote slot 0: offset=0x11bcf8, size=4791 bytes
🦀 [2025-11-01T18:45:54Z TRACE flavor::psp::format_2025::slots] 🦀 Packing checksum: value=e1b300a37e2b1871, bytes=[71, 18, 2b, 7e, a3, 00, b3, e1]
🦀 [2025-11-01T18:45:54Z TRACE flavor::psp::format_2025::builder::finalization] ✍️ Wrote 64-byte descriptor for slot 0
🦀 [2025-11-01T18:45:54Z DEBUG flavor::psp::format_2025::builder::finalization] 📋 Wrote 1 descriptors at offset 0x11bcb8
🦀 [2025-11-01T18:45:54Z TRACE flavor::psp::format_2025::builder::finalization] 🎬 Finalizing package with MagicTrailer
🦀 [2025-11-01T18:45:54Z INFO flavor::psp::format_2025::builder::finalization] ✅ Successfully built PSPF bundle: "dist/pretaster-rs-rs.psp"
🦀 [2025-11-01T18:45:54Z INFO flavor::psp::format_2025::builder::finalization]   Package: pretaster-combination v1.0.0
🦀 [2025-11-01T18:45:54Z INFO flavor::psp::format_2025::builder::finalization]   Launcher: D:/a/flavorpack/flavorpack/dist/bin/flavor-rs-launcher-windows_amd64.exe
🦀 [2025-11-01T18:45:54Z INFO flavor::psp::format_2025::builder::finalization]   Slots: 1
🦀 [2025-11-01T18:45:54Z INFO flavor::psp::format_2025::builder::finalization]   Size: 1175479 bytes
🦀🦀   ✅ Build successful: dist/pretaster-rs-rs.psp
🦀🦀
🦀🦀   🔍 Immediate .exe validation...
🦀🦀   ✅ Windows loaded .exe successfully
🦀🦀
🦀🦀   🔍 Validating PE header...
🦀🦀   ✅ Valid MZ signature (PE executable)
🦀🦀   📍 PE header offset: 0x000000e8 (raw bytes: e8000000)
🦀🦀   📄 File type: dist/pretaster-rs-rs.psp: PE32+ executable for MS Windows 6.00 (console), x86-64, 5 sections
🦀🦀
🦀🦀   Testing commands:
🦀🦀
🦀🦀   1️⃣ Testing 'info' command:
🦀🦀   ─────────────────────────
🦀🦀     🦀 [2025-11-01T18:45:55Z DEBUG flavor_rs_launcher] 🚀 Launcher process started
🦀🦀     🦀 [2025-11-01T18:45:55Z DEBUG flavor_rs_launcher] 📍 Executable path: "D:\\a\\flavorpack\\flavorpack\\tests\\pretaster\\dist\\pretaster-rs-rs.psp"
🦀🦀     🦀 [2025-11-01T18:45:55Z DEBUG flavor_rs_launcher] 🚀 Attempting to launch package: "D:\\a\\flavorpack\\flavorpack\\tests\\pretaster\\dist\\pretaster-rs-rs.psp"
🦀🦀     🦀 [2025-11-01T18:45:55Z INFO flavor::psp::format_2025::launcher] 🦀🦀🦀 Hello from Flavor's Rust Launcher 🦀🦀🦀
🦀🦀     🦀 [2025-11-01T18:45:55Z INFO flavor::psp::format_2025::launcher] PSPF Rust Launcher starting...
🦀🦀     🦀 [2025-11-01T18:45:55Z DEBUG flavor::psp::format_2025::launcher] 📖 Reading PSPF bundle
🦀🦀     🦀 [2025-11-01T18:45:55Z DEBUG flavor::psp::format_2025::backends] 📁 File backend opened D:\a\flavorpack\flavorpack\tests\pretaster\dist\pretaster-rs-rs.psp (1175479 bytes) in 22.9µs
🦀🦀     🦀 [2025-11-01T18:45:55Z DEBUG flavor::psp::format_2025::reader] Trailer size: 8200, file size: 1175479 bytes
🦀🦀     🦀 [2025-11-01T18:45:55Z DEBUG flavor::psp::format_2025::index] Raw bytes at offset 24-32 (metadata_offset): [00, ba, 11, 00, 00, 00, 00, 00]
🦀🦀     🦀 [2025-11-01T18:45:55Z DEBUG flavor::psp::format_2025::index] Raw bytes at offset 32-40 (metadata_size): [b7, 02, 00, 00, 00, 00, 00, 00]
🦀🦀     🦀 [2025-11-01T18:45:55Z DEBUG flavor::psp::format_2025::index] Parsed metadata_offset: 0x000000000011ba00 (1161728)
🦀🦀     🦀 [2025-11-01T18:45:55Z DEBUG flavor::psp::format_2025::index] Parsed metadata_size: 695 bytes
🦀🦀     🦀 [2025-11-01T18:45:55Z DEBUG flavor::psp::format_2025::reader] Parsed index values:
🦀🦀     🦀 [2025-11-01T18:45:55Z DEBUG flavor::psp::format_2025::reader]   package_size: 1175479
🦀🦀     🦀 [2025-11-01T18:45:55Z DEBUG flavor::psp::format_2025::reader]   launcher_size: 1153536
🦀🦀     🦀 [2025-11-01T18:45:55Z DEBUG flavor::psp::format_2025::reader]   metadata_offset: 0x000000000011ba00 (1161728)
🦀🦀     🦀 [2025-11-01T18:45:55Z DEBUG flavor::psp::format_2025::reader]   metadata_size: 695 bytes
🦀🦀     🦀 [2025-11-01T18:45:55Z DEBUG flavor::psp::format_2025::reader]   slot_table_offset: 0x000000000011bcb8
🦀🦀     🦀 [2025-11-01T18:45:55Z DEBUG flavor::psp::format_2025::reader]   slot_count: 1
🦀🦀     🦀 [2025-11-01T18:45:55Z DEBUG flavor::psp::format_2025::index] Checksum bytes in index: 57 42 76 da
🦀🦀     🦀 [2025-11-01T18:45:55Z DEBUG flavor::psp::format_2025::index] First 72 bytes of index (with checksum zeroed):
🦀🦀     🦀 [2025-11-01T18:45:55Z DEBUG flavor::psp::format_2025::index]   0000: 01 00 25 20 00 00 00 00 b7 ef 11 00 00 00 00 00 
🦀🦀     🦀 [2025-11-01T18:45:55Z DEBUG flavor::psp::format_2025::index]   0010: 00 9a 11 00 00 00 00 00 00 ba 11 00 00 00 00 00 
🦀🦀     🦀 [2025-11-01T18:45:55Z DEBUG flavor::psp::format_2025::index]   0020: b7 02 00 00 00 00 00 00 b8 bc 11 00 00 00 00 00 
🦀🦀     🦀 [2025-11-01T18:45:55Z DEBUG flavor::psp::format_2025::index]   0030: 40 00 00 00 00 00 00 00 01 00 00 00 00 00 00 00 
🦀🦀     🦀 [2025-11-01T18:45:55Z DEBUG flavor::psp::format_2025::index]   0040: d2 73 67 ba 3d 43 64 63 
🦀🦀     🦀 [2025-11-01T18:45:55Z DEBUG flavor::psp::format_2025::index] Checksum verification - Expected: 3665183319 (0xda764257), Calculated: 3665183319 (0xda764257)
🦀🦀     🦀 [2025-11-01T18:45:55Z DEBUG flavor::psp::format_2025::reader] Index loaded in 204µs
🦀🦀     🦀 [2025-11-01T18:45:55Z DEBUG flavor::psp::format_2025::launcher] 🔍 Verifying package integrity (level: Standard)
🦀🦀     🦀 [2025-11-01T18:45:55Z INFO flavor::psp::format_2025::verifier] Verifying PSPF/2025 package: "D:\\a\\flavorpack\\flavorpack\\tests\\pretaster\\dist\\pretaster-rs-rs.psp"
🦀🦀     🦀 [2025-11-01T18:45:55Z DEBUG flavor::psp::format_2025::backends] 📁 File backend opened D:\a\flavorpack\flavorpack\tests\pretaster\dist\pretaster-rs-rs.psp (1175479 bytes) in 12.4µs
🦀🦀     🦀 [2025-11-01T18:45:55Z DEBUG flavor::psp::format_2025::reader] Trailer size: 8200, file size: 1175479 bytes
🦀🦀     🦀 [2025-11-01T18:45:55Z DEBUG flavor::psp::format_2025::index] Raw bytes at offset 24-32 (metadata_offset): [00, ba, 11, 00, 00, 00, 00, 00]
🦀🦀     🦀 [2025-11-01T18:45:55Z DEBUG flavor::psp::format_2025::index] Raw bytes at offset 32-40 (metadata_size): [b7, 02, 00, 00, 00, 00, 00, 00]
🦀🦀     🦀 [2025-11-01T18:45:55Z DEBUG flavor::psp::format_2025::index] Parsed metadata_offset: 0x000000000011ba00 (1161728)
🦀🦀     🦀 [2025-11-01T18:45:55Z DEBUG flavor::psp::format_2025::index] Parsed metadata_size: 695 bytes
🦀🦀     🦀 [2025-11-01T18:45:55Z DEBUG flavor::psp::format_2025::reader] Parsed index values:
🦀🦀     🦀 [2025-11-01T18:45:55Z DEBUG flavor::psp::format_2025::reader]   package_size: 1175479
🦀🦀     🦀 [2025-11-01T18:45:55Z DEBUG flavor::psp::format_2025::reader]   launcher_size: 1153536
🦀🦀     🦀 [2025-11-01T18:45:55Z DEBUG flavor::psp::format_2025::reader]   metadata_offset: 0x000000000011ba00 (1161728)
🦀🦀     🦀 [2025-11-01T18:45:55Z DEBUG flavor::psp::format_2025::reader]   metadata_size: 695 bytes
🦀🦀     🦀 [2025-11-01T18:45:55Z DEBUG flavor::psp::format_2025::reader]   slot_table_offset: 0x000000000011bcb8
🦀🦀     🦀 [2025-11-01T18:45:55Z DEBUG flavor::psp::format_2025::reader]   slot_count: 1
🦀🦀     🦀 [2025-11-01T18:45:55Z DEBUG flavor::psp::format_2025::index] Checksum bytes in index: 57 42 76 da
🦀🦀     🦀 [2025-11-01T18:45:55Z DEBUG flavor::psp::format_2025::index] First 72 bytes of index (with checksum zeroed):
🦀🦀     🦀 [2025-11-01T18:45:55Z DEBUG flavor::psp::format_2025::index]   0000: 01 00 25 20 00 00 00 00 b7 ef 11 00 00 00 00 00 
🦀🦀     🦀 [2025-11-01T18:45:55Z DEBUG flavor::psp::format_2025::index]   0010: 00 9a 11 00 00 00 00 00 00 ba 11 00 00 00 00 00 
🦀🦀     🦀 [2025-11-01T18:45:55Z DEBUG flavor::psp::format_2025::index]   0020: b7 02 00 00 00 00 00 00 b8 bc 11 00 00 00 00 00 
🦀🦀     🦀 [2025-11-01T18:45:55Z DEBUG flavor::psp::format_2025::index]   0030: 40 00 00 00 00 00 00 00 01 00 00 00 00 00 00 00 
🦀🦀     🦀 [2025-11-01T18:45:55Z DEBUG flavor::psp::format_2025::index]   0040: d2 73 67 ba 3d 43 64 63 
🦀🦀     🦀 [2025-11-01T18:45:55Z DEBUG flavor::psp::format_2025::index] Checksum verification - Expected: 3665183319 (0xda764257), Calculated: 3665183319 (0xda764257)
🦀🦀     🦀 [2025-11-01T18:45:55Z DEBUG flavor::psp::format_2025::reader] Index loaded in 129.7µs
🦀🦀     🦀 [2025-11-01T18:45:55Z DEBUG flavor::psp::format_2025::reader] 📖 Reading metadata from offset 0x11ba00, size 695 bytes
🦀🦀     🦀 [2025-11-01T18:45:55Z DEBUG flavor::psp::format_2025::reader] ✅ Successfully parsed metadata for pretaster-combination v1.0.0
🦀🦀     🦀 [2025-11-01T18:45:55Z DEBUG flavor::psp::format_2025::verifier] Index checksum: ✅ VALID
🦀🦀     🦀 [2025-11-01T18:45:55Z DEBUG flavor::psp::format_2025::verifier] Metadata checksum: ✅ VALID
🦀🦀     🦀 [2025-11-01T18:45:55Z DEBUG flavor::psp::format_2025::verifier] Package size: ✅ VALID
🦀🦀     🦀 [2025-11-01T18:45:55Z DEBUG flavor::psp::format_2025::verifier] ✅ Signature verification successful
🦀🦀     🦀 [2025-11-01T18:45:55Z DEBUG flavor::psp::format_2025::verifier] Integrity seal: ✅ VALID
🦀🦀     🦀 [2025-11-01T18:45:55Z DEBUG flavor::psp::format_2025::verifier] Trailing magic: ✅ VALID
🦀🦀     🦀 [2025-11-01T18:45:55Z DEBUG flavor::psp::format_2025::verifier] 🔍 Verification results: index_checksum=true, metadata_checksum=true, size=true, integrity_seal=true, trailing_magic=true
🦀🦀     🦀 [2025-11-01T18:45:55Z DEBUG flavor::psp::format_2025::launcher] ✅ Package integrity verified
🦀🦀     🦀 [2025-11-01T18:45:55Z DEBUG flavor::psp::format_2025::reader] 📖 Reading metadata from offset 0x11ba00, size 695 bytes
🦀🦀     🦀 [2025-11-01T18:45:55Z DEBUG flavor::psp::format_2025::reader] ✅ Successfully parsed metadata for pretaster-combination v1.0.0
🦀🦀     🦀 [2025-11-01T18:45:55Z INFO flavor::psp::format_2025::launcher] 📦 Package: pretaster-combination v1.0.0
🦀🦀     🦀 [2025-11-01T18:45:55Z INFO flavor::psp::format_2025::launcher] 🕐 Package built: 2025-11-01T18:45:54.385930200+00:00 with flavor-rs v0.0.1029
🦀🦀     🦀 [2025-11-01T18:45:55Z DEBUG flavor::psp::format_2025::launcher] 🎯 Primary slot: 0
🦀🦀     🦀 [2025-11-01T18:45:55Z DEBUG flavor::psp::format_2025::launcher] 🔧 Command: /usr/bin/python3 {workenv}/scripts/combo_test.py
🦀🦀     🦀 [2025-11-01T18:45:55Z INFO flavor::psp::format_2025::launcher] 📁 Work environment: "C:\\Users\\runneradmin\\.cache/flavor\\workenv\\pretaster-rs-rs"
🦀🦀     🦀 [2025-11-01T18:45:55Z DEBUG flavor::psp::format_2025::launcher] 🔍 Checking cache validity
🦀🦀     🦀 [2025-11-01T18:45:55Z DEBUG flavor::psp::format_2025::execution::validation] 🔍 No extraction completion marker found
🦀🦀     🦀 [2025-11-01T18:45:55Z INFO flavor::psp::format_2025::launcher] ❌ Cache invalid, will extract
🦀🦀     🦀 [2025-11-01T18:45:55Z WARN flavor::psp::format_2025::launcher::workenv] ⚠️ Disk space check not implemented for this platform
🦀🦀     🦀 [2025-11-01T18:45:55Z DEBUG flavor::psp::format_2025::locking] 🔒 Acquired extraction lock (PID: 5708)
🦀🦀     🦀 [2025-11-01T18:45:55Z INFO flavor::psp::format_2025::launcher] 📁 Created temporary extraction directory: "C:\\Users\\runneradmin\\.cache/flavor\\workenv\\.pretaster-rs-rs.pspf\\tmp\\5708"
🦀🦀     🦀 [2025-11-01T18:45:55Z DEBUG flavor::psp::format_2025::launcher::extraction] 📖 Reading metadata for slot extraction
🦀🦀     🦀 [2025-11-01T18:45:55Z INFO flavor::psp::format_2025::launcher::extraction] 📤 Extracting 1 slots...
🦀🦀     🦀 [2025-11-01T18:45:55Z DEBUG flavor::psp::format_2025::launcher::extraction] 📦 Extracting slot 0: combo-test-py (4791 bytes)
🦀🦀     🦀 [2025-11-01T18:45:55Z DEBUG flavor::psp::format_2025::launcher::extraction]   Source: scripts/combo_test.py
🦀🦀     🦀 [2025-11-01T18:45:55Z DEBUG flavor::psp::format_2025::launcher::extraction]   Target: scripts/combo_test.py
🦀🦀     🦀 [2025-11-01T18:45:55Z DEBUG flavor::psp::format_2025::launcher::extraction]   Lifecycle: cached
🦀🦀     🦀 [2025-11-01T18:45:55Z DEBUG flavor::psp::format_2025::launcher::extraction]   Permissions: Some("0755")
🦀🦀     [1/1] Extracting combo-test-py...
🦀🦀     🦀 [2025-11-01T18:45:55Z DEBUG flavor::psp::format_2025::reader] 📊 Reading 1 slot descriptors from offset 0x11bcb8
🦀🦀     🦀 [2025-11-01T18:45:55Z DEBUG flavor::psp::format_2025::operations] ✅ Operations unpacked: count=0 operations=[]
🦀🦀     🦀 [2025-11-01T18:45:55Z DEBUG flavor::psp::format_2025::extraction] 🎯 Slot 0 operations: 'raw', purpose: 'payload', id: 'combo-test-py'
🦀🦀     🦀 [2025-11-01T18:45:55Z DEBUG flavor::psp::format_2025::extraction] 📝 Writing single gzipped file directly to "C:\\Users\\runneradmin\\.cache/flavor\\workenv\\.pretaster-rs-rs.pspf\\tmp\\5708\\scripts/combo_test.py"
🦀🦀     🦀 [2025-11-01T18:45:55Z DEBUG flavor::psp::format_2025::extraction] 📁 Creating parent directory for single file: "C:\\Users\\runneradmin\\.cache/flavor\\workenv\\.pretaster-rs-rs.pspf\\tmp\\5708\\scripts"
🦀🦀     🦀 [2025-11-01T18:45:55Z DEBUG flavor::psp::format_2025::extraction] ✅ Created parent directory: "C:\\Users\\runneradmin\\.cache/flavor\\workenv\\.pretaster-rs-rs.pspf\\tmp\\5708\\scripts"
🦀🦀     🦀 [2025-11-01T18:45:55Z DEBUG flavor::psp::format_2025::extraction] 📝 Writing 4791 bytes to file: "C:\\Users\\runneradmin\\.cache/flavor\\workenv\\.pretaster-rs-rs.pspf\\tmp\\5708\\scripts/combo_test.py"
🦀🦀     🦀 [2025-11-01T18:45:55Z DEBUG flavor::psp::format_2025::extraction] ✅ Successfully wrote file: "C:\\Users\\runneradmin\\.cache/flavor\\workenv\\.pretaster-rs-rs.pspf\\tmp\\5708\\scripts/combo_test.py"
🦀🦀     🦀 [2025-11-01T18:45:55Z DEBUG flavor::psp::format_2025::launcher::extraction] ✅ Extracted to: "C:\\Users\\runneradmin\\.cache/flavor\\workenv\\.pretaster-rs-rs.pspf\\tmp\\5708\\scripts/combo_test.py"
🦀🦀     🦀 [2025-11-01T18:45:55Z DEBUG flavor::psp::format_2025::launcher] 📝 Wrote metadata to "C:\\Users\\runneradmin\\.cache/flavor\\workenv\\.pretaster-rs-rs.pspf\\package\\psp.json"
🦀🦀     🦀 [2025-11-01T18:45:55Z INFO flavor::psp::format_2025::launcher] 🔄 Moving extracted content to final location...
🦀🦀     🦀 [2025-11-01T18:45:55Z DEBUG flavor::psp::format_2025::launcher] Moving "C:\\Users\\runneradmin\\.cache/flavor\\workenv\\.pretaster-rs-rs.pspf\\tmp\\5708\\scripts" to "C:\\Users\\runneradmin\\.cache/flavor\\workenv\\pretaster-rs-rs\\scripts"
🦀🦀     🦀 [2025-11-01T18:45:55Z DEBUG flavor::psp::format_2025::execution::validation] 💾 Saved index metadata to "C:\\Users\\runneradmin\\.cache/flavor\\workenv\\.pretaster-rs-rs.pspf\\instance\\index.json"
🦀🦀     🦀 [2025-11-01T18:45:55Z DEBUG flavor::psp::format_2025::locking] ✅ Marked extraction as complete
🦀🦀     🦀 [2025-11-01T18:45:55Z DEBUG flavor::psp::format_2025::execution::validation] 💾 Saved package checksum: da764257
🦀🦀     🦀 [2025-11-01T18:45:55Z DEBUG flavor::psp::format_2025::locking] 🔓 Released extraction lock
🦀🦀     🦀 [2025-11-01T18:45:55Z DEBUG flavor::psp::format_2025::launcher::command] 🎯 Final command: /usr/bin/python3 C:\Users\runneradmin\.cache/flavor\workenv\pretaster-rs-rs/scripts/combo_test.py
🦀🦀     🦀 [2025-11-01T18:45:55Z DEBUG flavor::psp::format_2025::launcher::command] 🔍 Resolved executable '/usr/bin/python3' to 'C:\hostedtoolcache\windows\Python\3.9.13\x64\python3.exe'
🦀🦀     🦀 [2025-11-01T18:45:55Z DEBUG flavor::psp::format_2025::launcher::command] 🗂️ Setting FLAVOR_CACHE to HOST cache: C:\Users\runneradmin/.cache/flavor/workenv
🦀🦀     🦀 [2025-11-01T18:45:55Z DEBUG flavor::psp::format_2025::launcher] 🔄 Using exec mode - process will be replaced
🦀🦀     🦀 [2025-11-01T18:45:55Z DEBUG flavor::psp::format_2025::launcher] 📝 exec() not available on this platform, using spawn mode
🦀🦀     🦀 [2025-11-01T18:45:55Z DEBUG flavor::psp::format_2025::launcher] 👶 Using spawn mode - child process
🦀🦀     🦀 [2025-11-01T18:45:55Z INFO flavor::psp::format_2025::launcher] 🚀 Spawning: C:\hostedtoolcache\windows\Python\3.9.13\x64\python3.exe
🦀🦀       Package: pretaster-combination
🦀🦀       Version: 1.0.0
🦀🦀       Python: C:\hostedtoolcache\windows\Python\3.9.13\x64\python3.exe
🦀🦀       Workenv: C:\Users\runneradmin\.cache/flavor\workenv\pretaster-rs-rs
🦀🦀     🦀 [2025-11-01T18:45:55Z DEBUG flavor_rs_launcher] ✅ Package launched successfully, exit code: 0
🦀🦀   ✅ info test passed
🦀🦀
🦀🦀   2️⃣ Testing 'env' command:
🦀🦀   ─────────────────────────
🦀🦀     🦀 [2025-11-01T18:45:55Z DEBUG flavor_rs_launcher] 🚀 Launcher process started
🦀🦀     🦀 [2025-11-01T18:45:55Z DEBUG flavor_rs_launcher] 📍 Executable path: "D:\\a\\flavorpack\\flavorpack\\tests\\pretaster\\dist\\pretaster-rs-rs.psp"
🦀🦀     🦀 [2025-11-01T18:45:55Z DEBUG flavor_rs_launcher] 🚀 Attempting to launch package: "D:\\a\\flavorpack\\flavorpack\\tests\\pretaster\\dist\\pretaster-rs-rs.psp"
🦀🦀     🦀 [2025-11-01T18:45:55Z INFO flavor::psp::format_2025::launcher] 🦀🦀🦀 Hello from Flavor's Rust Launcher 🦀🦀🦀
🦀🦀     🦀 [2025-11-01T18:45:55Z INFO flavor::psp::format_2025::launcher] PSPF Rust Launcher starting...
🦀🦀     🦀 [2025-11-01T18:45:55Z DEBUG flavor::psp::format_2025::launcher] 📖 Reading PSPF bundle
🦀🦀     🦀 [2025-11-01T18:45:55Z DEBUG flavor::psp::format_2025::backends] 📁 File backend opened D:\a\flavorpack\flavorpack\tests\pretaster\dist\pretaster-rs-rs.psp (1175479 bytes) in 15.8µs
🦀🦀     🦀 [2025-11-01T18:45:55Z DEBUG flavor::psp::format_2025::reader] Trailer size: 8200, file size: 1175479 bytes
🦀🦀     🦀 [2025-11-01T18:45:55Z DEBUG flavor::psp::format_2025::index] Raw bytes at offset 24-32 (metadata_offset): [00, ba, 11, 00, 00, 00, 00, 00]
🦀🦀     🦀 [2025-11-01T18:45:55Z DEBUG flavor::psp::format_2025::index] Raw bytes at offset 32-40 (metadata_size): [b7, 02, 00, 00, 00, 00, 00, 00]
🦀🦀   ✅ env test passed
🦀🦀
🦀🦀   3️⃣ Testing 'argv' with arguments:
🦀🦀   ─────────────────────────
🦀🦀     🦀 [2025-11-01T18:45:56Z DEBUG flavor_rs_launcher] 🚀 Launcher process started
🦀🦀     🦀 [2025-11-01T18:45:56Z DEBUG flavor_rs_launcher] 📍 Executable path: "D:\\a\\flavorpack\\flavorpack\\tests\\pretaster\\dist\\pretaster-rs-rs.psp"
🦀🦀     🦀 [2025-11-01T18:45:56Z DEBUG flavor_rs_launcher] 🚀 Attempting to launch package: "D:\\a\\flavorpack\\flavorpack\\tests\\pretaster\\dist\\pretaster-rs-rs.psp"
🦀🦀     🦀 [2025-11-01T18:45:56Z INFO flavor::psp::format_2025::launcher] 🦀🦀🦀 Hello from Flavor's Rust Launcher 🦀🦀🦀
🦀🦀     🦀 [2025-11-01T18:45:56Z INFO flavor::psp::format_2025::launcher] PSPF Rust Launcher starting...
🦀🦀     🦀 [2025-11-01T18:45:56Z DEBUG flavor::psp::format_2025::launcher] 📖 Reading PSPF bundle
🦀🦀     🦀 [2025-11-01T18:45:56Z DEBUG flavor::psp::format_2025::backends] 📁 File backend opened D:\a\flavorpack\flavorpack\tests\pretaster\dist\pretaster-rs-rs.psp (1175479 bytes) in 15.3µs
🦀🦀     🦀 [2025-11-01T18:45:56Z DEBUG flavor::psp::format_2025::reader] Trailer size: 8200, file size: 1175479 bytes
🦀🦀     🦀 [2025-11-01T18:45:56Z DEBUG flavor::psp::format_2025::index] Raw bytes at offset 24-32 (metadata_offset): [00, ba, 11, 00, 00, 00, 00, 00]
🦀🦀     🦀 [2025-11-01T18:45:56Z DEBUG flavor::psp::format_2025::index] Raw bytes at offset 32-40 (metadata_size): [b7, 02, 00, 00, 00, 00, 00, 00]
🦀🦀     🦀 [2025-11-01T18:45:56Z DEBUG flavor::psp::format_2025::index] Parsed metadata_offset: 0x000000000011ba00 (1161728)
🦀🦀     🦀 [2025-11-01T18:45:56Z DEBUG flavor::psp::format_2025::index] Parsed metadata_size: 695 bytes
🦀🦀     🦀 [2025-11-01T18:45:56Z DEBUG flavor::psp::format_2025::reader] Parsed index values:
🦀🦀     🦀 [2025-11-01T18:45:56Z DEBUG flavor::psp::format_2025::reader]   package_size: 1175479
🦀🦀     🦀 [2025-11-01T18:45:56Z DEBUG flavor::psp::format_2025::reader]   launcher_size: 1153536
🦀🦀     🦀 [2025-11-01T18:45:56Z DEBUG flavor::psp::format_2025::reader]   metadata_offset: 0x000000000011ba00 (1161728)
🦀🦀     🦀 [2025-11-01T18:45:56Z DEBUG flavor::psp::format_2025::reader]   metadata_size: 695 bytes
🦀🦀     🦀 [2025-11-01T18:45:56Z DEBUG flavor::psp::format_2025::reader]   slot_table_offset: 0x000000000011bcb8
🦀🦀     🦀 [2025-11-01T18:45:56Z DEBUG flavor::psp::format_2025::reader]   slot_count: 1
🦀🦀     🦀 [2025-11-01T18:45:56Z DEBUG flavor::psp::format_2025::index] Checksum bytes in index: 57 42 76 da
🦀🦀     🦀 [2025-11-01T18:45:56Z DEBUG flavor::psp::format_2025::index] First 72 bytes of index (with checksum zeroed):
🦀🦀     🦀 [2025-11-01T18:45:56Z DEBUG flavor::psp::format_2025::index]   0000: 01 00 25 20 00 00 00 00 b7 ef 11 00 00 00 00 00 
🦀🦀     🦀 [2025-11-01T18:45:56Z DEBUG flavor::psp::format_2025::index]   0010: 00 9a 11 00 00 00 00 00 00 ba 11 00 00 00 00 00 
🦀🦀     🦀 [2025-11-01T18:45:56Z DEBUG flavor::psp::format_2025::index]   0020: b7 02 00 00 00 00 00 00 b8 bc 11 00 00 00 00 00 
🦀🦀     🦀 [2025-11-01T18:45:56Z DEBUG flavor::psp::format_2025::index]   0030: 40 00 00 00 00 00 00 00 01 00 00 00 00 00 00 00 
🦀🦀     🦀 [2025-11-01T18:45:56Z DEBUG flavor::psp::format_2025::index]   0040: d2 73 67 ba 3d 43 64 63 
🦀🦀     🦀 [2025-11-01T18:45:56Z DEBUG flavor::psp::format_2025::index] Checksum verification - Expected: 3665183319 (0xda764257), Calculated: 3665183319 (0xda764257)
🦀🦀     🦀 [2025-11-01T18:45:56Z DEBUG flavor::psp::format_2025::reader] Index loaded in 188.9µs
🦀🦀     🦀 [2025-11-01T18:45:56Z DEBUG flavor::psp::format_2025::launcher] 🔍 Verifying package integrity (level: Standard)
🦀🦀     🦀 [2025-11-01T18:45:56Z INFO flavor::psp::format_2025::verifier] Verifying PSPF/2025 package: "D:\\a\\flavorpack\\flavorpack\\tests\\pretaster\\dist\\pretaster-rs-rs.psp"
🦀🦀     🦀 [2025-11-01T18:45:56Z DEBUG flavor::psp::format_2025::backends] 📁 File backend opened D:\a\flavorpack\flavorpack\tests\pretaster\dist\pretaster-rs-rs.psp (1175479 bytes) in 12.1µs
🦀🦀     🦀 [2025-11-01T18:45:56Z DEBUG flavor::psp::format_2025::reader] Trailer size: 8200, file size: 1175479 bytes
🦀🦀     🦀 [2025-11-01T18:45:56Z DEBUG flavor::psp::format_2025::index] Raw bytes at offset 24-32 (metadata_offset): [00, ba, 11, 00, 00, 00, 00, 00]
🦀🦀     🦀 [2025-11-01T18:45:56Z DEBUG flavor::psp::format_2025::index] Raw bytes at offset 32-40 (metadata_size): [b7, 02, 00, 00, 00, 00, 00, 00]
🦀🦀     🦀 [2025-11-01T18:45:56Z DEBUG flavor::psp::format_2025::index] Parsed metadata_offset: 0x000000000011ba00 (1161728)
🦀🦀     🦀 [2025-11-01T18:45:56Z DEBUG flavor::psp::format_2025::index] Parsed metadata_size: 695 bytes
🦀🦀     🦀 [2025-11-01T18:45:56Z DEBUG flavor::psp::format_2025::reader] Parsed index values:
🦀🦀     🦀 [2025-11-01T18:45:56Z DEBUG flavor::psp::format_2025::reader]   package_size: 1175479
🦀🦀     🦀 [2025-11-01T18:45:56Z DEBUG flavor::psp::format_2025::reader]   launcher_size: 1153536
🦀🦀     🦀 [2025-11-01T18:45:56Z DEBUG flavor::psp::format_2025::reader]   metadata_offset: 0x000000000011ba00 (1161728)
🦀🦀     🦀 [2025-11-01T18:45:56Z DEBUG flavor::psp::format_2025::reader]   metadata_size: 695 bytes
🦀🦀     🦀 [2025-11-01T18:45:56Z DEBUG flavor::psp::format_2025::reader]   slot_table_offset: 0x000000000011bcb8
🦀🦀     🦀 [2025-11-01T18:45:56Z DEBUG flavor::psp::format_2025::reader]   slot_count: 1
🦀🦀     🦀 [2025-11-01T18:45:56Z DEBUG flavor::psp::format_2025::index] Checksum bytes in index: 57 42 76 da
🦀🦀     🦀 [2025-11-01T18:45:56Z DEBUG flavor::psp::format_2025::index] First 72 bytes of index (with checksum zeroed):
🦀🦀     🦀 [2025-11-01T18:45:56Z DEBUG flavor::psp::format_2025::index]   0000: 01 00 25 20 00 00 00 00 b7 ef 11 00 00 00 00 00 
🦀🦀     🦀 [2025-11-01T18:45:56Z DEBUG flavor::psp::format_2025::index]   0010: 00 9a 11 00 00 00 00 00 00 ba 11 00 00 00 00 00 
🦀🦀     🦀 [2025-11-01T18:45:56Z DEBUG flavor::psp::format_2025::index]   0020: b7 02 00 00 00 00 00 00 b8 bc 11 00 00 00 00 00 
🦀🦀     🦀 [2025-11-01T18:45:56Z DEBUG flavor::psp::format_2025::index]   0030: 40 00 00 00 00 00 00 00 01 00 00 00 00 00 00 00 
🦀🦀     🦀 [2025-11-01T18:45:56Z DEBUG flavor::psp::format_2025::index]   0040: d2 73 67 ba 3d 43 64 63 
🦀🦀     🦀 [2025-11-01T18:45:56Z DEBUG flavor::psp::format_2025::index] Checksum verification - Expected: 3665183319 (0xda764257), Calculated: 3665183319 (0xda764257)
🦀🦀     🦀 [2025-11-01T18:45:56Z DEBUG flavor::psp::format_2025::reader] Index loaded in 122.8µs
🦀🦀     🦀 [2025-11-01T18:45:56Z DEBUG flavor::psp::format_2025::reader] 📖 Reading metadata from offset 0x11ba00, size 695 bytes
🦀🦀     🦀 [2025-11-01T18:45:56Z DEBUG flavor::psp::format_2025::reader] ✅ Successfully parsed metadata for pretaster-combination v1.0.0
🦀🦀     🦀 [2025-11-01T18:45:56Z DEBUG flavor::psp::format_2025::verifier] Index checksum: ✅ VALID
🦀🦀     🦀 [2025-11-01T18:45:56Z DEBUG flavor::psp::format_2025::verifier] Metadata checksum: ✅ VALID
🦀🦀     🦀 [2025-11-01T18:45:56Z DEBUG flavor::psp::format_2025::verifier] Package size: ✅ VALID
🦀🦀     🦀 [2025-11-01T18:45:56Z DEBUG flavor::psp::format_2025::verifier] ✅ Signature verification successful
🦀🦀     🦀 [2025-11-01T18:45:56Z DEBUG flavor::psp::format_2025::verifier] Integrity seal: ✅ VALID
🦀🦀     🦀 [2025-11-01T18:45:56Z DEBUG flavor::psp::format_2025::verifier] Trailing magic: ✅ VALID
🦀🦀     🦀 [2025-11-01T18:45:56Z DEBUG flavor::psp::format_2025::verifier] 🔍 Verification results: index_checksum=true, metadata_checksum=true, size=true, integrity_seal=true, trailing_magic=true
🦀🦀     🦀 [2025-11-01T18:45:56Z DEBUG flavor::psp::format_2025::launcher] ✅ Package integrity verified
🦀🦀     🦀 [2025-11-01T18:45:56Z DEBUG flavor::psp::format_2025::reader] 📖 Reading metadata from offset 0x11ba00, size 695 bytes
🦀🦀     🦀 [2025-11-01T18:45:56Z DEBUG flavor::psp::format_2025::reader] ✅ Successfully parsed metadata for pretaster-combination v1.0.0
🦀🦀     🦀 [2025-11-01T18:45:56Z INFO flavor::psp::format_2025::launcher] 📦 Package: pretaster-combination v1.0.0
🦀🦀     🦀 [2025-11-01T18:45:56Z INFO flavor::psp::format_2025::launcher] 🕐 Package built: 2025-11-01T18:45:54.385930200+00:00 with flavor-rs v0.0.1029
🦀🦀     🦀 [2025-11-01T18:45:56Z DEBUG flavor::psp::format_2025::launcher] 🎯 Primary slot: 0
🦀🦀     🦀 [2025-11-01T18:45:56Z DEBUG flavor::psp::format_2025::launcher] 🔧 Command: /usr/bin/python3 {workenv}/scripts/combo_test.py
🦀🦀     🦀 [2025-11-01T18:45:56Z INFO flavor::psp::format_2025::launcher] 📁 Work environment: "C:\\Users\\runneradmin\\.cache/flavor\\workenv\\pretaster-rs-rs"
🦀🦀     🦀 [2025-11-01T18:45:56Z DEBUG flavor::psp::format_2025::launcher] 🔍 Checking cache validity
🦀🦀     🦀 [2025-11-01T18:45:56Z DEBUG flavor::psp::format_2025::execution::validation] ✅ Package checksum matches cached version: da764257
🦀🦀     🦀 [2025-11-01T18:45:56Z INFO flavor::psp::format_2025::launcher] ✅ Cache is valid, skipping extraction
🦀🦀     🦀 [2025-11-01T18:45:56Z INFO flavor::psp::format_2025::launcher] ✅ Work environment is valid, skipping extraction and setup
🦀🦀     🦀 [2025-11-01T18:45:56Z DEBUG flavor::psp::format_2025::launcher::command] 🎯 Final command: /usr/bin/python3 C:\Users\runneradmin\.cache/flavor\workenv\pretaster-rs-rs/scripts/combo_test.py
🦀🦀     🦀 [2025-11-01T18:45:56Z DEBUG flavor::psp::format_2025::launcher::command] 🔍 Resolved executable '/usr/bin/python3' to 'C:\hostedtoolcache\windows\Python\3.9.13\x64\python3.exe'
🦀🦀     🦀 [2025-11-01T18:45:56Z DEBUG flavor::psp::format_2025::launcher::command] 🗂️ Setting FLAVOR_CACHE to HOST cache: C:\Users\runneradmin/.cache/flavor/workenv
🦀🦀     🦀 [2025-11-01T18:45:56Z DEBUG flavor::psp::format_2025::launcher] 🔄 Using exec mode - process will be replaced
🦀🦀     🦀 [2025-11-01T18:45:56Z DEBUG flavor::psp::format_2025::launcher] 📝 exec() not available on this platform, using spawn mode
🦀🦀     🦀 [2025-11-01T18:45:56Z DEBUG flavor::psp::format_2025::launcher] 👶 Using spawn mode - child process
🦀🦀     🦀 [2025-11-01T18:45:56Z INFO flavor::psp::format_2025::launcher] 🚀 Spawning: C:\hostedtoolcache\windows\Python\3.9.13\x64\python3.exe
🦀🦀     📝 Arguments received:
🦀🦀       [0]: arg1
🦀🦀       [1]: arg2
🦀🦀       [2]: 'arg
🦀🦀       [3]: with
🦀🦀       [4]: spaces'
🦀🦀     🦀 [2025-11-01T18:45:56Z DEBUG flavor_rs_launcher] ✅ Package launched successfully, exit code: 0
🦀🦀   ✅ argv test passed
🦀🦀
🦀🦀   4️⃣ Testing 'echo' command:
🦀🦀   ─────────────────────────
🦀🦀     🦀 [2025-11-01T18:45:56Z DEBUG flavor_rs_launcher] 🚀 Launcher process started
🦀🦀     🦀 [2025-11-01T18:45:56Z DEBUG flavor_rs_launcher] 📍 Executable path: "D:\\a\\flavorpack\\flavorpack\\tests\\pretaster\\dist\\pretaster-rs-rs.psp"
🦀🦀     🦀 [2025-11-01T18:45:56Z DEBUG flavor_rs_launcher] 🚀 Attempting to launch package: "D:\\a\\flavorpack\\flavorpack\\tests\\pretaster\\dist\\pretaster-rs-rs.psp"
🦀🦀     🦀 [2025-11-01T18:45:56Z INFO flavor::psp::format_2025::launcher] 🦀🦀🦀 Hello from Flavor's Rust Launcher 🦀🦀🦀
🦀🦀     🦀 [2025-11-01T18:45:56Z INFO flavor::psp::format_2025::launcher] PSPF Rust Launcher starting...
🦀🦀     🦀 [2025-11-01T18:45:56Z DEBUG flavor::psp::format_2025::launcher] 📖 Reading PSPF bundle
🦀🦀     🦀 [2025-11-01T18:45:56Z DEBUG flavor::psp::format_2025::backends] 📁 File backend opened D:\a\flavorpack\flavorpack\tests\pretaster\dist\pretaster-rs-rs.psp (1175479 bytes) in 15.8µs
🦀🦀     🦀 [2025-11-01T18:45:56Z DEBUG flavor::psp::format_2025::reader] Trailer size: 8200, file size: 1175479 bytes
🦀🦀     🦀 [2025-11-01T18:45:56Z DEBUG flavor::psp::format_2025::index] Raw bytes at offset 24-32 (metadata_offset): [00, ba, 11, 00, 00, 00, 00, 00]
🦀🦀     🦀 [2025-11-01T18:45:56Z DEBUG flavor::psp::format_2025::index] Raw bytes at offset 32-40 (metadata_size): [b7, 02, 00, 00, 00, 00, 00, 00]
🦀🦀     🦀 [2025-11-01T18:45:56Z DEBUG flavor::psp::format_2025::index] Parsed metadata_offset: 0x000000000011ba00 (1161728)
🦀🦀     🦀 [2025-11-01T18:45:56Z DEBUG flavor::psp::format_2025::index] Parsed metadata_size: 695 bytes
🦀🦀     🦀 [2025-11-01T18:45:56Z DEBUG flavor::psp::format_2025::reader] Parsed index values:
🦀🦀     🦀 [2025-11-01T18:45:56Z DEBUG flavor::psp::format_2025::reader]   package_size: 1175479
🦀🦀     🦀 [2025-11-01T18:45:56Z DEBUG flavor::psp::format_2025::reader]   launcher_size: 1153536
🦀🦀     🦀 [2025-11-01T18:45:56Z DEBUG flavor::psp::format_2025::reader]   metadata_offset: 0x000000000011ba00 (1161728)
🦀🦀     🦀 [2025-11-01T18:45:56Z DEBUG flavor::psp::format_2025::reader]   metadata_size: 695 bytes
🦀🦀     🦀 [2025-11-01T18:45:56Z DEBUG flavor::psp::format_2025::reader]   slot_table_offset: 0x000000000011bcb8
🦀🦀     🦀 [2025-11-01T18:45:56Z DEBUG flavor::psp::format_2025::reader]   slot_count: 1
🦀🦀     🦀 [2025-11-01T18:45:56Z DEBUG flavor::psp::format_2025::index] Checksum bytes in index: 57 42 76 da
🦀🦀     🦀 [2025-11-01T18:45:56Z DEBUG flavor::psp::format_2025::index] First 72 bytes of index (with checksum zeroed):
🦀🦀     🦀 [2025-11-01T18:45:56Z DEBUG flavor::psp::format_2025::index]   0000: 01 00 25 20 00 00 00 00 b7 ef 11 00 00 00 00 00 
🦀🦀     🦀 [2025-11-01T18:45:56Z DEBUG flavor::psp::format_2025::index]   0010: 00 9a 11 00 00 00 00 00 00 ba 11 00 00 00 00 00 
🦀🦀     🦀 [2025-11-01T18:45:56Z DEBUG flavor::psp::format_2025::index]   0020: b7 02 00 00 00 00 00 00 b8 bc 11 00 00 00 00 00 
🦀🦀     🦀 [2025-11-01T18:45:56Z DEBUG flavor::psp::format_2025::index]   0030: 40 00 00 00 00 00 00 00 01 00 00 00 00 00 00 00 
🦀🦀     🦀 [2025-11-01T18:45:56Z DEBUG flavor::psp::format_2025::index]   0040: d2 73 67 ba 3d 43 64 63 
🦀🦀     🦀 [2025-11-01T18:45:56Z DEBUG flavor::psp::format_2025::index] Checksum verification - Expected: 3665183319 (0xda764257), Calculated: 3665183319 (0xda764257)
🦀🦀     🦀 [2025-11-01T18:45:56Z DEBUG flavor::psp::format_2025::reader] Index loaded in 156.6µs
🦀🦀     🦀 [2025-11-01T18:45:56Z DEBUG flavor::psp::format_2025::launcher] 🔍 Verifying package integrity (level: Standard)
🦀🦀     🦀 [2025-11-01T18:45:56Z INFO flavor::psp::format_2025::verifier] Verifying PSPF/2025 package: "D:\\a\\flavorpack\\flavorpack\\tests\\pretaster\\dist\\pretaster-rs-rs.psp"
🦀🦀     🦀 [2025-11-01T18:45:56Z DEBUG flavor::psp::format_2025::backends] 📁 File backend opened D:\a\flavorpack\flavorpack\tests\pretaster\dist\pretaster-rs-rs.psp (1175479 bytes) in 12µs
🦀🦀     🦀 [2025-11-01T18:45:56Z DEBUG flavor::psp::format_2025::reader] Trailer size: 8200, file size: 1175479 bytes
🦀🦀     🦀 [2025-11-01T18:45:56Z DEBUG flavor::psp::format_2025::index] Raw bytes at offset 24-32 (metadata_offset): [00, ba, 11, 00, 00, 00, 00, 00]
🦀🦀     🦀 [2025-11-01T18:45:56Z DEBUG flavor::psp::format_2025::index] Raw bytes at offset 32-40 (metadata_size): [b7, 02, 00, 00, 00, 00, 00, 00]
🦀🦀     🦀 [2025-11-01T18:45:56Z DEBUG flavor::psp::format_2025::index] Parsed metadata_offset: 0x000000000011ba00 (1161728)
🦀🦀     🦀 [2025-11-01T18:45:56Z DEBUG flavor::psp::format_2025::index] Parsed metadata_size: 695 bytes
🦀🦀     🦀 [2025-11-01T18:45:56Z DEBUG flavor::psp::format_2025::reader] Parsed index values:
🦀🦀     🦀 [2025-11-01T18:45:56Z DEBUG flavor::psp::format_2025::reader]   package_size: 1175479
🦀🦀     🦀 [2025-11-01T18:45:56Z DEBUG flavor::psp::format_2025::reader]   launcher_size: 1153536
🦀🦀     🦀 [2025-11-01T18:45:56Z DEBUG flavor::psp::format_2025::reader]   metadata_offset: 0x000000000011ba00 (1161728)
🦀🦀     🦀 [2025-11-01T18:45:56Z DEBUG flavor::psp::format_2025::reader]   metadata_size: 695 bytes
🦀🦀     🦀 [2025-11-01T18:45:56Z DEBUG flavor::psp::format_2025::reader]   slot_table_offset: 0x000000000011bcb8
🦀🦀     🦀 [2025-11-01T18:45:56Z DEBUG flavor::psp::format_2025::reader]   slot_count: 1
🦀🦀     🦀 [2025-11-01T18:45:56Z DEBUG flavor::psp::format_2025::index] Checksum bytes in index: 57 42 76 da
🦀🦀     🦀 [2025-11-01T18:45:56Z DEBUG flavor::psp::format_2025::index] First 72 bytes of index (with checksum zeroed):
🦀🦀     🦀 [2025-11-01T18:45:56Z DEBUG flavor::psp::format_2025::index]   0000: 01 00 25 20 00 00 00 00 b7 ef 11 00 00 00 00 00 
🦀🦀     🦀 [2025-11-01T18:45:56Z DEBUG flavor::psp::format_2025::index]   0010: 00 9a 11 00 00 00 00 00 00 ba 11 00 00 00 00 00 
🦀🦀     🦀 [2025-11-01T18:45:56Z DEBUG flavor::psp::format_2025::index]   0020: b7 02 00 00 00 00 00 00 b8 bc 11 00 00 00 00 00 
🦀🦀     🦀 [2025-11-01T18:45:56Z DEBUG flavor::psp::format_2025::index]   0030: 40 00 00 00 00 00 00 00 01 00 00 00 00 00 00 00 
🦀🦀     🦀 [2025-11-01T18:45:56Z DEBUG flavor::psp::format_2025::index]   0040: d2 73 67 ba 3d 43 64 63 
🦀🦀     🦀 [2025-11-01T18:45:56Z DEBUG flavor::psp::format_2025::index] Checksum verification - Expected: 3665183319 (0xda764257), Calculated: 3665183319 (0xda764257)
🦀🦀     🦀 [2025-11-01T18:45:56Z DEBUG flavor::psp::format_2025::reader] Index loaded in 121.2µs
🦀🦀     🦀 [2025-11-01T18:45:56Z DEBUG flavor::psp::format_2025::reader] 📖 Reading metadata from offset 0x11ba00, size 695 bytes
🦀🦀     🦀 [2025-11-01T18:45:56Z DEBUG flavor::psp::format_2025::reader] ✅ Successfully parsed metadata for pretaster-combination v1.0.0
🦀🦀     🦀 [2025-11-01T18:45:56Z DEBUG flavor::psp::format_2025::verifier] Index checksum: ✅ VALID
🦀🦀     🦀 [2025-11-01T18:45:56Z DEBUG flavor::psp::format_2025::verifier] Metadata checksum: ✅ VALID
🦀🦀     🦀 [2025-11-01T18:45:56Z DEBUG flavor::psp::format_2025::verifier] Package size: ✅ VALID
🦀🦀     🦀 [2025-11-01T18:45:56Z DEBUG flavor::psp::format_2025::verifier] ✅ Signature verification successful
🦀🦀     🦀 [2025-11-01T18:45:56Z DEBUG flavor::psp::format_2025::verifier] Integrity seal: ✅ VALID
🦀🦀     🦀 [2025-11-01T18:45:56Z DEBUG flavor::psp::format_2025::verifier] Trailing magic: ✅ VALID
🦀🦀     🦀 [2025-11-01T18:45:56Z DEBUG flavor::psp::format_2025::verifier] 🔍 Verification results: index_checksum=true, metadata_checksum=true, size=true, integrity_seal=true, trailing_magic=true
🦀🦀     🦀 [2025-11-01T18:45:56Z DEBUG flavor::psp::format_2025::launcher] ✅ Package integrity verified
🦀🦀     🦀 [2025-11-01T18:45:56Z DEBUG flavor::psp::format_2025::reader] 📖 Reading metadata from offset 0x11ba00, size 695 bytes
🦀🦀     🦀 [2025-11-01T18:45:56Z DEBUG flavor::psp::format_2025::reader] ✅ Successfully parsed metadata for pretaster-combination v1.0.0
🦀🦀     🦀 [2025-11-01T18:45:56Z INFO flavor::psp::format_2025::launcher] 📦 Package: pretaster-combination v1.0.0
🦀🦀     🦀 [2025-11-01T18:45:56Z INFO flavor::psp::format_2025::launcher] 🕐 Package built: 2025-11-01T18:45:54.385930200+00:00 with flavor-rs v0.0.1029
🦀🦀     🦀 [2025-11-01T18:45:56Z DEBUG flavor::psp::format_2025::launcher] 🎯 Primary slot: 0
🦀🦀     🦀 [2025-11-01T18:45:56Z DEBUG flavor::psp::format_2025::launcher] 🔧 Command: /usr/bin/python3 {workenv}/scripts/combo_test.py
🦀🦀     🦀 [2025-11-01T18:45:56Z INFO flavor::psp::format_2025::launcher] 📁 Work environment: "C:\\Users\\runneradmin\\.cache/flavor\\workenv\\pretaster-rs-rs"
🦀🦀     🦀 [2025-11-01T18:45:56Z DEBUG flavor::psp::format_2025::launcher] 🔍 Checking cache validity
🦀🦀     🦀 [2025-11-01T18:45:56Z DEBUG flavor::psp::format_2025::execution::validation] ✅ Package checksum matches cached version: da764257
🦀🦀     🦀 [2025-11-01T18:45:56Z INFO flavor::psp::format_2025::launcher] ✅ Cache is valid, skipping extraction
🦀🦀     🦀 [2025-11-01T18:45:56Z INFO flavor::psp::format_2025::launcher] ✅ Work environment is valid, skipping extraction and setup
🦀🦀     🦀 [2025-11-01T18:45:56Z DEBUG flavor::psp::format_2025::launcher::command] 🎯 Final command: /usr/bin/python3 C:\Users\runneradmin\.cache/flavor\workenv\pretaster-rs-rs/scripts/combo_test.py
🦀🦀     🦀 [2025-11-01T18:45:56Z DEBUG flavor::psp::format_2025::launcher::command] 🔍 Resolved executable '/usr/bin/python3' to 'C:\hostedtoolcache\windows\Python\3.9.13\x64\python3.exe'
🦀🦀     🦀 [2025-11-01T18:45:56Z DEBUG flavor::psp::format_2025::launcher::command] 🗂️ Setting FLAVOR_CACHE to HOST cache: C:\Users\runneradmin/.cache/flavor/workenv
🦀🦀     🦀 [2025-11-01T18:45:56Z DEBUG flavor::psp::format_2025::launcher] 🔄 Using exec mode - process will be replaced
🦀🦀     🦀 [2025-11-01T18:45:56Z DEBUG flavor::psp::format_2025::launcher] 📝 exec() not available on this platform, using spawn mode
🦀🦀     🦀 [2025-11-01T18:45:56Z DEBUG flavor::psp::format_2025::launcher] 👶 Using spawn mode - child process
🦀🦀     🦀 [2025-11-01T18:45:56Z INFO flavor::psp::format_2025::launcher] 🚀 Spawning: C:\hostedtoolcache\windows\Python\3.9.13\x64\python3.exe
🦀🦀     Hello from Rs builder and Rs launcher!
🦀🦀     🦀 [2025-11-01T18:45:56Z DEBUG flavor_rs_launcher] ✅ Package launched successfully, exit code: 0
🦀🦀   ✅ echo test passed
🦀🦀
🦀🦀   5️⃣ Testing 'file' command:
🦀🦀   ─────────────────────────
🦀🦀     🦀 [2025-11-01T18:45:56Z DEBUG flavor_rs_launcher] 🚀 Launcher process started
🦀🦀     🦀 [2025-11-01T18:45:56Z DEBUG flavor_rs_launcher] 📍 Executable path: "D:\\a\\flavorpack\\flavorpack\\tests\\pretaster\\dist\\pretaster-rs-rs.psp"
🦀🦀     🦀 [2025-11-01T18:45:56Z DEBUG flavor_rs_launcher] 🚀 Attempting to launch package: "D:\\a\\flavorpack\\flavorpack\\tests\\pretaster\\dist\\pretaster-rs-rs.psp"
🦀🦀     🦀 [2025-11-01T18:45:56Z INFO flavor::psp::format_2025::launcher] 🦀🦀🦀 Hello from Flavor's Rust Launcher 🦀🦀🦀
🦀🦀     🦀 [2025-11-01T18:45:56Z INFO flavor::psp::format_2025::launcher] PSPF Rust Launcher starting...
🦀🦀     🦀 [2025-11-01T18:45:56Z DEBUG flavor::psp::format_2025::launcher] 📖 Reading PSPF bundle
🦀🦀     🦀 [2025-11-01T18:45:56Z DEBUG flavor::psp::format_2025::backends] 📁 File backend opened D:\a\flavorpack\flavorpack\tests\pretaster\dist\pretaster-rs-rs.psp (1175479 bytes) in 15.6µs
🦀🦀     🦀 [2025-11-01T18:45:56Z DEBUG flavor::psp::format_2025::reader] Trailer size: 8200, file size: 1175479 bytes
🦀🦀     🦀 [2025-11-01T18:45:56Z DEBUG flavor::psp::format_2025::index] Raw bytes at offset 24-32 (metadata_offset): [00, ba, 11, 00, 00, 00, 00, 00]
🦀🦀     🦀 [2025-11-01T18:45:56Z DEBUG flavor::psp::format_2025::index] Raw bytes at offset 32-40 (metadata_size): [b7, 02, 00, 00, 00, 00, 00, 00]
🦀🦀     🦀 [2025-11-01T18:45:56Z DEBUG flavor::psp::format_2025::index] Parsed metadata_offset: 0x000000000011ba00 (1161728)
🦀🦀     🦀 [2025-11-01T18:45:56Z DEBUG flavor::psp::format_2025::index] Parsed metadata_size: 695 bytes
🦀🦀     🦀 [2025-11-01T18:45:56Z DEBUG flavor::psp::format_2025::reader] Parsed index values:
🦀🦀     🦀 [2025-11-01T18:45:56Z DEBUG flavor::psp::format_2025::reader]   package_size: 1175479
🦀🦀     🦀 [2025-11-01T18:45:56Z DEBUG flavor::psp::format_2025::reader]   launcher_size: 1153536
🦀🦀     🦀 [2025-11-01T18:45:56Z DEBUG flavor::psp::format_2025::reader]   metadata_offset: 0x000000000011ba00 (1161728)
🦀🦀     🦀 [2025-11-01T18:45:56Z DEBUG flavor::psp::format_2025::reader]   metadata_size: 695 bytes
🦀🦀     🦀 [2025-11-01T18:45:56Z DEBUG flavor::psp::format_2025::reader]   slot_table_offset: 0x000000000011bcb8
🦀🦀     🦀 [2025-11-01T18:45:56Z DEBUG flavor::psp::format_2025::reader]   slot_count: 1
🦀🦀     🦀 [2025-11-01T18:45:56Z DEBUG flavor::psp::format_2025::index] Checksum bytes in index: 57 42 76 da
🦀🦀     🦀 [2025-11-01T18:45:56Z DEBUG flavor::psp::format_2025::index] First 72 bytes of index (with checksum zeroed):
🦀🦀     🦀 [2025-11-01T18:45:56Z DEBUG flavor::psp::format_2025::index]   0000: 01 00 25 20 00 00 00 00 b7 ef 11 00 00 00 00 00 
🦀🦀     🦀 [2025-11-01T18:45:56Z DEBUG flavor::psp::format_2025::index]   0010: 00 9a 11 00 00 00 00 00 00 ba 11 00 00 00 00 00 
🦀🦀     🦀 [2025-11-01T18:45:56Z DEBUG flavor::psp::format_2025::index]   0020: b7 02 00 00 00 00 00 00 b8 bc 11 00 00 00 00 00 
🦀🦀     🦀 [2025-11-01T18:45:56Z DEBUG flavor::psp::format_2025::index]   0030: 40 00 00 00 00 00 00 00 01 00 00 00 00 00 00 00 
🦀🦀     🦀 [2025-11-01T18:45:56Z DEBUG flavor::psp::format_2025::index]   0040: d2 73 67 ba 3d 43 64 63 
🦀🦀     🦀 [2025-11-01T18:45:56Z DEBUG flavor::psp::format_2025::index] Checksum verification - Expected: 3665183319 (0xda764257), Calculated: 3665183319 (0xda764257)
🦀🦀     🦀 [2025-11-01T18:45:56Z DEBUG flavor::psp::format_2025::reader] Index loaded in 154.5µs
🦀🦀     🦀 [2025-11-01T18:45:56Z DEBUG flavor::psp::format_2025::launcher] 🔍 Verifying package integrity (level: Standard)
🦀🦀     🦀 [2025-11-01T18:45:56Z INFO flavor::psp::format_2025::verifier] Verifying PSPF/2025 package: "D:\\a\\flavorpack\\flavorpack\\tests\\pretaster\\dist\\pretaster-rs-rs.psp"
🦀🦀     🦀 [2025-11-01T18:45:56Z DEBUG flavor::psp::format_2025::backends] 📁 File backend opened D:\a\flavorpack\flavorpack\tests\pretaster\dist\pretaster-rs-rs.psp (1175479 bytes) in 11.4µs
🦀🦀     🦀 [2025-11-01T18:45:56Z DEBUG flavor::psp::format_2025::reader] Trailer size: 8200, file size: 1175479 bytes
🦀🦀     🦀 [2025-11-01T18:45:56Z DEBUG flavor::psp::format_2025::index] Raw bytes at offset 24-32 (metadata_offset): [00, ba, 11, 00, 00, 00, 00, 00]
🦀🦀     🦀 [2025-11-01T18:45:56Z DEBUG flavor::psp::format_2025::index] Raw bytes at offset 32-40 (metadata_size): [b7, 02, 00, 00, 00, 00, 00, 00]
🦀🦀     🦀 [2025-11-01T18:45:56Z DEBUG flavor::psp::format_2025::index] Parsed metadata_offset: 0x000000000011ba00 (1161728)
🦀🦀     🦀 [2025-11-01T18:45:56Z DEBUG flavor::psp::format_2025::index] Parsed metadata_size: 695 bytes
🦀🦀     🦀 [2025-11-01T18:45:56Z DEBUG flavor::psp::format_2025::reader] Parsed index values:
🦀🦀     🦀 [2025-11-01T18:45:56Z DEBUG flavor::psp::format_2025::reader]   package_size: 1175479
🦀🦀     🦀 [2025-11-01T18:45:56Z DEBUG flavor::psp::format_2025::reader]   launcher_size: 1153536
🦀🦀     🦀 [2025-11-01T18:45:56Z DEBUG flavor::psp::format_2025::reader]   metadata_offset: 0x000000000011ba00 (1161728)
🦀🦀     🦀 [2025-11-01T18:45:56Z DEBUG flavor::psp::format_2025::reader]   metadata_size: 695 bytes
🦀🦀     🦀 [2025-11-01T18:45:56Z DEBUG flavor::psp::format_2025::reader]   slot_table_offset: 0x000000000011bcb8
🦀🦀     🦀 [2025-11-01T18:45:56Z DEBUG flavor::psp::format_2025::reader]   slot_count: 1
🦀🦀     🦀 [2025-11-01T18:45:56Z DEBUG flavor::psp::format_2025::index] Checksum bytes in index: 57 42 76 da
🦀🦀     🦀 [2025-11-01T18:45:56Z DEBUG flavor::psp::format_2025::index] First 72 bytes of index (with checksum zeroed):
🦀🦀     🦀 [2025-11-01T18:45:56Z DEBUG flavor::psp::format_2025::index]   0000: 01 00 25 20 00 00 00 00 b7 ef 11 00 00 00 00 00 
🦀🦀     🦀 [2025-11-01T18:45:56Z DEBUG flavor::psp::format_2025::index]   0010: 00 9a 11 00 00 00 00 00 00 ba 11 00 00 00 00 00 
🦀🦀     🦀 [2025-11-01T18:45:56Z DEBUG flavor::psp::format_2025::index]   0020: b7 02 00 00 00 00 00 00 b8 bc 11 00 00 00 00 00 
🦀🦀     🦀 [2025-11-01T18:45:56Z DEBUG flavor::psp::format_2025::index]   0030: 40 00 00 00 00 00 00 00 01 00 00 00 00 00 00 00 
🦀🦀     🦀 [2025-11-01T18:45:56Z DEBUG flavor::psp::format_2025::index]   0040: d2 73 67 ba 3d 43 64 63 
🦀🦀     🦀 [2025-11-01T18:45:56Z DEBUG flavor::psp::format_2025::index] Checksum verification - Expected: 3665183319 (0xda764257), Calculated: 3665183319 (0xda764257)
🦀🦀     🦀 [2025-11-01T18:45:56Z DEBUG flavor::psp::format_2025::reader] Index loaded in 133.1µs
🦀🦀     🦀 [2025-11-01T18:45:56Z DEBUG flavor::psp::format_2025::reader] 📖 Reading metadata from offset 0x11ba00, size 695 bytes
🦀🦀     🦀 [2025-11-01T18:45:56Z DEBUG flavor::psp::format_2025::reader] ✅ Successfully parsed metadata for pretaster-combination v1.0.0
🦀🦀     🦀 [2025-11-01T18:45:56Z DEBUG flavor::psp::format_2025::verifier] Index checksum: ✅ VALID
🦀🦀     🦀 [2025-11-01T18:45:56Z DEBUG flavor::psp::format_2025::verifier] Metadata checksum: ✅ VALID
🦀🦀     🦀 [2025-11-01T18:45:56Z DEBUG flavor::psp::format_2025::verifier] Package size: ✅ VALID
🦀🦀     🦀 [2025-11-01T18:45:56Z DEBUG flavor::psp::format_2025::verifier] ✅ Signature verification successful
🦀🦀     🦀 [2025-11-01T18:45:56Z DEBUG flavor::psp::format_2025::verifier] Integrity seal: ✅ VALID
🦀🦀     🦀 [2025-11-01T18:45:56Z DEBUG flavor::psp::format_2025::verifier] Trailing magic: ✅ VALID
🦀🦀     🦀 [2025-11-01T18:45:56Z DEBUG flavor::psp::format_2025::verifier] 🔍 Verification results: index_checksum=true, metadata_checksum=true, size=true, integrity_seal=true, trailing_magic=true
🦀🦀     🦀 [2025-11-01T18:45:56Z DEBUG flavor::psp::format_2025::launcher] ✅ Package integrity verified
🦀🦀     🦀 [2025-11-01T18:45:56Z DEBUG flavor::psp::format_2025::reader] 📖 Reading metadata from offset 0x11ba00, size 695 bytes
🦀🦀     🦀 [2025-11-01T18:45:56Z DEBUG flavor::psp::format_2025::reader] ✅ Successfully parsed metadata for pretaster-combination v1.0.0
🦀🦀     🦀 [2025-11-01T18:45:56Z INFO flavor::psp::format_2025::launcher] 📦 Package: pretaster-combination v1.0.0
🦀🦀     🦀 [2025-11-01T18:45:56Z INFO flavor::psp::format_2025::launcher] 🕐 Package built: 2025-11-01T18:45:54.385930200+00:00 with flavor-rs v0.0.1029
🦀🦀     🦀 [2025-11-01T18:45:56Z DEBUG flavor::psp::format_2025::launcher] 🎯 Primary slot: 0
🦀🦀     🦀 [2025-11-01T18:45:56Z DEBUG flavor::psp::format_2025::launcher] 🔧 Command: /usr/bin/python3 {workenv}/scripts/combo_test.py
🦀🦀     🦀 [2025-11-01T18:45:56Z INFO flavor::psp::format_2025::launcher] 📁 Work environment: "C:\\Users\\runneradmin\\.cache/flavor\\workenv\\pretaster-rs-rs"
🦀🦀     🦀 [2025-11-01T18:45:56Z DEBUG flavor::psp::format_2025::launcher] 🔍 Checking cache validity
🦀🦀     🦀 [2025-11-01T18:45:56Z DEBUG flavor::psp::format_2025::execution::validation] ✅ Package checksum matches cached version: da764257
🦀🦀     🦀 [2025-11-01T18:45:56Z INFO flavor::psp::format_2025::launcher] ✅ Cache is valid, skipping extraction
🦀🦀     🦀 [2025-11-01T18:45:56Z INFO flavor::psp::format_2025::launcher] ✅ Work environment is valid, skipping extraction and setup
🦀🦀     🦀 [2025-11-01T18:45:56Z DEBUG flavor::psp::format_2025::launcher::command] 🎯 Final command: /usr/bin/python3 C:\Users\runneradmin\.cache/flavor\workenv\pretaster-rs-rs/scripts/combo_test.py
🦀🦀     🦀 [2025-11-01T18:45:56Z DEBUG flavor::psp::format_2025::launcher::command] 🔍 Resolved executable '/usr/bin/python3' to 'C:\hostedtoolcache\windows\Python\3.9.13\x64\python3.exe'
🦀🦀     🦀 [2025-11-01T18:45:56Z DEBUG flavor::psp::format_2025::launcher::command] 🗂️ Setting FLAVOR_CACHE to HOST cache: C:\Users\runneradmin/.cache/flavor/workenv
🦀🦀     🦀 [2025-11-01T18:45:56Z DEBUG flavor::psp::format_2025::launcher] 🔄 Using exec mode - process will be replaced
🦀🦀     🦀 [2025-11-01T18:45:56Z DEBUG flavor::psp::format_2025::launcher] 📝 exec() not available on this platform, using spawn mode
🦀🦀     🦀 [2025-11-01T18:45:56Z DEBUG flavor::psp::format_2025::launcher] 👶 Using spawn mode - child process
🦀🦀     🦀 [2025-11-01T18:45:56Z INFO flavor::psp::format_2025::launcher] 🚀 Spawning: C:\hostedtoolcache\windows\Python\3.9.13\x64\python3.exe
🦀🦀     🦀 [2025-11-01T18:45:56Z DEBUG flavor_rs_launcher] ✅ Package launched successfully, exit code: 0
🦀🦀   ✅ file test passed
🦀🦀
🦀🦀   6️⃣ Testing 'exit' with code 0:
🦀🦀   ─────────────────────────
🦀🦀     🦀 [2025-11-01T18:45:57Z DEBUG flavor_rs_launcher] 🚀 Launcher process started
🦀🦀     🦀 [2025-11-01T18:45:57Z DEBUG flavor_rs_launcher] 📍 Executable path: "D:\\a\\flavorpack\\flavorpack\\tests\\pretaster\\dist\\pretaster-rs-rs.psp"
🦀🦀     🦀 [2025-11-01T18:45:57Z DEBUG flavor_rs_launcher] 🚀 Attempting to launch package: "D:\\a\\flavorpack\\flavorpack\\tests\\pretaster\\dist\\pretaster-rs-rs.psp"
🦀🦀     🦀 [2025-11-01T18:45:57Z INFO flavor::psp::format_2025::launcher] 🦀🦀🦀 Hello from Flavor's Rust Launcher 🦀🦀🦀
🦀🦀     🦀 [2025-11-01T18:45:57Z INFO flavor::psp::format_2025::launcher] PSPF Rust Launcher starting...
🦀🦀     🦀 [2025-11-01T18:45:57Z DEBUG flavor::psp::format_2025::launcher] 📖 Reading PSPF bundle
🦀🦀     🦀 [2025-11-01T18:45:57Z DEBUG flavor::psp::format_2025::backends] 📁 File backend opened D:\a\flavorpack\flavorpack\tests\pretaster\dist\pretaster-rs-rs.psp (1175479 bytes) in 16.5µs
🦀🦀     🦀 [2025-11-01T18:45:57Z DEBUG flavor::psp::format_2025::reader] Trailer size: 8200, file size: 1175479 bytes
🦀🦀     🦀 [2025-11-01T18:45:57Z DEBUG flavor::psp::format_2025::index] Raw bytes at offset 24-32 (metadata_offset): [00, ba, 11, 00, 00, 00, 00, 00]
🦀🦀     🦀 [2025-11-01T18:45:57Z DEBUG flavor::psp::format_2025::index] Raw bytes at offset 32-40 (metadata_size): [b7, 02, 00, 00, 00, 00, 00, 00]
🦀🦀     🦀 [2025-11-01T18:45:57Z DEBUG flavor::psp::format_2025::index] Parsed metadata_offset: 0x000000000011ba00 (1161728)
🦀🦀     🦀 [2025-11-01T18:45:57Z DEBUG flavor::psp::format_2025::index] Parsed metadata_size: 695 bytes
🦀🦀     🦀 [2025-11-01T18:45:57Z DEBUG flavor::psp::format_2025::reader] Parsed index values:
🦀🦀     🦀 [2025-11-01T18:45:57Z DEBUG flavor::psp::format_2025::reader]   package_size: 1175479
🦀🦀     🦀 [2025-11-01T18:45:57Z DEBUG flavor::psp::format_2025::reader]   launcher_size: 1153536
🦀🦀     🦀 [2025-11-01T18:45:57Z DEBUG flavor::psp::format_2025::reader]   metadata_offset: 0x000000000011ba00 (1161728)
🦀🦀     🦀 [2025-11-01T18:45:57Z DEBUG flavor::psp::format_2025::reader]   metadata_size: 695 bytes
🦀🦀     🦀 [2025-11-01T18:45:57Z DEBUG flavor::psp::format_2025::reader]   slot_table_offset: 0x000000000011bcb8
🦀🦀     🦀 [2025-11-01T18:45:57Z DEBUG flavor::psp::format_2025::reader]   slot_count: 1
🦀🦀     🦀 [2025-11-01T18:45:57Z DEBUG flavor::psp::format_2025::index] Checksum bytes in index: 57 42 76 da
🦀🦀     🦀 [2025-11-01T18:45:57Z DEBUG flavor::psp::format_2025::index] First 72 bytes of index (with checksum zeroed):
🦀🦀     🦀 [2025-11-01T18:45:57Z DEBUG flavor::psp::format_2025::index]   0000: 01 00 25 20 00 00 00 00 b7 ef 11 00 00 00 00 00 
🦀🦀     🦀 [2025-11-01T18:45:57Z DEBUG flavor::psp::format_2025::index]   0010: 00 9a 11 00 00 00 00 00 00 ba 11 00 00 00 00 00 
🦀🦀     🦀 [2025-11-01T18:45:57Z DEBUG flavor::psp::format_2025::index]   0020: b7 02 00 00 00 00 00 00 b8 bc 11 00 00 00 00 00 
🦀🦀     🦀 [2025-11-01T18:45:57Z DEBUG flavor::psp::format_2025::index]   0030: 40 00 00 00 00 00 00 00 01 00 00 00 00 00 00 00 
🦀🦀     🦀 [2025-11-01T18:45:57Z DEBUG flavor::psp::format_2025::index]   0040: d2 73 67 ba 3d 43 64 63 
🦀🦀     🦀 [2025-11-01T18:45:57Z DEBUG flavor::psp::format_2025::index] Checksum verification - Expected: 3665183319 (0xda764257), Calculated: 3665183319 (0xda764257)
🦀🦀     🦀 [2025-11-01T18:45:57Z DEBUG flavor::psp::format_2025::reader] Index loaded in 153.9µs
🦀🦀     🦀 [2025-11-01T18:45:57Z DEBUG flavor::psp::format_2025::launcher] 🔍 Verifying package integrity (level: Standard)
🦀🦀     🦀 [2025-11-01T18:45:57Z INFO flavor::psp::format_2025::verifier] Verifying PSPF/2025 package: "D:\\a\\flavorpack\\flavorpack\\tests\\pretaster\\dist\\pretaster-rs-rs.psp"
🦀🦀     🦀 [2025-11-01T18:45:57Z DEBUG flavor::psp::format_2025::backends] 📁 File backend opened D:\a\flavorpack\flavorpack\tests\pretaster\dist\pretaster-rs-rs.psp (1175479 bytes) in 11.7µs
🦀🦀     🦀 [2025-11-01T18:45:57Z DEBUG flavor::psp::format_2025::reader] Trailer size: 8200, file size: 1175479 bytes
🦀🦀     🦀 [2025-11-01T18:45:57Z DEBUG flavor::psp::format_2025::index] Raw bytes at offset 24-32 (metadata_offset): [00, ba, 11, 00, 00, 00, 00, 00]
🦀🦀     🦀 [2025-11-01T18:45:57Z DEBUG flavor::psp::format_2025::index] Raw bytes at offset 32-40 (metadata_size): [b7, 02, 00, 00, 00, 00, 00, 00]
🦀🦀     🦀 [2025-11-01T18:45:57Z DEBUG flavor::psp::format_2025::index] Parsed metadata_offset: 0x000000000011ba00 (1161728)
🦀🦀     🦀 [2025-11-01T18:45:57Z DEBUG flavor::psp::format_2025::index] Parsed metadata_size: 695 bytes
🦀🦀     🦀 [2025-11-01T18:45:57Z DEBUG flavor::psp::format_2025::reader] Parsed index values:
🦀🦀     🦀 [2025-11-01T18:45:57Z DEBUG flavor::psp::format_2025::reader]   package_size: 1175479
🦀🦀     🦀 [2025-11-01T18:45:57Z DEBUG flavor::psp::format_2025::reader]   launcher_size: 1153536
🦀🦀     🦀 [2025-11-01T18:45:57Z DEBUG flavor::psp::format_2025::reader]   metadata_offset: 0x000000000011ba00 (1161728)
🦀🦀     🦀 [2025-11-01T18:45:57Z DEBUG flavor::psp::format_2025::reader]   metadata_size: 695 bytes
🦀🦀     🦀 [2025-11-01T18:45:57Z DEBUG flavor::psp::format_2025::reader]   slot_table_offset: 0x000000000011bcb8
🦀🦀     🦀 [2025-11-01T18:45:57Z DEBUG flavor::psp::format_2025::reader]   slot_count: 1
🦀🦀     🦀 [2025-11-01T18:45:57Z DEBUG flavor::psp::format_2025::index] Checksum bytes in index: 57 42 76 da
🦀🦀     🦀 [2025-11-01T18:45:57Z DEBUG flavor::psp::format_2025::index] First 72 bytes of index (with checksum zeroed):
🦀🦀     🦀 [2025-11-01T18:45:57Z DEBUG flavor::psp::format_2025::index]   0000: 01 00 25 20 00 00 00 00 b7 ef 11 00 00 00 00 00 
🦀🦀     🦀 [2025-11-01T18:45:57Z DEBUG flavor::psp::format_2025::index]   0010: 00 9a 11 00 00 00 00 00 00 ba 11 00 00 00 00 00 
🦀🦀     🦀 [2025-11-01T18:45:57Z DEBUG flavor::psp::format_2025::index]   0020: b7 02 00 00 00 00 00 00 b8 bc 11 00 00 00 00 00 
🦀🦀     🦀 [2025-11-01T18:45:57Z DEBUG flavor::psp::format_2025::index]   0030: 40 00 00 00 00 00 00 00 01 00 00 00 00 00 00 00 
🦀🦀     🦀 [2025-11-01T18:45:57Z DEBUG flavor::psp::format_2025::index]   0040: d2 73 67 ba 3d 43 64 63 
🦀🦀     🦀 [2025-11-01T18:45:57Z DEBUG flavor::psp::format_2025::index] Checksum verification - Expected: 3665183319 (0xda764257), Calculated: 3665183319 (0xda764257)
🦀🦀     🦀 [2025-11-01T18:45:57Z DEBUG flavor::psp::format_2025::reader] Index loaded in 120µs
🦀🦀     🦀 [2025-11-01T18:45:57Z DEBUG flavor::psp::format_2025::reader] 📖 Reading metadata from offset 0x11ba00, size 695 bytes
🦀🦀     🦀 [2025-11-01T18:45:57Z DEBUG flavor::psp::format_2025::reader] ✅ Successfully parsed metadata for pretaster-combination v1.0.0
🦀🦀     🦀 [2025-11-01T18:45:57Z DEBUG flavor::psp::format_2025::verifier] Index checksum: ✅ VALID
🦀🦀     🦀 [2025-11-01T18:45:57Z DEBUG flavor::psp::format_2025::verifier] Metadata checksum: ✅ VALID
🦀🦀     🦀 [2025-11-01T18:45:57Z DEBUG flavor::psp::format_2025::verifier] Package size: ✅ VALID
🦀🦀     🦀 [2025-11-01T18:45:57Z DEBUG flavor::psp::format_2025::verifier] ✅ Signature verification successful
🦀🦀     🦀 [2025-11-01T18:45:57Z DEBUG flavor::psp::format_2025::verifier] Integrity seal: ✅ VALID
🦀🦀     🦀 [2025-11-01T18:45:57Z DEBUG flavor::psp::format_2025::verifier] Trailing magic: ✅ VALID
🦀🦀     🦀 [2025-11-01T18:45:57Z DEBUG flavor::psp::format_2025::verifier] 🔍 Verification results: index_checksum=true, metadata_checksum=true, size=true, integrity_seal=true, trailing_magic=true
🦀🦀     🦀 [2025-11-01T18:45:57Z DEBUG flavor::psp::format_2025::launcher] ✅ Package integrity verified
🦀🦀     🦀 [2025-11-01T18:45:57Z DEBUG flavor::psp::format_2025::reader] 📖 Reading metadata from offset 0x11ba00, size 695 bytes
🦀🦀     🦀 [2025-11-01T18:45:57Z DEBUG flavor::psp::format_2025::reader] ✅ Successfully parsed metadata for pretaster-combination v1.0.0
🦀🦀     🦀 [2025-11-01T18:45:57Z INFO flavor::psp::format_2025::launcher] 📦 Package: pretaster-combination v1.0.0
🦀🦀     🦀 [2025-11-01T18:45:57Z INFO flavor::psp::format_2025::launcher] 🕐 Package built: 2025-11-01T18:45:54.385930200+00:00 with flavor-rs v0.0.1029
🦀🦀     🦀 [2025-11-01T18:45:57Z DEBUG flavor::psp::format_2025::launcher] 🎯 Primary slot: 0
🦀🦀     🦀 [2025-11-01T18:45:57Z DEBUG flavor::psp::format_2025::launcher] 🔧 Command: /usr/bin/python3 {workenv}/scripts/combo_test.py
🦀🦀     🦀 [2025-11-01T18:45:57Z INFO flavor::psp::format_2025::launcher] 📁 Work environment: "C:\\Users\\runneradmin\\.cache/flavor\\workenv\\pretaster-rs-rs"
🦀🦀     🦀 [2025-11-01T18:45:57Z DEBUG flavor::psp::format_2025::launcher] 🔍 Checking cache validity
🦀🦀     🦀 [2025-11-01T18:45:57Z DEBUG flavor::psp::format_2025::execution::validation] ✅ Package checksum matches cached version: da764257
🦀🦀     🦀 [2025-11-01T18:45:57Z INFO flavor::psp::format_2025::launcher] ✅ Cache is valid, skipping extraction
🦀🦀     🦀 [2025-11-01T18:45:57Z INFO flavor::psp::format_2025::launcher] ✅ Work environment is valid, skipping extraction and setup
🦀🦀     🦀 [2025-11-01T18:45:57Z DEBUG flavor::psp::format_2025::launcher::command] 🎯 Final command: /usr/bin/python3 C:\Users\runneradmin\.cache/flavor\workenv\pretaster-rs-rs/scripts/combo_test.py
🦀🦀     🦀 [2025-11-01T18:45:57Z DEBUG flavor::psp::format_2025::launcher::command] 🔍 Resolved executable '/usr/bin/python3' to 'C:\hostedtoolcache\windows\Python\3.9.13\x64\python3.exe'
🦀🦀     🦀 [2025-11-01T18:45:57Z DEBUG flavor::psp::format_2025::launcher::command] 🗂️ Setting FLAVOR_CACHE to HOST cache: C:\Users\runneradmin/.cache/flavor/workenv
🦀🦀     🦀 [2025-11-01T18:45:57Z DEBUG flavor::psp::format_2025::launcher] 🔄 Using exec mode - process will be replaced
🦀🦀     🦀 [2025-11-01T18:45:57Z DEBUG flavor::psp::format_2025::launcher] 📝 exec() not available on this platform, using spawn mode
🦀🦀     🦀 [2025-11-01T18:45:57Z DEBUG flavor::psp::format_2025::launcher] 👶 Using spawn mode - child process
🦀🦀     🦀 [2025-11-01T18:45:57Z INFO flavor::psp::format_2025::launcher] 🚀 Spawning: C:\hostedtoolcache\windows\Python\3.9.13\x64\python3.exe
🦀🦀     🚪 Exiting with code 0
🦀🦀     🦀 [2025-11-01T18:45:57Z DEBUG flavor_rs_launcher] ✅ Package launched successfully, exit code: 0
🦀🦀   ✅ exit test passed
🦀🦀
🦀🦀   7️⃣ Testing 'exit' command with code 42:
🦀🦀   ─────────────────────────────────────
🦀🦀     🚪 Exiting with code 42
🦀🦀     [0;32m✅ Got expected exit code: 42[0m
🦀🦀   ✅ exit 42 test passed
🦀🦀
🦀🦀 ✨ Completed testing Rs + Rs combination
🦀🦀 📄 Full log saved to: logs/pretaster-b_rs-l_rs.20251101_184553.log
