🐹🐹 📦 Building with Go Builder + Go Launcher
🐹🐹 ────────────────────────────────────────────────────────────────────────────────
🐹🐹 📝 Logging to: logs/pretaster-b_go-l_go.20251101_184553.log
{
  "name": "pretaster-combination",
  "version": "1.0.0",
  "description": "Simple test for builder/launcher combinations",
  "command": "/usr/bin/python3 {workenv}/scripts/combo_test.py",
  "environment": {},
  "package": {
    "name": "pretaster-combination",
    "version": "1.0.0",
    "description": "Simple test for builder/launcher combinations"
  },
  "format": "PSPF/2025",
  "slots": [
    {
      "slot": 0,
      "purpose": "payload",
      "lifecycle": "cached",
      "operations": "raw",
      "id": "combo-test-py",
      "source": "scripts/combo_test.py",
      "target": "scripts/combo_test.py",
      "permissions": "0755"
    }
  ],
  "execution": {
    "command": "/usr/bin/python3 {workenv}/scripts/combo_test.py",
    "args": [],
    "env": {},
    "primary_slot": 0
  }
}🐹 2025-11-01T18:46:04Z [INFO]  flavor-go-builder: 🐹🐹🐹 Hello from Flavor's Go Builder 🐹🐹🐹
🐹 2025-11-01T18:46:04Z [DEBUG] flavor-go-builder: Log level: level=trace source="CLI --log-level"
🐹 2025-11-01T18:46:04Z [INFO]  flavor-go-builder: PSPF Go Builder starting...
🐹 2025-11-01T18:46:04Z [INFO]  flavor-go-builder: 🚀 Loading launcher: path=D:/a/flavorpack/flavorpack/dist/bin/flavor-go-launcher-windows_amd64.exe
🐹 2025-11-01T18:46:04Z [INFO]  flavor-go-builder: 🔍 Launcher version:
🐹   version=
🐹   | flavor-go-launcher 0.3.0
🐹   | Built: 2025-11-01T18:31:36Z
🐹   
🐹 2025-11-01T18:46:04Z [DEBUG] flavor-go-builder: 🔍 Launcher path: path=D:/a/flavorpack/flavorpack/dist/bin/flavor-go-launcher-windows_amd64.exe
🐹 2025-11-01T18:46:04Z [DEBUG] flavor-go-builder: ✅ Launcher loaded: size=6078464
🐹 2025-11-01T18:46:04Z [DEBUG] flavor-go-builder: Detected Go launcher: pe_offset=0x80
🐹 2025-11-01T18:46:04Z [INFO]  flavor-go-builder: Using PE overlay approach for Go launcher (no PE modifications)
🐹 2025-11-01T18:46:04Z [DEBUG] flavor-go-builder: ✅ Launcher processed for PSPF: size=6078464
🐹 2025-11-01T18:46:04Z [DEBUG] flavor-go-builder: 📁 Ensuring output directory exists: dir=dist
🐹 2025-11-01T18:46:04Z [DEBUG] flavor-go-builder: 💾 Creating output file: path=dist/pretaster-go-go.psp
🐹 2025-11-01T18:46:04Z [DEBUG] flavor-go-builder: ✍️ Writing launcher to output: size=6078464
🐹 2025-11-01T18:46:04Z [DEBUG] flavor-go-builder: 📦 Creating PSPF index
🐹 2025-11-01T18:46:04Z [DEBUG] flavor-go-builder: 📈 Index details: format=PSPF2025 version=0x20250001 launcher_size=6078464
🐹 2025-11-01T18:46:04Z [DEBUG] flavor-go-builder: 🔐 Generating deterministic key pair from seed
🐹 2025-11-01T18:46:04Z [INFO]  flavor-go-builder: 🔑 Using seed-based key generation: seed_hash=ecd71870d1963316
🐹 2025-11-01T18:46:04Z [INFO]  flavor-go-builder: 📦 Processing slot metadata: count=1
🐹 2025-11-01T18:46:04Z [DEBUG] flavor-go-builder: 🔍 Slot processing details: alignment=8 descriptor_size=64
🐹 2025-11-01T18:46:04Z [DEBUG] flavor-go-builder: 📂 Processing slot: index=0 id=combo-test-py source=scripts/combo_test.py target=scripts/combo_test.py
🐹 2025-11-01T18:46:04Z [DEBUG] flavor-go-builder: 📊 Slot size: original=4791 operations=raw
🐹 2025-11-01T18:46:04Z [DEBUG] flavor-go-builder: ✅ Slot processed: index=0 id=combo-test-py compressed_size=4791 original_size=4791
🐹 2025-11-01T18:46:04Z [DEBUG] flavor-go-builder: 📜 Writing metadata (gzipped JSON): position=6078464
🐹 2025-11-01T18:46:04Z [DEBUG] flavor-go-builder: ✅ Metadata written: size=580
🐹 2025-11-01T18:46:04Z [DEBUG] flavor-go-builder: ✍️ Writing slot: id=0 offset=6079112 size=4791
🐹 2025-11-01T18:46:04Z [DEBUG] flavor-go-builder: 🔐 Index checksum calculated: checksum=0xc2c5443f
🐹 2025-11-01T18:46:04Z [DEBUG] flavor-go-builder: 🪄 Writing MagicTrailer
🐹 2025-11-01T18:46:04Z [INFO]  flavor-go-builder: ✅ Successfully built PSPF bundle: output=dist/pretaster-go-go.psp package=pretaster-combination version=1.0.0 launcher="" slots=1 size="5.81 MB"
🐹 2025-11-01T18:46:04Z [DEBUG] flavor-go-builder: 📦 Package details: checksum=0xc2c5443f metadata_size=580 slot_table_size=64
🐹 2025-11-01T18:46:04Z [DEBUG] flavor-go-builder: 🔧 Set executable permissions on output file
🐹 2025-11-01T18:46:04Z [DEBUG] flavor-go-builder: Detected Go launcher: pe_offset=0x80
🐹 2025-11-01T18:46:04Z [DEBUG] flavor-go-builder: Launcher type detected: type=go os=windows
🐹 2025-11-01T18:46:04Z [INFO]  flavor-go-builder: Windows Go launcher detected, will use PE resource embedding
🐹 2025-11-01T18:46:04Z [INFO]  flavor-go-builder: 🪟 Converting to PE resource embedding (Windows Go launcher)
🐹 2025-11-01T18:46:04Z [DEBUG] flavor-go-builder: Converting append-mode to resource-embedding: file=dist/pretaster-go-go.psp launcher_size=6078464
🐹 2025-11-01T18:46:04Z [DEBUG] flavor-go-builder: File sizes: total=6092103 launcher=6078464 pspf=13639
🐹 2025-11-01T18:46:04Z [DEBUG] flavor-go-builder: Extracted PSPF data: size=13639
🐹 2025-11-01T18:46:04Z [DEBUG] flavor-go-builder: Truncated file to launcher size: size=6078464
🐹 2025-11-01T18:46:04Z [DEBUG] flavor-go-builder: Forced GC and sleep to ensure file handles released after truncate
🐹 2025-11-01T18:46:04Z [INFO]  flavor-go-builder: Embedding PSPF data as PE resource: exe=dist/pretaster-go-go.psp pspf_size=13639 resource_type=10 resource_name=PSPF
🐹 2025-11-01T18:46:04Z [DEBUG] flavor-go-builder: Creating new resource set (no existing resources)
🐹 2025-11-01T18:46:04Z [DEBUG] flavor-go-builder: Setting PSPF resource data: type=10 name=PSPF lang=0x0409 size=13639
🐹 2025-11-01T18:46:04Z [DEBUG] flavor-go-builder: Writing resources to temporary file
🐹 2025-11-01T18:46:04Z [DEBUG] flavor-go-builder: Files closed, attempting atomic file replacement with MoveFileEx
🐹 2025-11-01T18:46:04Z [DEBUG] flavor-go-builder: Retrying atomic file replacement (Windows file lock): attempt=1 next_delay_ms=50 error="Access is denied."
🐹 2025-11-01T18:46:04Z [DEBUG] flavor-go-builder: Retrying atomic file replacement (Windows file lock): attempt=2 next_delay_ms=100 error="Access is denied."
🐹 2025-11-01T18:46:04Z [ERROR] flavor-go-builder: Failed to replace EXE atomically after retries: attempts=3 error="Access is denied."
🐹 2025-11-01T18:46:04Z [ERROR] flavor-go-builder: ❌ Failed to convert to resource embedding: error="failed to embed as resource: failed to replace EXE atomically after 3 attempts (Windows file lock): Access is denied."
🐹🐹   ❌ Build failed with exit code 1!
