🦀🐹 📦 Building with Rs Builder + Go Launcher
🦀🐹 ────────────────────────────────────────────────────────────────────────────────
🦀🐹 📝 Logging to: logs/pretaster-b_rs-l_go.20251101_184553.log
{
  "name": "pretaster-combination",
  "version": "1.0.0",
  "description": "Simple test for builder/launcher combinations",
  "command": "/usr/bin/python3 {workenv}/scripts/combo_test.py",
  "environment": {},
  "package": {
    "name": "pretaster-combination",
    "version": "1.0.0",
    "description": "Simple test for builder/launcher combinations"
  },
  "format": "PSPF/2025",
  "slots": [
    {
      "slot": 0,
      "purpose": "payload",
      "lifecycle": "cached",
      "operations": "raw",
      "id": "combo-test-py",
      "source": "scripts/combo_test.py",
      "target": "scripts/combo_test.py",
      "permissions": "0755"
    }
  ],
  "execution": {
    "command": "/usr/bin/python3 {workenv}/scripts/combo_test.py",
    "args": [],
    "env": {},
    "primary_slot": 0
  }
}🦀 [2025-11-01T18:45:57Z INFO flavor::psp::format_2025::builder] 🦀🦀🦀 Hello from Flavor's Rust Builder 🦀🦀🦀
🦀 [2025-11-01T18:45:57Z INFO flavor::psp::format_2025::builder] PSPF Rust Builder starting...
🦀 [2025-11-01T18:45:57Z INFO flavor::psp::format_2025::builder] 🔨 Building PSPF/2025 package from: "configs/test-combination.json"
🦀 [2025-11-01T18:45:57Z TRACE flavor::psp::format_2025::builder] 🔍 Build options: BuildOptions { launcher_bin: Some("D:/a/flavorpack/flavorpack/dist/bin/flavor-go-launcher-windows_amd64.exe"), skip_verification: false, private_key_path: None, public_key_path: None, key_seed: Some("test123"), workenv_base: None }
🦀 [2025-11-01T18:45:57Z TRACE flavor::psp::format_2025::builder] ✅ Manifest parsed in 62.7µs
🦀 [2025-11-01T18:45:57Z TRACE flavor::psp::format_2025::builder] 📄 Created output file: "dist/pretaster-rs-go.psp"
🦀 [2025-11-01T18:45:57Z INFO flavor::psp::format_2025::builder] 🚀 Loading launcher: D:/a/flavorpack/flavorpack/dist/bin/flavor-go-launcher-windows_amd64.exe
🦀 [2025-11-01T18:45:58Z INFO flavor::psp::format_2025::builder] 🔍 Launcher version: flavor-go-launcher 0.3.0
Built: 2025-11-01T18:31:36Z
🦀 [2025-11-01T18:45:58Z DEBUG flavor::psp::format_2025::pe_utils] Detected Go launcher, pe_offset=0x80
🦀 [2025-11-01T18:45:58Z INFO flavor::psp::format_2025::pe_utils] Using PE overlay approach for Go launcher (appended data)
🦀 [2025-11-01T18:45:58Z DEBUG flavor::psp::format_2025::pe_utils] Note: PE resource embedding disabled in Rust builder - Go builder recommended for Windows+Go
🦀 [2025-11-01T18:45:58Z DEBUG flavor::psp::format_2025::builder] 🚀 Loaded and processed launcher: 6078464 bytes in 11.7435ms
🦀 [2025-11-01T18:45:58Z TRACE flavor::psp::format_2025::builder] ✍️ Wrote launcher in 1.5179ms
🦀 [2025-11-01T18:45:58Z INFO flavor::psp::format_2025::keys] 🔑 Using seed-based key generation
🦀 [2025-11-01T18:45:58Z INFO flavor::psp::format_2025::keys] 🔑 Using seed-based key generation: seed_hash=6db8da2e476f5655
🦀 [2025-11-01T18:45:58Z TRACE flavor::psp::format_2025::builder] 📦 Creating PSPF/2025 index structure
🦀 [2025-11-01T18:45:58Z DEBUG flavor::psp::format_2025::builder] 📍 Data section starts at 0x5ce000 (after launcher 0x5cc000 + index 512)
🦀 [2025-11-01T18:45:58Z DEBUG flavor::psp::format_2025::builder::slot_processor] 🎰 Processing 1 slots
🦀 [2025-11-01T18:45:58Z TRACE flavor::psp::format_2025::builder::slot_processor] 📖 Processing slot 0: scripts/combo_test.py
🦀 [2025-11-01T18:45:58Z INFO flavor::psp::format_2025::builder::slot_processor] 📍 Slot path has no {workenv}: scripts/combo_test.py
🦀 [2025-11-01T18:45:58Z INFO flavor::psp::format_2025::builder::slot_processor] Attempting to open slot file at: "scripts/combo_test.py"
🦀 [2025-11-01T18:45:58Z TRACE flavor::psp::format_2025::builder::slot_processor] 📊 Slot 0 size: 4791 bytes
🦀 [2025-11-01T18:45:58Z TRACE flavor::psp::format_2025::builder::slot_processor] ☑️ Checksums calculated in 1.359ms
🦀 [2025-11-01T18:45:58Z INFO flavor::psp::format_2025::builder::slot_processor] Slot 0: SHA256 checksum: sha256:71182b7ea300b3e1456edbc21376ce0f77f1612c9ab4976a377e11941925ff81
🦀 [2025-11-01T18:45:58Z DEBUG flavor::psp::format_2025::builder::slot_processor] Slot 0: SHA256 u64 (first 8 bytes): e1b300a37e2b1871
🦀 [2025-11-01T18:45:58Z TRACE flavor::psp::format_2025::operations] 📦 Packing operations: count=0 operations=[]
🦀 [2025-11-01T18:45:58Z DEBUG flavor::psp::format_2025::operations] ✅ Operations packed: result=0
🦀 [2025-11-01T18:45:58Z DEBUG flavor::psp::format_2025::builder::slot_processor] 📍 Slot 0: combo-test-py size 4791 bytes, checksum e1b300a37e2b1871
🦀 [2025-11-01T18:45:58Z DEBUG flavor::psp::format_2025::builder::slot_processor] ✅ Processed 1 slots in 1.5938ms
🦀 [2025-11-01T18:45:58Z TRACE flavor::psp::format_2025::builder::metadata] 📝 Creating and signing metadata
🦀 [2025-11-01T18:45:58Z DEBUG flavor::psp::format_2025::builder::finalization] 📝 Writing metadata at position 0x5ce000
🦀 [2025-11-01T18:45:58Z DEBUG flavor::psp::format_2025::builder::finalization] 📝 Wrote metadata: start=0x5ce000, size=695, end=0x5ce2b7
🦀 [2025-11-01T18:45:58Z DEBUG flavor::psp::format_2025::builder::finalization] 📍 Current position after metadata: 0x5ce2b7
🦀 [2025-11-01T18:45:58Z DEBUG flavor::psp::format_2025::builder::finalization] 📍 Aligned descriptor table offset: 0x5ce2b8 (aligned from 0x5ce2b7)
🦀 [2025-11-01T18:45:58Z INFO flavor::psp::format_2025::builder::finalization] 🔍 Setting descriptor_offset to 0x5ce2b8 for 1 descriptors
🦀 [2025-11-01T18:45:58Z DEBUG flavor::psp::format_2025::builder::finalization] 📊 Reserved 64 bytes for 1 descriptors at offset 0x5ce2b8
🦀 [2025-11-01T18:45:58Z TRACE flavor::psp::format_2025::builder::finalization] 📦 Streaming slot data to output
🦀 [2025-11-01T18:45:58Z DEBUG flavor::psp::format_2025::builder::finalization] 📍 Wrote slot 0: offset=0x5ce2f8, size=4791 bytes
🦀 [2025-11-01T18:45:58Z TRACE flavor::psp::format_2025::slots] 🦀 Packing checksum: value=e1b300a37e2b1871, bytes=[71, 18, 2b, 7e, a3, 00, b3, e1]
🦀 [2025-11-01T18:45:58Z TRACE flavor::psp::format_2025::builder::finalization] ✍️ Wrote 64-byte descriptor for slot 0
🦀 [2025-11-01T18:45:58Z DEBUG flavor::psp::format_2025::builder::finalization] 📋 Wrote 1 descriptors at offset 0x5ce2b8
🦀 [2025-11-01T18:45:58Z TRACE flavor::psp::format_2025::builder::finalization] 🎬 Finalizing package with MagicTrailer
🦀 [2025-11-01T18:45:58Z INFO flavor::psp::format_2025::builder::finalization] ✅ Successfully built PSPF bundle: "dist/pretaster-rs-go.psp"
🦀 [2025-11-01T18:45:58Z INFO flavor::psp::format_2025::builder::finalization]   Package: pretaster-combination v1.0.0
🦀 [2025-11-01T18:45:58Z INFO flavor::psp::format_2025::builder::finalization]   Launcher: D:/a/flavorpack/flavorpack/dist/bin/flavor-go-launcher-windows_amd64.exe
🦀 [2025-11-01T18:45:58Z INFO flavor::psp::format_2025::builder::finalization]   Slots: 1
🦀 [2025-11-01T18:45:58Z INFO flavor::psp::format_2025::builder::finalization]   Size: 6100407 bytes
🦀🐹   ✅ Build successful: dist/pretaster-rs-go.psp
🦀🐹
🦀🐹   🔍 Immediate .exe validation...
🦀🐹   ✅ Windows loaded .exe successfully
🦀🐹
🦀🐹   🔍 Validating PE header...
🦀🐹   ✅ Valid MZ signature (PE executable)
🦀🐹   📍 PE header offset: 0x00000080 (raw bytes: 80000000)
🦀🐹   📄 File type: dist/pretaster-rs-go.psp: PE32+ executable for MS Windows 6.01 (console), x86-64, 15 sections
🦀🐹
🦀🐹   Testing commands:
🦀🐹
🦀🐹   1️⃣ Testing 'info' command:
🦀🐹   ─────────────────────────
🦀🐹     [GO] 2025-11-01T18:45:58Z [DEBUG] flavor-go-launcher: 📖 Reading PSPF bundle
🦀🐹     [GO] 2025-11-01T18:45:58Z [DEBUG] flavor-go-launcher: 🔧 Environment variables received from parent process: count=156
🦀🐹     [GO] 2025-11-01T18:45:58Z [DEBUG] flavor-go-launcher: 📁 User working directory: path=D:\a\flavorpack\flavorpack\tests\pretaster
🦀🐹     [GO] 2025-11-01T18:45:58Z [INFO]  flavor-go-launcher: 💻 Windows detected - using spawn mode (exec mode not supported on Windows)
🦀🐹     [GO] 2025-11-01T18:45:58Z [DEBUG] flavor-go-launcher: 👶 Using spawn mode (child process)
🦀🐹     [GO] 2025-11-01T18:45:58Z [DEBUG] flavor-go-launcher: Checking bundle path preparation method: exe=D:\a\flavorpack\flavorpack\tests\pretaster\dist\pretaster-rs-go.psp
🦀🐹     [GO] 2025-11-01T18:45:58Z [DEBUG] flavor-go-launcher: Reading PSPF from PE resources: exe=D:\a\flavorpack\flavorpack\tests\pretaster\dist\pretaster-rs-go.psp
🦀🐹     [GO] 2025-11-01T18:45:58Z [DEBUG] flavor-go-launcher: Loaded EXE as data file: handle=3276800
🦀🐹     [GO] 2025-11-01T18:45:58Z [DEBUG] flavor-go-launcher: 📖 No PE resource detected, reading PSPF from EOF (appended to executable)
🦀🐹     [GO] 2025-11-01T18:45:58Z [DEBUG] flavor-go-launcher: Found index in MagicTrailer: trailer_size=8200 file_size=6100407
🦀🐹     [GO] 2025-11-01T18:45:58Z [DEBUG] flavor-go-launcher: Parsing index from MagicTrailer: size=8192
🦀🐹     [GO] 2025-11-01T18:45:58Z [DEBUG] flavor-go-launcher: 🔍 Verifying package integrity: level=1
🦀🐹     [GO] 2025-11-01T18:45:58Z [DEBUG] flavor-go-launcher: ✅ Package integrity verified
🦀🐹     [GO] 2025-11-01T18:45:58Z [INFO]  flavor-go-launcher: 📦 Package: name=pretaster-combination version=1.0.0
🦀🐹     [GO] 2025-11-01T18:45:58Z [DEBUG] flavor-go-launcher: 🎯 Primary slot: slot=0
🦀🐹     [GO] 2025-11-01T18:45:58Z [DEBUG] flavor-go-launcher: 🔧 Command: command="/usr/bin/python3 {workenv}/scripts/combo_test.py"
🦀🐹     [GO] 2025-11-01T18:45:58Z [INFO]  flavor-go-launcher: 📁 Work environment: path=C:\Users\runneradmin\.cache\flavor\workenv\pretaster-rs-go
🦀🐹     [GO] 2025-11-01T18:45:58Z [DEBUG] flavor-go-launcher: 🔍 Checking cache validity
🦀🐹     [GO] 2025-11-01T18:45:58Z [DEBUG] flavor-go-launcher: 🔍 No extraction completion marker found
🦀🐹     [GO] 2025-11-01T18:45:58Z [INFO]  flavor-go-launcher: ❌ Cache invalid, will extract
🦀🐹     [GO] 2025-11-01T18:45:58Z [DEBUG] flavor-go-launcher: 💾 Disk space check: needed_gb=0.00 available_gb=35.73
🦀🐹     [GO] 2025-11-01T18:45:58Z [DEBUG] flavor-go-launcher: ✅ Sufficient disk space available
🦀🐹     [GO] 2025-11-01T18:45:58Z [DEBUG] flavor-go-launcher: 🔒 Acquired extraction lock: pid=5636
🦀🐹     [GO] 2025-11-01T18:45:58Z [INFO]  flavor-go-launcher: 📁 Created temporary extraction directory: path=C:\Users\runneradmin\.cache\flavor\workenv\.pretaster-rs-go.pspf\tmp\5636
🦀🐹     [GO] 2025-11-01T18:45:58Z [INFO]  flavor-go-launcher: 📤 Extracting slots to temp directory: count=1
🦀🐹     [GO] 2025-11-01T18:45:58Z [DEBUG] flavor-go-launcher: 📦 Extracting slot: index=0 id=combo-test-py size=4791
🦀🐹     [1/1] Extracting combo-test-py...
🦀🐹     2025-11-01T18:45:58.729Z [TRACE] pspf2025.slots: 📂 Unpacking slot descriptor
🦀🐹     2025-11-01T18:45:58.810Z [DEBUG] pspf2025.slots: ✅ Unpacked slot descriptor: id=0 operations=0x0000000000000000
🦀🐹     [GO] 2025-11-01T18:45:58Z [DEBUG] flavor-go-launcher: 🐹 Go launcher verifying slot checksum: slot_id=0 data_length=4791 first_16_bytes=23212f7573722f62696e2f656e762070 computed_checksum=e1b300a37e2b1871 expected_checksum=e1b300a37e2b1871
🦀🐹     2025-11-01T18:45:58.810Z [TRACE] pspf2025.operations: 📂 Unpacking operations: packed=0
🦀🐹     2025-11-01T18:45:58.810Z [DEBUG] pspf2025.operations: ✅ Operations unpacked: count=0 operations=[]
🦀🐹     [GO] 2025-11-01T18:45:58Z [DEBUG] flavor-go-launcher: ✅ Extracted slot: path=C:\Users\runneradmin\.cache\flavor\workenv\.pretaster-rs-go.pspf\tmp\5636\scripts\combo_test.py
🦀🐹     [GO] 2025-11-01T18:45:58Z [DEBUG] flavor-go-launcher: 📝 Wrote metadata to cache location: path=C:\Users\runneradmin\.cache\flavor\workenv\.pretaster-rs-go.pspf\package\psp.json
🦀🐹     [GO] 2025-11-01T18:45:58Z [INFO]  flavor-go-launcher: 🔄 Moving extracted content to final location...
🦀🐹     [GO] 2025-11-01T18:45:58Z [DEBUG] flavor-go-launcher: Moving: from=C:\Users\runneradmin\.cache\flavor\workenv\.pretaster-rs-go.pspf\tmp\5636\scripts to=C:\Users\runneradmin\.cache\flavor\workenv\pretaster-rs-go\scripts
🦀🐹     [GO] 2025-11-01T18:45:58Z [DEBUG] flavor-go-launcher: 💾 Saved index metadata: path=C:\Users\runneradmin\.cache\flavor\workenv\.pretaster-rs-go.pspf\instance\index.json
🦀🐹     [GO] 2025-11-01T18:45:58Z [DEBUG] flavor-go-launcher: ✅ Marked extraction as complete
🦀🐹     [GO] 2025-11-01T18:45:58Z [DEBUG] flavor-go-launcher: 💾 Saved package checksum: checksum=e69d45ff
🦀🐹     [GO] 2025-11-01T18:45:58Z [DEBUG] flavor-go-launcher: 🔍 Extracted basename from Unix path: original=/usr/bin/python3 basename=python3
🦀🐹     [GO] 2025-11-01T18:45:58Z [DEBUG] flavor-go-launcher: ✅ Resolved executable via PATH: input=/usr/bin/python3 resolved=C:\hostedtoolcache\windows\Python\3.9.13\x64\python3.exe
🦀🐹     [GO] 2025-11-01T18:45:58Z [DEBUG] flavor-go-launcher: 🏷️ Attempted to set argv[0] (Go limitation: won't work): argv0=pretaster-rs-go.psp original=D:\a\flavorpack\flavorpack\tests\pretaster\dist\pretaster-rs-go.psp fullArgs=["pretaster-rs-go.psp", "C:/REDACTED_ABS_PATH", "info"]
🦀🐹     [GO] 2025-11-01T18:45:58Z [DEBUG] flavor-go-launcher: 🌍 Inheriting parent environment: vars_count=156
🦀🐹     [GO] 2025-11-01T18:45:58Z [DEBUG] flavor-go-launcher: 🗂️ Setting FLAVOR_CACHE to HOST cache: path=C:\Users\runneradmin/.cache/flavor/workenv
🦀🐹     [GO] 2025-11-01T18:45:58Z [DEBUG] flavor-go-launcher: ➕ Added FLAVOR_WORKENV: path=C:\Users\runneradmin\.cache\flavor\workenv\pretaster-rs-go
🦀🐹     [GO] 2025-11-01T18:45:58Z [DEBUG] flavor-go-launcher: 🏷️ Added command name environment variables: FLAVOR_ORIGINAL_COMMAND=D:\a\flavorpack\flavorpack\tests\pretaster\dist\pretaster-rs-go.psp FLAVOR_COMMAND_NAME=pretaster-rs-go.psp
🦀🐹     [GO] 2025-11-01T18:45:58Z [DEBUG] flavor-go-launcher: 📂 Setting working directory: path=D:\a\flavorpack\flavorpack\tests\pretaster
🦀🐹     [GO] 2025-11-01T18:45:58Z [INFO]  flavor-go-launcher: 🚀 Executing command: path=C:\hostedtoolcache\windows\Python\3.9.13\x64\python3.exe
🦀🐹     [GO] 2025-11-01T18:45:58Z [DEBUG] flavor-go-launcher: 🎯 Command details: args=["C:/REDACTED_ABS_PATH", "info"] cwd=D:\a\flavorpack\flavorpack\tests\pretaster
🦀🐹     [GO] 2025-11-01T18:45:58Z [DEBUG] flavor-go-launcher: 📊 Final environment state: total_vars=160
🦀🐹     [GO] 2025-11-01T18:45:58Z [DEBUG] flavor-go-launcher: 🔓 Released extraction lock
🦀🐹     [GO] 2025-11-01T18:45:58Z [INFO]  flavor-go-launcher: 🚀 Spawning child process: command=C:\hostedtoolcache\windows\Python\3.9.13\x64\python3.exe args=["C:/REDACTED_ABS_PATH", "info"]
🦀🐹       Package: pretaster-combination
🦀🐹       Version: 1.0.0
🦀🐹       Python: C:\hostedtoolcache\windows\Python\3.9.13\x64\python3.exe
🦀🐹       Workenv: C:\Users\runneradmin\.cache\flavor\workenv\pretaster-rs-go
🦀🐹     [GO] 2025-11-01T18:45:58Z [INFO]  flavor-go-launcher: ⏹️ Process exited successfully: code=0
🦀🐹     [GO] 2025-11-01T18:45:58Z [DEBUG] flavor-go-launcher: Calling os.Exit(0) to terminate launcher with success
🦀🐹   ✅ info test passed
🦀🐹
🦀🐹   2️⃣ Testing 'env' command:
🦀🐹   ─────────────────────────
🦀🐹     [GO] 2025-11-01T18:45:59Z [DEBUG] flavor-go-launcher: 📖 Reading PSPF bundle
🦀🐹     [GO] 2025-11-01T18:45:59Z [DEBUG] flavor-go-launcher: 🔧 Environment variables received from parent process: count=156
🦀🐹     [GO] 2025-11-01T18:45:59Z [DEBUG] flavor-go-launcher: 📁 User working directory: path=D:\a\flavorpack\flavorpack\tests\pretaster
🦀🐹     [GO] 2025-11-01T18:45:59Z [INFO]  flavor-go-launcher: 💻 Windows detected - using spawn mode (exec mode not supported on Windows)
🦀🐹     [GO] 2025-11-01T18:45:59Z [DEBUG] flavor-go-launcher: 👶 Using spawn mode (child process)
🦀🐹     [GO] 2025-11-01T18:45:59Z [DEBUG] flavor-go-launcher: Checking bundle path preparation method: exe=D:\a\flavorpack\flavorpack\tests\pretaster\dist\pretaster-rs-go.psp
🦀🐹     [GO] 2025-11-01T18:45:59Z [DEBUG] flavor-go-launcher: Reading PSPF from PE resources: exe=D:\a\flavorpack\flavorpack\tests\pretaster\dist\pretaster-rs-go.psp
🦀🐹     [GO] 2025-11-01T18:45:59Z [DEBUG] flavor-go-launcher: Loaded EXE as data file: handle=3276800
🦀🐹     [GO] 2025-11-01T18:45:59Z [DEBUG] flavor-go-launcher: 📖 No PE resource detected, reading PSPF from EOF (appended to executable)
🦀🐹     [GO] 2025-11-01T18:45:59Z [DEBUG] flavor-go-launcher: Found index in MagicTrailer: trailer_size=8200 file_size=6100407
🦀🐹   ✅ env test passed
🦀🐹
🦀🐹   3️⃣ Testing 'argv' with arguments:
🦀🐹   ─────────────────────────
🦀🐹     [GO] 2025-11-01T18:45:59Z [DEBUG] flavor-go-launcher: 📖 Reading PSPF bundle
🦀🐹     [GO] 2025-11-01T18:45:59Z [DEBUG] flavor-go-launcher: 🔧 Environment variables received from parent process: count=156
🦀🐹     [GO] 2025-11-01T18:45:59Z [DEBUG] flavor-go-launcher: 📁 User working directory: path=D:\a\flavorpack\flavorpack\tests\pretaster
🦀🐹     [GO] 2025-11-01T18:45:59Z [INFO]  flavor-go-launcher: 💻 Windows detected - using spawn mode (exec mode not supported on Windows)
🦀🐹     [GO] 2025-11-01T18:45:59Z [DEBUG] flavor-go-launcher: 👶 Using spawn mode (child process)
🦀🐹     [GO] 2025-11-01T18:45:59Z [DEBUG] flavor-go-launcher: Checking bundle path preparation method: exe=D:\a\flavorpack\flavorpack\tests\pretaster\dist\pretaster-rs-go.psp
🦀🐹     [GO] 2025-11-01T18:45:59Z [DEBUG] flavor-go-launcher: Reading PSPF from PE resources: exe=D:\a\flavorpack\flavorpack\tests\pretaster\dist\pretaster-rs-go.psp
🦀🐹     [GO] 2025-11-01T18:45:59Z [DEBUG] flavor-go-launcher: Loaded EXE as data file: handle=3276800
🦀🐹     [GO] 2025-11-01T18:45:59Z [DEBUG] flavor-go-launcher: 📖 No PE resource detected, reading PSPF from EOF (appended to executable)
🦀🐹     [GO] 2025-11-01T18:45:59Z [DEBUG] flavor-go-launcher: Found index in MagicTrailer: trailer_size=8200 file_size=6100407
🦀🐹     [GO] 2025-11-01T18:45:59Z [DEBUG] flavor-go-launcher: Parsing index from MagicTrailer: size=8192
🦀🐹     [GO] 2025-11-01T18:45:59Z [DEBUG] flavor-go-launcher: 🔍 Verifying package integrity: level=1
🦀🐹     [GO] 2025-11-01T18:45:59Z [DEBUG] flavor-go-launcher: ✅ Package integrity verified
🦀🐹     [GO] 2025-11-01T18:45:59Z [INFO]  flavor-go-launcher: 📦 Package: name=pretaster-combination version=1.0.0
🦀🐹     [GO] 2025-11-01T18:45:59Z [DEBUG] flavor-go-launcher: 🎯 Primary slot: slot=0
🦀🐹     [GO] 2025-11-01T18:45:59Z [DEBUG] flavor-go-launcher: 🔧 Command: command="/usr/bin/python3 {workenv}/scripts/combo_test.py"
🦀🐹     [GO] 2025-11-01T18:45:59Z [INFO]  flavor-go-launcher: 📁 Work environment: path=C:\Users\runneradmin\.cache\flavor\workenv\pretaster-rs-go
🦀🐹     [GO] 2025-11-01T18:45:59Z [DEBUG] flavor-go-launcher: 🔍 Checking cache validity
🦀🐹     [GO] 2025-11-01T18:45:59Z [DEBUG] flavor-go-launcher: ✅ Package checksum matches cached version: checksum=e69d45ff
🦀🐹     [GO] 2025-11-01T18:45:59Z [INFO]  flavor-go-launcher: ✅ Cache is valid, skipping extraction
🦀🐹     [GO] 2025-11-01T18:45:59Z [INFO]  flavor-go-launcher: ✅ Work environment is valid, skipping persistent slot extraction
🦀🐹     [GO] 2025-11-01T18:45:59Z [DEBUG] flavor-go-launcher: 🔍 Extracted basename from Unix path: original=/usr/bin/python3 basename=python3
🦀🐹     [GO] 2025-11-01T18:45:59Z [DEBUG] flavor-go-launcher: ✅ Resolved executable via PATH: input=/usr/bin/python3 resolved=C:\hostedtoolcache\windows\Python\3.9.13\x64\python3.exe
🦀🐹     [GO] 2025-11-01T18:45:59Z [DEBUG] flavor-go-launcher: 🏷️ Attempted to set argv[0] (Go limitation: won't work): argv0=pretaster-rs-go.psp original=D:\a\flavorpack\flavorpack\tests\pretaster\dist\pretaster-rs-go.psp fullArgs=["pretaster-rs-go.psp", "C:/REDACTED_ABS_PATH", "argv", "arg1", "arg2", "'arg", "with", "spaces'"]
🦀🐹     [GO] 2025-11-01T18:45:59Z [DEBUG] flavor-go-launcher: 🌍 Inheriting parent environment: vars_count=156
🦀🐹     [GO] 2025-11-01T18:45:59Z [DEBUG] flavor-go-launcher: 🗂️ Setting FLAVOR_CACHE to HOST cache: path=C:\Users\runneradmin/.cache/flavor/workenv
🦀🐹     [GO] 2025-11-01T18:45:59Z [DEBUG] flavor-go-launcher: ➕ Added FLAVOR_WORKENV: path=C:\Users\runneradmin\.cache\flavor\workenv\pretaster-rs-go
🦀🐹     [GO] 2025-11-01T18:45:59Z [DEBUG] flavor-go-launcher: 🏷️ Added command name environment variables: FLAVOR_ORIGINAL_COMMAND=D:\a\flavorpack\flavorpack\tests\pretaster\dist\pretaster-rs-go.psp FLAVOR_COMMAND_NAME=pretaster-rs-go.psp
🦀🐹     [GO] 2025-11-01T18:45:59Z [DEBUG] flavor-go-launcher: 📂 Setting working directory: path=D:\a\flavorpack\flavorpack\tests\pretaster
🦀🐹     [GO] 2025-11-01T18:45:59Z [INFO]  flavor-go-launcher: 🚀 Executing command: path=C:\hostedtoolcache\windows\Python\3.9.13\x64\python3.exe
🦀🐹     [GO] 2025-11-01T18:45:59Z [DEBUG] flavor-go-launcher: 🎯 Command details: args=["C:/REDACTED_ABS_PATH", "argv", "arg1", "arg2", "'arg", "with", "spaces'"] cwd=D:\a\flavorpack\flavorpack\tests\pretaster
🦀🐹     [GO] 2025-11-01T18:45:59Z [DEBUG] flavor-go-launcher: 📊 Final environment state: total_vars=160
🦀🐹     [GO] 2025-11-01T18:45:59Z [INFO]  flavor-go-launcher: 🚀 Spawning child process: command=C:\hostedtoolcache\windows\Python\3.9.13\x64\python3.exe args=["C:/REDACTED_ABS_PATH", "argv", "arg1", "arg2", "'arg", "with", "spaces'"]
🦀🐹     📝 Arguments received:
🦀🐹       [0]: arg1
🦀🐹       [1]: arg2
🦀🐹       [2]: 'arg
🦀🐹       [3]: with
🦀🐹       [4]: spaces'
🦀🐹     [GO] 2025-11-01T18:45:59Z [INFO]  flavor-go-launcher: ⏹️ Process exited successfully: code=0
🦀🐹     [GO] 2025-11-01T18:45:59Z [DEBUG] flavor-go-launcher: Calling os.Exit(0) to terminate launcher with success
🦀🐹   ✅ argv test passed
🦀🐹
🦀🐹   4️⃣ Testing 'echo' command:
🦀🐹   ─────────────────────────
🦀🐹     [GO] 2025-11-01T18:45:59Z [DEBUG] flavor-go-launcher: 📖 Reading PSPF bundle
🦀🐹     [GO] 2025-11-01T18:45:59Z [DEBUG] flavor-go-launcher: 🔧 Environment variables received from parent process: count=156
🦀🐹     [GO] 2025-11-01T18:45:59Z [DEBUG] flavor-go-launcher: 📁 User working directory: path=D:\a\flavorpack\flavorpack\tests\pretaster
🦀🐹     [GO] 2025-11-01T18:45:59Z [INFO]  flavor-go-launcher: 💻 Windows detected - using spawn mode (exec mode not supported on Windows)
🦀🐹     [GO] 2025-11-01T18:45:59Z [DEBUG] flavor-go-launcher: 👶 Using spawn mode (child process)
🦀🐹     [GO] 2025-11-01T18:45:59Z [DEBUG] flavor-go-launcher: Checking bundle path preparation method: exe=D:\a\flavorpack\flavorpack\tests\pretaster\dist\pretaster-rs-go.psp
🦀🐹     [GO] 2025-11-01T18:45:59Z [DEBUG] flavor-go-launcher: Reading PSPF from PE resources: exe=D:\a\flavorpack\flavorpack\tests\pretaster\dist\pretaster-rs-go.psp
🦀🐹     [GO] 2025-11-01T18:45:59Z [DEBUG] flavor-go-launcher: Loaded EXE as data file: handle=3276800
🦀🐹     [GO] 2025-11-01T18:45:59Z [DEBUG] flavor-go-launcher: 📖 No PE resource detected, reading PSPF from EOF (appended to executable)
🦀🐹     [GO] 2025-11-01T18:45:59Z [DEBUG] flavor-go-launcher: Found index in MagicTrailer: trailer_size=8200 file_size=6100407
🦀🐹     [GO] 2025-11-01T18:45:59Z [DEBUG] flavor-go-launcher: Parsing index from MagicTrailer: size=8192
🦀🐹     [GO] 2025-11-01T18:45:59Z [DEBUG] flavor-go-launcher: 🔍 Verifying package integrity: level=1
🦀🐹     [GO] 2025-11-01T18:45:59Z [DEBUG] flavor-go-launcher: ✅ Package integrity verified
🦀🐹     [GO] 2025-11-01T18:45:59Z [INFO]  flavor-go-launcher: 📦 Package: name=pretaster-combination version=1.0.0
🦀🐹     [GO] 2025-11-01T18:45:59Z [DEBUG] flavor-go-launcher: 🎯 Primary slot: slot=0
🦀🐹     [GO] 2025-11-01T18:45:59Z [DEBUG] flavor-go-launcher: 🔧 Command: command="/usr/bin/python3 {workenv}/scripts/combo_test.py"
🦀🐹     [GO] 2025-11-01T18:45:59Z [INFO]  flavor-go-launcher: 📁 Work environment: path=C:\Users\runneradmin\.cache\flavor\workenv\pretaster-rs-go
🦀🐹     [GO] 2025-11-01T18:45:59Z [DEBUG] flavor-go-launcher: 🔍 Checking cache validity
🦀🐹     [GO] 2025-11-01T18:45:59Z [DEBUG] flavor-go-launcher: ✅ Package checksum matches cached version: checksum=e69d45ff
🦀🐹     [GO] 2025-11-01T18:45:59Z [INFO]  flavor-go-launcher: ✅ Cache is valid, skipping extraction
🦀🐹     [GO] 2025-11-01T18:45:59Z [INFO]  flavor-go-launcher: ✅ Work environment is valid, skipping persistent slot extraction
🦀🐹     [GO] 2025-11-01T18:45:59Z [DEBUG] flavor-go-launcher: 🔍 Extracted basename from Unix path: original=/usr/bin/python3 basename=python3
🦀🐹     [GO] 2025-11-01T18:45:59Z [DEBUG] flavor-go-launcher: ✅ Resolved executable via PATH: input=/usr/bin/python3 resolved=C:\hostedtoolcache\windows\Python\3.9.13\x64\python3.exe
🦀🐹     [GO] 2025-11-01T18:45:59Z [DEBUG] flavor-go-launcher: 🏷️ Attempted to set argv[0] (Go limitation: won't work): argv0=pretaster-rs-go.psp original=D:\a\flavorpack\flavorpack\tests\pretaster\dist\pretaster-rs-go.psp fullArgs=["pretaster-rs-go.psp", "C:/REDACTED_ABS_PATH", "echo", "Hello", "from", "Rs", "builder", "and", "Go", "launcher!"]
🦀🐹     [GO] 2025-11-01T18:45:59Z [DEBUG] flavor-go-launcher: 🌍 Inheriting parent environment: vars_count=156
🦀🐹     [GO] 2025-11-01T18:45:59Z [DEBUG] flavor-go-launcher: 🗂️ Setting FLAVOR_CACHE to HOST cache: path=C:\Users\runneradmin/.cache/flavor/workenv
🦀🐹     [GO] 2025-11-01T18:45:59Z [DEBUG] flavor-go-launcher: ➕ Added FLAVOR_WORKENV: path=C:\Users\runneradmin\.cache\flavor\workenv\pretaster-rs-go
🦀🐹     [GO] 2025-11-01T18:45:59Z [DEBUG] flavor-go-launcher: 🏷️ Added command name environment variables: FLAVOR_ORIGINAL_COMMAND=D:\a\flavorpack\flavorpack\tests\pretaster\dist\pretaster-rs-go.psp FLAVOR_COMMAND_NAME=pretaster-rs-go.psp
🦀🐹     [GO] 2025-11-01T18:45:59Z [DEBUG] flavor-go-launcher: 📂 Setting working directory: path=D:\a\flavorpack\flavorpack\tests\pretaster
🦀🐹     [GO] 2025-11-01T18:45:59Z [INFO]  flavor-go-launcher: 🚀 Executing command: path=C:\hostedtoolcache\windows\Python\3.9.13\x64\python3.exe
🦀🐹     [GO] 2025-11-01T18:45:59Z [DEBUG] flavor-go-launcher: 🎯 Command details: args=["C:/REDACTED_ABS_PATH", "echo", "Hello", "from", "Rs", "builder", "and", "Go", "launcher!"] cwd=D:\a\flavorpack\flavorpack\tests\pretaster
🦀🐹     [GO] 2025-11-01T18:45:59Z [DEBUG] flavor-go-launcher: 📊 Final environment state: total_vars=160
🦀🐹     [GO] 2025-11-01T18:45:59Z [INFO]  flavor-go-launcher: 🚀 Spawning child process: command=C:\hostedtoolcache\windows\Python\3.9.13\x64\python3.exe args=["C:/REDACTED_ABS_PATH", "echo", "Hello", "from", "Rs", "builder", "and", "Go", "launcher!"]
🦀🐹     Hello from Rs builder and Go launcher!
🦀🐹     [GO] 2025-11-01T18:45:59Z [INFO]  flavor-go-launcher: ⏹️ Process exited successfully: code=0
🦀🐹     [GO] 2025-11-01T18:45:59Z [DEBUG] flavor-go-launcher: Calling os.Exit(0) to terminate launcher with success
🦀🐹   ✅ echo test passed
🦀🐹
🦀🐹   5️⃣ Testing 'file' command:
🦀🐹   ─────────────────────────
🦀🐹     [GO] 2025-11-01T18:46:00Z [DEBUG] flavor-go-launcher: 📖 Reading PSPF bundle
🦀🐹     [GO] 2025-11-01T18:46:00Z [DEBUG] flavor-go-launcher: 🔧 Environment variables received from parent process: count=156
🦀🐹     [GO] 2025-11-01T18:46:00Z [DEBUG] flavor-go-launcher: 📁 User working directory: path=D:\a\flavorpack\flavorpack\tests\pretaster
🦀🐹     [GO] 2025-11-01T18:46:00Z [INFO]  flavor-go-launcher: 💻 Windows detected - using spawn mode (exec mode not supported on Windows)
🦀🐹     [GO] 2025-11-01T18:46:00Z [DEBUG] flavor-go-launcher: 👶 Using spawn mode (child process)
🦀🐹     [GO] 2025-11-01T18:46:00Z [DEBUG] flavor-go-launcher: Checking bundle path preparation method: exe=D:\a\flavorpack\flavorpack\tests\pretaster\dist\pretaster-rs-go.psp
🦀🐹     [GO] 2025-11-01T18:46:00Z [DEBUG] flavor-go-launcher: Reading PSPF from PE resources: exe=D:\a\flavorpack\flavorpack\tests\pretaster\dist\pretaster-rs-go.psp
🦀🐹     [GO] 2025-11-01T18:46:00Z [DEBUG] flavor-go-launcher: Loaded EXE as data file: handle=3276800
🦀🐹     [GO] 2025-11-01T18:46:00Z [DEBUG] flavor-go-launcher: 📖 No PE resource detected, reading PSPF from EOF (appended to executable)
🦀🐹     [GO] 2025-11-01T18:46:00Z [DEBUG] flavor-go-launcher: Found index in MagicTrailer: trailer_size=8200 file_size=6100407
🦀🐹     [GO] 2025-11-01T18:46:00Z [DEBUG] flavor-go-launcher: Parsing index from MagicTrailer: size=8192
🦀🐹     [GO] 2025-11-01T18:46:00Z [DEBUG] flavor-go-launcher: 🔍 Verifying package integrity: level=1
🦀🐹     [GO] 2025-11-01T18:46:00Z [DEBUG] flavor-go-launcher: ✅ Package integrity verified
🦀🐹     [GO] 2025-11-01T18:46:00Z [INFO]  flavor-go-launcher: 📦 Package: name=pretaster-combination version=1.0.0
🦀🐹     [GO] 2025-11-01T18:46:00Z [DEBUG] flavor-go-launcher: 🎯 Primary slot: slot=0
🦀🐹     [GO] 2025-11-01T18:46:00Z [DEBUG] flavor-go-launcher: 🔧 Command: command="/usr/bin/python3 {workenv}/scripts/combo_test.py"
🦀🐹     [GO] 2025-11-01T18:46:00Z [INFO]  flavor-go-launcher: 📁 Work environment: path=C:\Users\runneradmin\.cache\flavor\workenv\pretaster-rs-go
🦀🐹     [GO] 2025-11-01T18:46:00Z [DEBUG] flavor-go-launcher: 🔍 Checking cache validity
🦀🐹     [GO] 2025-11-01T18:46:00Z [DEBUG] flavor-go-launcher: ✅ Package checksum matches cached version: checksum=e69d45ff
🦀🐹     [GO] 2025-11-01T18:46:00Z [INFO]  flavor-go-launcher: ✅ Cache is valid, skipping extraction
🦀🐹     [GO] 2025-11-01T18:46:00Z [INFO]  flavor-go-launcher: ✅ Work environment is valid, skipping persistent slot extraction
🦀🐹     [GO] 2025-11-01T18:46:00Z [DEBUG] flavor-go-launcher: 🔍 Extracted basename from Unix path: original=/usr/bin/python3 basename=python3
🦀🐹     [GO] 2025-11-01T18:46:00Z [DEBUG] flavor-go-launcher: ✅ Resolved executable via PATH: input=/usr/bin/python3 resolved=C:\hostedtoolcache\windows\Python\3.9.13\x64\python3.exe
🦀🐹     [GO] 2025-11-01T18:46:00Z [DEBUG] flavor-go-launcher: 🏷️ Attempted to set argv[0] (Go limitation: won't work): argv0=pretaster-rs-go.psp original=D:\a\flavorpack\flavorpack\tests\pretaster\dist\pretaster-rs-go.psp fullArgs=["pretaster-rs-go.psp", "C:/REDACTED_ABS_PATH", "file", "workenv-test"]
🦀🐹     [GO] 2025-11-01T18:46:00Z [DEBUG] flavor-go-launcher: 🌍 Inheriting parent environment: vars_count=156
🦀🐹     [GO] 2025-11-01T18:46:00Z [DEBUG] flavor-go-launcher: 🗂️ Setting FLAVOR_CACHE to HOST cache: path=C:\Users\runneradmin/.cache/flavor/workenv
🦀🐹     [GO] 2025-11-01T18:46:00Z [DEBUG] flavor-go-launcher: ➕ Added FLAVOR_WORKENV: path=C:\Users\runneradmin\.cache\flavor\workenv\pretaster-rs-go
🦀🐹     [GO] 2025-11-01T18:46:00Z [DEBUG] flavor-go-launcher: 🏷️ Added command name environment variables: FLAVOR_ORIGINAL_COMMAND=D:\a\flavorpack\flavorpack\tests\pretaster\dist\pretaster-rs-go.psp FLAVOR_COMMAND_NAME=pretaster-rs-go.psp
🦀🐹     [GO] 2025-11-01T18:46:00Z [DEBUG] flavor-go-launcher: 📂 Setting working directory: path=D:\a\flavorpack\flavorpack\tests\pretaster
🦀🐹     [GO] 2025-11-01T18:46:00Z [INFO]  flavor-go-launcher: 🚀 Executing command: path=C:\hostedtoolcache\windows\Python\3.9.13\x64\python3.exe
🦀🐹     [GO] 2025-11-01T18:46:00Z [DEBUG] flavor-go-launcher: 🎯 Command details: args=["C:/REDACTED_ABS_PATH", "file", "workenv-test"] cwd=D:\a\flavorpack\flavorpack\tests\pretaster
🦀🐹     [GO] 2025-11-01T18:46:00Z [DEBUG] flavor-go-launcher: 📊 Final environment state: total_vars=160
🦀🐹     [GO] 2025-11-01T18:46:00Z [INFO]  flavor-go-launcher: 🚀 Spawning child process: command=C:\hostedtoolcache\windows\Python\3.9.13\x64\python3.exe args=["C:/REDACTED_ABS_PATH", "file", "workenv-test"]
🦀🐹     [GO] 2025-11-01T18:46:00Z [INFO]  flavor-go-launcher: ⏹️ Process exited successfully: code=0
🦀🐹     [GO] 2025-11-01T18:46:00Z [DEBUG] flavor-go-launcher: Calling os.Exit(0) to terminate launcher with success
🦀🐹   ✅ file test passed
🦀🐹
🦀🐹   6️⃣ Testing 'exit' with code 0:
🦀🐹   ─────────────────────────
🦀🐹     [GO] 2025-11-01T18:46:00Z [DEBUG] flavor-go-launcher: 📖 Reading PSPF bundle
🦀🐹     [GO] 2025-11-01T18:46:00Z [DEBUG] flavor-go-launcher: 🔧 Environment variables received from parent process: count=156
🦀🐹     [GO] 2025-11-01T18:46:00Z [DEBUG] flavor-go-launcher: 📁 User working directory: path=D:\a\flavorpack\flavorpack\tests\pretaster
🦀🐹     [GO] 2025-11-01T18:46:00Z [INFO]  flavor-go-launcher: 💻 Windows detected - using spawn mode (exec mode not supported on Windows)
🦀🐹     [GO] 2025-11-01T18:46:00Z [DEBUG] flavor-go-launcher: 👶 Using spawn mode (child process)
🦀🐹     [GO] 2025-11-01T18:46:00Z [DEBUG] flavor-go-launcher: Checking bundle path preparation method: exe=D:\a\flavorpack\flavorpack\tests\pretaster\dist\pretaster-rs-go.psp
🦀🐹     [GO] 2025-11-01T18:46:00Z [DEBUG] flavor-go-launcher: Reading PSPF from PE resources: exe=D:\a\flavorpack\flavorpack\tests\pretaster\dist\pretaster-rs-go.psp
🦀🐹     [GO] 2025-11-01T18:46:00Z [DEBUG] flavor-go-launcher: Loaded EXE as data file: handle=3276800
🦀🐹     [GO] 2025-11-01T18:46:00Z [DEBUG] flavor-go-launcher: 📖 No PE resource detected, reading PSPF from EOF (appended to executable)
🦀🐹     [GO] 2025-11-01T18:46:00Z [DEBUG] flavor-go-launcher: Found index in MagicTrailer: trailer_size=8200 file_size=6100407
🦀🐹     [GO] 2025-11-01T18:46:00Z [DEBUG] flavor-go-launcher: Parsing index from MagicTrailer: size=8192
🦀🐹     [GO] 2025-11-01T18:46:00Z [DEBUG] flavor-go-launcher: 🔍 Verifying package integrity: level=1
🦀🐹     [GO] 2025-11-01T18:46:00Z [DEBUG] flavor-go-launcher: ✅ Package integrity verified
🦀🐹     [GO] 2025-11-01T18:46:00Z [INFO]  flavor-go-launcher: 📦 Package: name=pretaster-combination version=1.0.0
🦀🐹     [GO] 2025-11-01T18:46:00Z [DEBUG] flavor-go-launcher: 🎯 Primary slot: slot=0
🦀🐹     [GO] 2025-11-01T18:46:00Z [DEBUG] flavor-go-launcher: 🔧 Command: command="/usr/bin/python3 {workenv}/scripts/combo_test.py"
🦀🐹     [GO] 2025-11-01T18:46:00Z [INFO]  flavor-go-launcher: 📁 Work environment: path=C:\Users\runneradmin\.cache\flavor\workenv\pretaster-rs-go
🦀🐹     [GO] 2025-11-01T18:46:00Z [DEBUG] flavor-go-launcher: 🔍 Checking cache validity
🦀🐹     [GO] 2025-11-01T18:46:00Z [DEBUG] flavor-go-launcher: ✅ Package checksum matches cached version: checksum=e69d45ff
🦀🐹     [GO] 2025-11-01T18:46:00Z [INFO]  flavor-go-launcher: ✅ Cache is valid, skipping extraction
🦀🐹     [GO] 2025-11-01T18:46:00Z [INFO]  flavor-go-launcher: ✅ Work environment is valid, skipping persistent slot extraction
🦀🐹     [GO] 2025-11-01T18:46:00Z [DEBUG] flavor-go-launcher: 🔍 Extracted basename from Unix path: original=/usr/bin/python3 basename=python3
🦀🐹     [GO] 2025-11-01T18:46:00Z [DEBUG] flavor-go-launcher: ✅ Resolved executable via PATH: input=/usr/bin/python3 resolved=C:\hostedtoolcache\windows\Python\3.9.13\x64\python3.exe
🦀🐹     [GO] 2025-11-01T18:46:00Z [DEBUG] flavor-go-launcher: 🏷️ Attempted to set argv[0] (Go limitation: won't work): argv0=pretaster-rs-go.psp original=D:\a\flavorpack\flavorpack\tests\pretaster\dist\pretaster-rs-go.psp fullArgs=["pretaster-rs-go.psp", "C:/REDACTED_ABS_PATH", "exit", "0"]
🦀🐹     [GO] 2025-11-01T18:46:00Z [DEBUG] flavor-go-launcher: 🌍 Inheriting parent environment: vars_count=156
🦀🐹     [GO] 2025-11-01T18:46:00Z [DEBUG] flavor-go-launcher: 🗂️ Setting FLAVOR_CACHE to HOST cache: path=C:\Users\runneradmin/.cache/flavor/workenv
🦀🐹     [GO] 2025-11-01T18:46:00Z [DEBUG] flavor-go-launcher: ➕ Added FLAVOR_WORKENV: path=C:\Users\runneradmin\.cache\flavor\workenv\pretaster-rs-go
🦀🐹     [GO] 2025-11-01T18:46:00Z [DEBUG] flavor-go-launcher: 🏷️ Added command name environment variables: FLAVOR_ORIGINAL_COMMAND=D:\a\flavorpack\flavorpack\tests\pretaster\dist\pretaster-rs-go.psp FLAVOR_COMMAND_NAME=pretaster-rs-go.psp
🦀🐹     [GO] 2025-11-01T18:46:00Z [DEBUG] flavor-go-launcher: 📂 Setting working directory: path=D:\a\flavorpack\flavorpack\tests\pretaster
🦀🐹     [GO] 2025-11-01T18:46:00Z [INFO]  flavor-go-launcher: 🚀 Executing command: path=C:\hostedtoolcache\windows\Python\3.9.13\x64\python3.exe
🦀🐹     [GO] 2025-11-01T18:46:00Z [DEBUG] flavor-go-launcher: 🎯 Command details: args=["C:/REDACTED_ABS_PATH", "exit", "0"] cwd=D:\a\flavorpack\flavorpack\tests\pretaster
🦀🐹     [GO] 2025-11-01T18:46:00Z [DEBUG] flavor-go-launcher: 📊 Final environment state: total_vars=160
🦀🐹     [GO] 2025-11-01T18:46:00Z [INFO]  flavor-go-launcher: 🚀 Spawning child process: command=C:\hostedtoolcache\windows\Python\3.9.13\x64\python3.exe args=["C:/REDACTED_ABS_PATH", "exit", "0"]
🦀🐹     🚪 Exiting with code 0
🦀🐹     [GO] 2025-11-01T18:46:00Z [INFO]  flavor-go-launcher: ⏹️ Process exited successfully: code=0
🦀🐹     [GO] 2025-11-01T18:46:00Z [DEBUG] flavor-go-launcher: Calling os.Exit(0) to terminate launcher with success
🦀🐹   ✅ exit test passed
🦀🐹
🦀🐹   7️⃣ Testing 'exit' command with code 42:
🦀🐹   ─────────────────────────────────────
🦀🐹     🚪 Exiting with code 42
🦀🐹     [0;32m✅ Got expected exit code: 42[0m
🦀🐹   ✅ exit 42 test passed
🦀🐹
🦀🐹 ✨ Completed testing Rs + Go combination
🦀🐹 📄 Full log saved to: logs/pretaster-b_rs-l_go.20251101_184553.log
