🦀🐹 📦 Building with Rs Builder + Go Launcher
🦀🐹 ────────────────────────────────────────────────────────────────────────────────
🦀🐹 📝 Logging to: logs/pretaster-b_rs-l_go.20251101_184611.log
{
  "name": "pretaster-combination",
  "version": "1.0.0",
  "description": "Simple test for builder/launcher combinations",
  "command": "/usr/bin/python3 {workenv}/scripts/combo_test.py",
  "environment": {},
  "package": {
    "name": "pretaster-combination",
    "version": "1.0.0",
    "description": "Simple test for builder/launcher combinations"
  },
  "format": "PSPF/2025",
  "slots": [
    {
      "slot": 0,
      "purpose": "payload",
      "lifecycle": "cached",
      "operations": "raw",
      "id": "combo-test-py",
      "source": "scripts/combo_test.py",
      "target": "scripts/combo_test.py",
      "permissions": "0755"
    }
  ],
  "execution": {
    "command": "/usr/bin/python3 {workenv}/scripts/combo_test.py",
    "args": [],
    "env": {},
    "primary_slot": 0
  }
}🦀 [2025-11-01T18:46:12Z INFO flavor::psp::format_2025::builder] 🦀🦀🦀 Hello from Flavor's Rust Builder 🦀🦀🦀
🦀 [2025-11-01T18:46:12Z INFO flavor::psp::format_2025::builder] PSPF Rust Builder starting...
🦀 [2025-11-01T18:46:12Z INFO flavor::psp::format_2025::builder] 🔨 Building PSPF/2025 package from: "configs/test-combination.json"
🦀 [2025-11-01T18:46:12Z TRACE flavor::psp::format_2025::builder] 🔍 Build options: BuildOptions { launcher_bin: Some("/REDACTED_ABS_PATH"), skip_verification: false, private_key_path: None, public_key_path: None, key_seed: Some("test123"), workenv_base: None }
🦀 [2025-11-01T18:46:12Z TRACE flavor::psp::format_2025::builder] ✅ Manifest parsed in 45.489µs
🦀 [2025-11-01T18:46:12Z TRACE flavor::psp::format_2025::builder] 📄 Created output file: "dist/pretaster-rs-go.psp"
🦀 [2025-11-01T18:46:12Z INFO flavor::psp::format_2025::builder] 🚀 Loading launcher: /REDACTED_ABS_PATH
🦀 [2025-11-01T18:46:12Z INFO flavor::psp::format_2025::builder] 🔍 Launcher version: flavor-go-launcher 0.3.0
Built: 2025-11-01T18:31:21Z
🦀 [2025-11-01T18:46:12Z TRACE flavor::psp::format_2025::pe_utils] Launcher is not a PE executable, no processing needed
🦀 [2025-11-01T18:46:12Z DEBUG flavor::psp::format_2025::builder] 🚀 Loaded and processed launcher: 5440928 bytes in 11.058455ms
🦀 [2025-11-01T18:46:12Z TRACE flavor::psp::format_2025::builder] ✍️ Wrote launcher in 1.051921ms
🦀 [2025-11-01T18:46:12Z INFO flavor::psp::format_2025::keys] 🔑 Using seed-based key generation
🦀 [2025-11-01T18:46:12Z INFO flavor::psp::format_2025::keys] 🔑 Using seed-based key generation: seed_hash=6db8da2e476f5655
🦀 [2025-11-01T18:46:12Z TRACE flavor::psp::format_2025::builder] 📦 Creating PSPF/2025 index structure
🦀 [2025-11-01T18:46:12Z DEBUG flavor::psp::format_2025::builder] 📍 Data section starts at 0x5325a0 (after launcher 0x5305a0 + index 512)
🦀 [2025-11-01T18:46:12Z DEBUG flavor::psp::format_2025::builder::slot_processor] 🎰 Processing 1 slots
🦀 [2025-11-01T18:46:12Z TRACE flavor::psp::format_2025::builder::slot_processor] 📖 Processing slot 0: scripts/combo_test.py
🦀 [2025-11-01T18:46:12Z INFO flavor::psp::format_2025::builder::slot_processor] 📍 Slot path has no {workenv}: scripts/combo_test.py
🦀 [2025-11-01T18:46:12Z INFO flavor::psp::format_2025::builder::slot_processor] Attempting to open slot file at: "scripts/combo_test.py"
🦀 [2025-11-01T18:46:12Z TRACE flavor::psp::format_2025::builder::slot_processor] 📊 Slot 0 size: 4650 bytes
🦀 [2025-11-01T18:46:12Z TRACE flavor::psp::format_2025::builder::slot_processor] ☑️ Checksums calculated in 1.599403ms
🦀 [2025-11-01T18:46:12Z INFO flavor::psp::format_2025::builder::slot_processor] Slot 0: SHA256 checksum: sha256:8932edbf709c86fc60d603abc4e9f7017349a6c50ce2ac290c483d7618e5cab1
🦀 [2025-11-01T18:46:12Z DEBUG flavor::psp::format_2025::builder::slot_processor] Slot 0: SHA256 u64 (first 8 bytes): fc869c70bfed3289
🦀 [2025-11-01T18:46:12Z TRACE flavor::psp::format_2025::operations] 📦 Packing operations: count=0 operations=[]
🦀 [2025-11-01T18:46:12Z DEBUG flavor::psp::format_2025::operations] ✅ Operations packed: result=0
🦀 [2025-11-01T18:46:12Z DEBUG flavor::psp::format_2025::builder::slot_processor] 📍 Slot 0: combo-test-py size 4650 bytes, checksum fc869c70bfed3289
🦀 [2025-11-01T18:46:12Z DEBUG flavor::psp::format_2025::builder::slot_processor] ✅ Processed 1 slots in 1.834526ms
🦀 [2025-11-01T18:46:12Z TRACE flavor::psp::format_2025::builder::metadata] 📝 Creating and signing metadata
🦀 [2025-11-01T18:46:12Z DEBUG flavor::psp::format_2025::builder::finalization] 📝 Writing metadata at position 0x5325a0
🦀 [2025-11-01T18:46:12Z DEBUG flavor::psp::format_2025::builder::finalization] 📝 Wrote metadata: start=0x5325a0, size=735, end=0x53287f
🦀 [2025-11-01T18:46:12Z DEBUG flavor::psp::format_2025::builder::finalization] 📍 Current position after metadata: 0x53287f
🦀 [2025-11-01T18:46:12Z DEBUG flavor::psp::format_2025::builder::finalization] 📍 Aligned descriptor table offset: 0x532880 (aligned from 0x53287f)
🦀 [2025-11-01T18:46:12Z INFO flavor::psp::format_2025::builder::finalization] 🔍 Setting descriptor_offset to 0x532880 for 1 descriptors
🦀 [2025-11-01T18:46:12Z DEBUG flavor::psp::format_2025::builder::finalization] 📊 Reserved 64 bytes for 1 descriptors at offset 0x532880
🦀 [2025-11-01T18:46:12Z TRACE flavor::psp::format_2025::builder::finalization] 📦 Streaming slot data to output
🦀 [2025-11-01T18:46:12Z DEBUG flavor::psp::format_2025::builder::finalization] 📍 Wrote slot 0: offset=0x5328c0, size=4650 bytes
🦀 [2025-11-01T18:46:12Z TRACE flavor::psp::format_2025::slots] 🦀 Packing checksum: value=fc869c70bfed3289, bytes=[89, 32, ed, bf, 70, 9c, 86, fc]
🦀 [2025-11-01T18:46:12Z TRACE flavor::psp::format_2025::builder::finalization] ✍️ Wrote 64-byte descriptor for slot 0
🦀 [2025-11-01T18:46:12Z DEBUG flavor::psp::format_2025::builder::finalization] 📋 Wrote 1 descriptors at offset 0x532880
🦀 [2025-11-01T18:46:12Z TRACE flavor::psp::format_2025::builder::finalization] 🎬 Finalizing package with MagicTrailer
🦀 [2025-11-01T18:46:12Z INFO flavor::psp::format_2025::builder::finalization] ✅ Successfully built PSPF bundle: "dist/pretaster-rs-go.psp"
🦀 [2025-11-01T18:46:12Z INFO flavor::psp::format_2025::builder::finalization]   Package: pretaster-combination v1.0.0
🦀 [2025-11-01T18:46:12Z INFO flavor::psp::format_2025::builder::finalization]   Launcher: /REDACTED_ABS_PATH
🦀 [2025-11-01T18:46:12Z INFO flavor::psp::format_2025::builder::finalization]   Slots: 1
🦀 [2025-11-01T18:46:12Z INFO flavor::psp::format_2025::builder::finalization]   Size: 5462770 bytes
🦀🐹   ✅ Build successful: dist/pretaster-rs-go.psp
🦀🐹
🦀🐹   Testing commands:
🦀🐹
🦀🐹   1️⃣ Testing 'info' command:
🦀🐹   ─────────────────────────
🦀🐹     [1/1] Extracting combo-test-py...
🦀🐹     2025-11-01T18:46:13.060Z [TRACE] pspf2025.slots: 📂 Unpacking slot descriptor
🦀🐹     2025-11-01T18:46:13.060Z [DEBUG] pspf2025.slots: ✅ Unpacked slot descriptor: id=0 operations=0x0000000000000000
🦀🐹     2025-11-01T18:46:13.060Z [TRACE] pspf2025.operations: 📂 Unpacking operations: packed=0
🦀🐹     2025-11-01T18:46:13.060Z [DEBUG] pspf2025.operations: ✅ Operations unpacked: count=0 operations=[]
🦀🐹       Package: pretaster-combination
🦀🐹       Version: 1.0.0
🦀🐹       Python: /usr/local/bin/python3
🦀🐹       Workenv: /REDACTED_ABS_PATH
🦀🐹   ✅ info test passed
🦀🐹
🦀🐹   2️⃣ Testing 'env' command:
🦀🐹   ─────────────────────────
🦀🐹       ACTIONS_RUNNER_ACTION_ARCHIVE_CACHE=/REDACTED_ABS_PATH
🦀🐹       AGENT_TOOLSDIRECTORY=/REDACTED_ABS_PATH
🦀🐹       ANDROID_HOME=/REDACTED_ABS_PATH
🦀🐹       ANDROID_NDK=/REDACTED_ABS_PATH
🦀🐹       ANDROID_NDK_HOME=/REDACTED_ABS_PATH
🦀🐹       ANDROID_NDK_LATEST_HOME=/REDACTED_ABS_PATH
🦀🐹       ANDROID_NDK_ROOT=/REDACTED_ABS_PATH
🦀🐹       ANDROID_SDK_ROOT=/REDACTED_ABS_PATH
🦀🐹       BOOTSTRAP_HASKELL_INSTALL_NO_STACK_HOOK=1
🦀🐹       BOOTSTRAP_HASKELL_NONINTERACTIVE=1
🦀🐹   ✅ env test passed
🦀🐹
🦀🐹   3️⃣ Testing 'argv' with arguments:
🦀🐹   ─────────────────────────
🦀🐹     📝 Arguments received:
🦀🐹       [0]: arg1
🦀🐹       [1]: arg2
🦀🐹       [2]: 'arg
🦀🐹       [3]: with
🦀🐹       [4]: spaces'
🦀🐹   ✅ argv test passed
🦀🐹
🦀🐹   4️⃣ Testing 'echo' command:
🦀🐹   ─────────────────────────
🦀🐹     Hello from Rs builder and Go launcher!
🦀🐹   ✅ echo test passed
🦀🐹
🦀🐹   5️⃣ Testing 'file' command:
🦀🐹   ─────────────────────────
🦀🐹     
🦀🐹   ✅ file test passed
🦀🐹
🦀🐹   6️⃣ Testing 'exit' with code 0:
🦀🐹   ─────────────────────────
🦀🐹     🚪 Exiting with code 0
🦀🐹   ✅ exit test passed
🦀🐹
🦀🐹   7️⃣ Testing 'exit' command with code 42:
🦀🐹   ─────────────────────────────────────
🦀🐹     🚪 Exiting with code 42
🦀🐹     [0;32m✅ Got expected exit code: 42[0m
🦀🐹   ✅ exit 42 test passed
🦀🐹
🦀🐹 ✨ Completed testing Rs + Go combination
🦀🐹 📄 Full log saved to: logs/pretaster-b_rs-l_go.20251101_184611.log
