🐹🐹 📦 Building with Go Builder + Go Launcher
🐹🐹 ────────────────────────────────────────────────────────────────────────────────
🐹🐹 📝 Logging to: logs/pretaster-b_go-l_go.20251101_184551.log
{
  "name": "pretaster-combination",
  "version": "1.0.0",
  "description": "Simple test for builder/launcher combinations",
  "command": "/usr/bin/python3 {workenv}/scripts/combo_test.py",
  "environment": {},
  "package": {
    "name": "pretaster-combination",
    "version": "1.0.0",
    "description": "Simple test for builder/launcher combinations"
  },
  "format": "PSPF/2025",
  "slots": [
    {
      "slot": 0,
      "purpose": "payload",
      "lifecycle": "cached",
      "operations": "raw",
      "id": "combo-test-py",
      "source": "scripts/combo_test.py",
      "target": "scripts/combo_test.py",
      "permissions": "0755"
    }
  ],
  "execution": {
    "command": "/usr/bin/python3 {workenv}/scripts/combo_test.py",
    "args": [],
    "env": {},
    "primary_slot": 0
  }
}🐹 2025-11-01T18:45:54Z [INFO]  flavor-go-builder: 🐹🐹🐹 Hello from Flavor's Go Builder 🐹🐹🐹
🐹 2025-11-01T18:45:54Z [DEBUG] flavor-go-builder: Log level: level=trace source="CLI --log-level"
🐹 2025-11-01T18:45:54Z [INFO]  flavor-go-builder: PSPF Go Builder starting...
🐹 2025-11-01T18:45:54Z [INFO]  flavor-go-builder: 🚀 Loading launcher: path=/REDACTED_ABS_PATH
🐹 2025-11-01T18:45:54Z [INFO]  flavor-go-builder: 🔍 Launcher version:
🐹   version=
🐹   | flavor-go-launcher 0.3.0
🐹   | Built: 2025-11-01T18:30:35Z
🐹   
🐹 2025-11-01T18:45:54Z [DEBUG] flavor-go-builder: 🔍 Launcher path: path=/REDACTED_ABS_PATH
🐹 2025-11-01T18:45:54Z [DEBUG] flavor-go-builder: ✅ Launcher loaded: size=5205826
🐹 2025-11-01T18:45:54Z [TRACE] flavor-go-builder: Launcher is not a PE executable, no processing needed
🐹 2025-11-01T18:45:54Z [DEBUG] flavor-go-builder: ✅ Launcher processed for PSPF: size=5205826
🐹 2025-11-01T18:45:54Z [DEBUG] flavor-go-builder: 📁 Ensuring output directory exists: dir=dist
🐹 2025-11-01T18:45:54Z [DEBUG] flavor-go-builder: 💾 Creating output file: path=dist/pretaster-go-go.psp
🐹 2025-11-01T18:45:54Z [DEBUG] flavor-go-builder: ✍️ Writing launcher to output: size=5205826
🐹 2025-11-01T18:45:54Z [DEBUG] flavor-go-builder: 📦 Creating PSPF index
🐹 2025-11-01T18:45:54Z [DEBUG] flavor-go-builder: 📈 Index details: format=PSPF2025 version=0x20250001 launcher_size=5205826
🐹 2025-11-01T18:45:54Z [DEBUG] flavor-go-builder: 🔐 Generating deterministic key pair from seed
🐹 2025-11-01T18:45:54Z [INFO]  flavor-go-builder: 🔑 Using seed-based key generation: seed_hash=ecd71870d1963316
🐹 2025-11-01T18:45:54Z [INFO]  flavor-go-builder: 📦 Processing slot metadata: count=1
🐹 2025-11-01T18:45:54Z [DEBUG] flavor-go-builder: 🔍 Slot processing details: alignment=8 descriptor_size=64
🐹 2025-11-01T18:45:54Z [DEBUG] flavor-go-builder: 📂 Processing slot: index=0 id=combo-test-py source=scripts/combo_test.py target=scripts/combo_test.py
🐹 2025-11-01T18:45:54Z [DEBUG] flavor-go-builder: 📊 Slot size: original=4650 operations=raw
🐹 2025-11-01T18:45:54Z [DEBUG] flavor-go-builder: ✅ Slot processed: index=0 id=combo-test-py compressed_size=4650 original_size=4650
🐹 2025-11-01T18:45:54Z [DEBUG] flavor-go-builder: 📜 Writing metadata (gzipped JSON): position=5205826
🐹 2025-11-01T18:45:54Z [DEBUG] flavor-go-builder: ✅ Metadata written: size=588
🐹 2025-11-01T18:45:54Z [DEBUG] flavor-go-builder: ✍️ Writing slot: id=0 offset=5206480 size=4650
🐹 2025-11-01T18:45:54Z [DEBUG] flavor-go-builder: 🔐 Index checksum calculated: checksum=0x8c1c44b9
🐹 2025-11-01T18:45:54Z [DEBUG] flavor-go-builder: 🪄 Writing MagicTrailer
🐹 2025-11-01T18:45:54Z [INFO]  flavor-go-builder: ✅ Successfully built PSPF bundle: output=dist/pretaster-go-go.psp package=pretaster-combination version=1.0.0 launcher="" slots=1 size="4.98 MB"
🐹 2025-11-01T18:45:54Z [DEBUG] flavor-go-builder: 📦 Package details: checksum=0x8c1c44b9 metadata_size=588 slot_table_size=64
🐹 2025-11-01T18:45:54Z [DEBUG] flavor-go-builder: 🔧 Set executable permissions on output file
🐹 2025-11-01T18:45:54Z [DEBUG] flavor-go-builder: Not Windows, using append mode
🐹🐹   ✅ Build successful: dist/pretaster-go-go.psp
🐹🐹
🐹🐹   Testing commands:
🐹🐹
🐹🐹   1️⃣ Testing 'info' command:
🐹🐹   ─────────────────────────
🐹🐹     [1/1] Extracting combo-test-py...
🐹🐹     2025-11-01T18:45:54.417Z [TRACE] pspf2025.slots: 📂 Unpacking slot descriptor
🐹🐹     2025-11-01T18:45:54.417Z [DEBUG] pspf2025.slots: ✅ Unpacked slot descriptor: id=0 operations=0x0000000000000000
🐹🐹     2025-11-01T18:45:54.417Z [TRACE] pspf2025.operations: 📂 Unpacking operations: packed=0
🐹🐹     2025-11-01T18:45:54.417Z [DEBUG] pspf2025.operations: ✅ Operations unpacked: count=0 operations=[]
🐹🐹       Package: pretaster-combination
🐹🐹       Version: 1.0.0
🐹🐹       Python: /opt/homebrew/opt/python@3.14/bin/python3.14
🐹🐹       Workenv: /REDACTED_ABS_PATH
🐹🐹   ✅ info test passed
🐹🐹
🐹🐹   2️⃣ Testing 'env' command:
🐹🐹   ─────────────────────────
🐹🐹       ACTIONS_RUNNER_ACTION_ARCHIVE_CACHE=/REDACTED_ABS_PATH
🐹🐹       AGENT_TOOLSDIRECTORY=/REDACTED_ABS_PATH
🐹🐹       ANDROID_HOME=/REDACTED_ABS_PATH
🐹🐹       ANDROID_NDK=/REDACTED_ABS_PATH
🐹🐹       ANDROID_NDK_HOME=/REDACTED_ABS_PATH
🐹🐹       ANDROID_NDK_LATEST_HOME=/REDACTED_ABS_PATH
🐹🐹       ANDROID_NDK_ROOT=/REDACTED_ABS_PATH
🐹🐹       ANDROID_SDK_ROOT=/REDACTED_ABS_PATH
🐹🐹       BOOTSTRAP_HASKELL_INSTALL_NO_STACK_HOOK=1
🐹🐹       BOOTSTRAP_HASKELL_NONINTERACTIVE=1
🐹🐹   ✅ env test passed
🐹🐹
🐹🐹   3️⃣ Testing 'argv' with arguments:
🐹🐹   ─────────────────────────
🐹🐹     📝 Arguments received:
🐹🐹       [0]: arg1
🐹🐹       [1]: arg2
🐹🐹       [2]: 'arg
🐹🐹       [3]: with
🐹🐹       [4]: spaces'
🐹🐹   ✅ argv test passed
🐹🐹
🐹🐹   4️⃣ Testing 'echo' command:
🐹🐹   ─────────────────────────
🐹🐹     Hello from Go builder and Go launcher!
🐹🐹   ✅ echo test passed
🐹🐹
🐹🐹   5️⃣ Testing 'file' command:
🐹🐹   ─────────────────────────
🐹🐹     
🐹🐹   ✅ file test passed
🐹🐹
🐹🐹   6️⃣ Testing 'exit' with code 0:
🐹🐹   ─────────────────────────
🐹🐹     🚪 Exiting with code 0
🐹🐹   ✅ exit test passed
🐹🐹
🐹🐹   7️⃣ Testing 'exit' command with code 42:
🐹🐹   ─────────────────────────────────────
🐹🐹     🚪 Exiting with code 42
🐹🐹     [0;32m✅ Got expected exit code: 42[0m
🐹🐹   ✅ exit 42 test passed
🐹🐹
🐹🐹 ✨ Completed testing Go + Go combination
🐹🐹 📄 Full log saved to: logs/pretaster-b_go-l_go.20251101_184551.log
