mode: atomic
github.com/provide-io/flavor/go/flavor/cmd/flavor-go-builder/main.go:26.35,28.43 1 0
github.com/provide-io/flavor/go/flavor/cmd/flavor-go-builder/main.go:28.43,29.41 1 0
github.com/provide-io/flavor/go/flavor/cmd/flavor-go-builder/main.go:29.41,30.33 1 0
github.com/provide-io/flavor/go/flavor/cmd/flavor-go-builder/main.go:30.33,31.70 1 0
github.com/provide-io/flavor/go/flavor/cmd/flavor-go-builder/main.go:31.70,33.6 1 0
github.com/provide-io/flavor/go/flavor/cmd/flavor-go-builder/main.go:38.2,38.49 1 0
github.com/provide-io/flavor/go/flavor/cmd/flavor-go-builder/main.go:38.49,39.48 1 0
github.com/provide-io/flavor/go/flavor/cmd/flavor-go-builder/main.go:39.48,41.4 1 0
github.com/provide-io/flavor/go/flavor/cmd/flavor-go-builder/main.go:43.2,43.46 1 0
github.com/provide-io/flavor/go/flavor/cmd/flavor-go-builder/main.go:46.13,62.61 9 0
github.com/provide-io/flavor/go/flavor/cmd/flavor-go-builder/main.go:62.61,63.13 1 0
github.com/provide-io/flavor/go/flavor/cmd/flavor-go-builder/main.go:65.2,65.59 1 0
github.com/provide-io/flavor/go/flavor/cmd/flavor-go-builder/main.go:65.59,66.13 1 0
github.com/provide-io/flavor/go/flavor/cmd/flavor-go-builder/main.go:70.13,72.51 1 0
github.com/provide-io/flavor/go/flavor/cmd/flavor-go-builder/main.go:72.51,76.3 3 0
github.com/provide-io/flavor/go/flavor/cmd/flavor-go-builder/main.go:78.2,78.42 1 0
github.com/provide-io/flavor/go/flavor/cmd/flavor-go-builder/main.go:78.42,81.3 2 0
github.com/provide-io/flavor/go/flavor/cmd/flavor-go-builder/main.go:84.53,85.17 1 0
github.com/provide-io/flavor/go/flavor/cmd/flavor-go-builder/main.go:85.17,89.3 3 0
github.com/provide-io/flavor/go/flavor/cmd/flavor-go-builder/main.go:90.2,90.108 1 0
github.com/provide-io/flavor/go/flavor/cmd/flavor-go-launcher/main.go:14.35,16.43 1 0
github.com/provide-io/flavor/go/flavor/cmd/flavor-go-launcher/main.go:16.43,17.41 1 0
github.com/provide-io/flavor/go/flavor/cmd/flavor-go-launcher/main.go:17.41,18.33 1 0
github.com/provide-io/flavor/go/flavor/cmd/flavor-go-launcher/main.go:18.33,19.70 1 0
github.com/provide-io/flavor/go/flavor/cmd/flavor-go-launcher/main.go:19.70,21.6 1 0
github.com/provide-io/flavor/go/flavor/cmd/flavor-go-launcher/main.go:26.2,26.49 1 0
github.com/provide-io/flavor/go/flavor/cmd/flavor-go-launcher/main.go:26.49,27.48 1 0
github.com/provide-io/flavor/go/flavor/cmd/flavor-go-launcher/main.go:27.48,29.4 1 0
github.com/provide-io/flavor/go/flavor/cmd/flavor-go-launcher/main.go:31.2,31.46 1 0
github.com/provide-io/flavor/go/flavor/cmd/flavor-go-launcher/main.go:34.13,36.16 2 0
github.com/provide-io/flavor/go/flavor/cmd/flavor-go-launcher/main.go:36.16,37.13 1 0
github.com/provide-io/flavor/go/flavor/cmd/flavor-go-launcher/main.go:41.2,41.51 1 0
github.com/provide-io/flavor/go/flavor/cmd/flavor-go-launcher/main.go:41.51,45.3 3 0
github.com/provide-io/flavor/go/flavor/cmd/flavor-go-launcher/main.go:47.2,47.42 1 0
github.com/provide-io/flavor/go/flavor/pkg/psp/format_2025/builder.go:64.35,66.43 1 0
github.com/provide-io/flavor/go/flavor/pkg/psp/format_2025/builder.go:66.43,68.41 1 0
github.com/provide-io/flavor/go/flavor/pkg/psp/format_2025/builder.go:68.41,69.33 1 0
github.com/provide-io/flavor/go/flavor/pkg/psp/format_2025/builder.go:69.33,71.70 1 0
github.com/provide-io/flavor/go/flavor/pkg/psp/format_2025/builder.go:71.70,73.6 1 0
github.com/provide-io/flavor/go/flavor/pkg/psp/format_2025/builder.go:74.5,74.25 1 0
github.com/provide-io/flavor/go/flavor/pkg/psp/format_2025/builder.go:80.2,80.49 1 0
github.com/provide-io/flavor/go/flavor/pkg/psp/format_2025/builder.go:80.49,81.48 1 0
github.com/provide-io/flavor/go/flavor/pkg/psp/format_2025/builder.go:81.48,83.4 1 0
github.com/provide-io/flavor/go/flavor/pkg/psp/format_2025/builder.go:87.2,87.46 1 0
github.com/provide-io/flavor/go/flavor/pkg/psp/format_2025/builder.go:91.109,100.16 3 0
github.com/provide-io/flavor/go/flavor/pkg/psp/format_2025/builder.go:100.16,103.3 2 0
github.com/provide-io/flavor/go/flavor/pkg/psp/format_2025/builder.go:105.2,106.62 2 0
github.com/provide-io/flavor/go/flavor/pkg/psp/format_2025/builder.go:106.62,109.3 2 0
github.com/provide-io/flavor/go/flavor/pkg/psp/format_2025/builder.go:113.2,114.24 2 0
github.com/provide-io/flavor/go/flavor/pkg/psp/format_2025/builder.go:114.24,116.3 1 0
github.com/provide-io/flavor/go/flavor/pkg/psp/format_2025/builder.go:117.2,117.24 1 0
github.com/provide-io/flavor/go/flavor/pkg/psp/format_2025/builder.go:117.24,120.3 2 0
github.com/provide-io/flavor/go/flavor/pkg/psp/format_2025/builder.go:121.2,126.16 4 0
github.com/provide-io/flavor/go/flavor/pkg/psp/format_2025/builder.go:126.16,128.3 1 0
github.com/provide-io/flavor/go/flavor/pkg/psp/format_2025/builder.go:128.8,131.3 2 0
github.com/provide-io/flavor/go/flavor/pkg/psp/format_2025/builder.go:133.2,135.16 3 0
github.com/provide-io/flavor/go/flavor/pkg/psp/format_2025/builder.go:135.16,138.3 2 0
github.com/provide-io/flavor/go/flavor/pkg/psp/format_2025/builder.go:139.2,144.53 4 0
github.com/provide-io/flavor/go/flavor/pkg/psp/format_2025/builder.go:144.53,147.3 2 0
github.com/provide-io/flavor/go/flavor/pkg/psp/format_2025/builder.go:150.2,152.16 3 0
github.com/provide-io/flavor/go/flavor/pkg/psp/format_2025/builder.go:152.16,155.3 2 0
github.com/provide-io/flavor/go/flavor/pkg/psp/format_2025/builder.go:156.2,156.15 1 0
github.com/provide-io/flavor/go/flavor/pkg/psp/format_2025/builder.go:156.15,157.37 1 0
github.com/provide-io/flavor/go/flavor/pkg/psp/format_2025/builder.go:157.37,159.4 1 0
github.com/provide-io/flavor/go/flavor/pkg/psp/format_2025/builder.go:163.2,164.51 2 0
github.com/provide-io/flavor/go/flavor/pkg/psp/format_2025/builder.go:164.51,167.3 2 0
github.com/provide-io/flavor/go/flavor/pkg/psp/format_2025/builder.go:168.2,185.26 9 0
github.com/provide-io/flavor/go/flavor/pkg/psp/format_2025/builder.go:185.26,189.17 3 0
github.com/provide-io/flavor/go/flavor/pkg/psp/format_2025/builder.go:189.17,192.4 2 0
github.com/provide-io/flavor/go/flavor/pkg/psp/format_2025/builder.go:193.3,193.42 1 0
github.com/provide-io/flavor/go/flavor/pkg/psp/format_2025/builder.go:194.8,194.26 1 0
github.com/provide-io/flavor/go/flavor/pkg/psp/format_2025/builder.go:194.26,200.23 3 0
github.com/provide-io/flavor/go/flavor/pkg/psp/format_2025/builder.go:200.23,202.24 2 0
github.com/provide-io/flavor/go/flavor/pkg/psp/format_2025/builder.go:202.24,205.5 2 0
github.com/provide-io/flavor/go/flavor/pkg/psp/format_2025/builder.go:208.3,211.96 4 0
github.com/provide-io/flavor/go/flavor/pkg/psp/format_2025/builder.go:212.8,216.17 3 0
github.com/provide-io/flavor/go/flavor/pkg/psp/format_2025/builder.go:216.17,219.4 2 0
github.com/provide-io/flavor/go/flavor/pkg/psp/format_2025/builder.go:220.3,220.51 1 0
github.com/provide-io/flavor/go/flavor/pkg/psp/format_2025/builder.go:222.2,226.62 3 0
github.com/provide-io/flavor/go/flavor/pkg/psp/format_2025/builder.go:226.62,229.3 2 0
github.com/provide-io/flavor/go/flavor/pkg/psp/format_2025/builder.go:232.2,236.64 3 0
github.com/provide-io/flavor/go/flavor/pkg/psp/format_2025/builder.go:236.64,237.82 1 0
github.com/provide-io/flavor/go/flavor/pkg/psp/format_2025/builder.go:237.82,239.4 1 0
github.com/provide-io/flavor/go/flavor/pkg/psp/format_2025/builder.go:239.9,239.82 1 0
github.com/provide-io/flavor/go/flavor/pkg/psp/format_2025/builder.go:239.82,241.4 1 0
github.com/provide-io/flavor/go/flavor/pkg/psp/format_2025/builder.go:241.9,243.4 1 0
github.com/provide-io/flavor/go/flavor/pkg/psp/format_2025/builder.go:244.3,244.65 1 0
github.com/provide-io/flavor/go/flavor/pkg/psp/format_2025/builder.go:245.8,249.3 3 0
github.com/provide-io/flavor/go/flavor/pkg/psp/format_2025/builder.go:252.2,253.35 2 0
github.com/provide-io/flavor/go/flavor/pkg/psp/format_2025/builder.go:253.35,258.3 1 0
github.com/provide-io/flavor/go/flavor/pkg/psp/format_2025/builder.go:261.2,262.27 2 0
github.com/provide-io/flavor/go/flavor/pkg/psp/format_2025/builder.go:262.27,266.3 1 0
github.com/provide-io/flavor/go/flavor/pkg/psp/format_2025/builder.go:268.2,306.36 4 0
github.com/provide-io/flavor/go/flavor/pkg/psp/format_2025/builder.go:306.36,310.17 3 0
github.com/provide-io/flavor/go/flavor/pkg/psp/format_2025/builder.go:310.17,313.4 2 0
github.com/provide-io/flavor/go/flavor/pkg/psp/format_2025/builder.go:314.3,332.24 5 0
github.com/provide-io/flavor/go/flavor/pkg/psp/format_2025/builder.go:333.15,335.22 2 0
github.com/provide-io/flavor/go/flavor/pkg/psp/format_2025/builder.go:336.19,338.22 2 0
github.com/provide-io/flavor/go/flavor/pkg/psp/format_2025/builder.go:339.11,341.22 2 0
github.com/provide-io/flavor/go/flavor/pkg/psp/format_2025/builder.go:345.3,352.30 6 0
github.com/provide-io/flavor/go/flavor/pkg/psp/format_2025/builder.go:352.30,354.48 2 0
github.com/provide-io/flavor/go/flavor/pkg/psp/format_2025/builder.go:354.48,357.5 2 0
github.com/provide-io/flavor/go/flavor/pkg/psp/format_2025/builder.go:358.4,358.112 1 0
github.com/provide-io/flavor/go/flavor/pkg/psp/format_2025/builder.go:362.3,364.50 3 0
github.com/provide-io/flavor/go/flavor/pkg/psp/format_2025/builder.go:364.50,367.4 2 0
github.com/provide-io/flavor/go/flavor/pkg/psp/format_2025/builder.go:370.3,371.23 2 0
github.com/provide-io/flavor/go/flavor/pkg/psp/format_2025/builder.go:372.18,373.20 1 0
github.com/provide-io/flavor/go/flavor/pkg/psp/format_2025/builder.go:374.18,375.20 1 0
github.com/provide-io/flavor/go/flavor/pkg/psp/format_2025/builder.go:376.15,377.20 1 0
github.com/provide-io/flavor/go/flavor/pkg/psp/format_2025/builder.go:378.11,379.20 1 0
github.com/provide-io/flavor/go/flavor/pkg/psp/format_2025/builder.go:383.3,384.25 2 0
github.com/provide-io/flavor/go/flavor/pkg/psp/format_2025/builder.go:386.15,387.22 1 0
github.com/provide-io/flavor/go/flavor/pkg/psp/format_2025/builder.go:388.18,389.22 1 0
github.com/provide-io/flavor/go/flavor/pkg/psp/format_2025/builder.go:390.18,391.22 1 0
github.com/provide-io/flavor/go/flavor/pkg/psp/format_2025/builder.go:392.19,393.22 1 0
github.com/provide-io/flavor/go/flavor/pkg/psp/format_2025/builder.go:395.16,396.22 1 0
github.com/provide-io/flavor/go/flavor/pkg/psp/format_2025/builder.go:397.15,398.22 1 0
github.com/provide-io/flavor/go/flavor/pkg/psp/format_2025/builder.go:400.15,401.22 1 0
github.com/provide-io/flavor/go/flavor/pkg/psp/format_2025/builder.go:402.16,403.22 1 0
github.com/provide-io/flavor/go/flavor/pkg/psp/format_2025/builder.go:405.14,406.22 1 0
github.com/provide-io/flavor/go/flavor/pkg/psp/format_2025/builder.go:407.17,408.22 1 0
github.com/provide-io/flavor/go/flavor/pkg/psp/format_2025/builder.go:409.19,410.23 1 0
github.com/provide-io/flavor/go/flavor/pkg/psp/format_2025/builder.go:411.11,412.22 1 0
github.com/provide-io/flavor/go/flavor/pkg/psp/format_2025/builder.go:415.3,423.5 1 0
github.com/provide-io/flavor/go/flavor/pkg/psp/format_2025/builder.go:427.2,429.56 3 0
github.com/provide-io/flavor/go/flavor/pkg/psp/format_2025/builder.go:429.56,432.3 2 0
github.com/provide-io/flavor/go/flavor/pkg/psp/format_2025/builder.go:434.2,437.36 3 0
github.com/provide-io/flavor/go/flavor/pkg/psp/format_2025/builder.go:437.36,438.78 1 0
github.com/provide-io/flavor/go/flavor/pkg/psp/format_2025/builder.go:438.78,441.4 2 0
github.com/provide-io/flavor/go/flavor/pkg/psp/format_2025/builder.go:442.3,442.76 1 0
github.com/provide-io/flavor/go/flavor/pkg/psp/format_2025/builder.go:442.76,445.4 2 0
github.com/provide-io/flavor/go/flavor/pkg/psp/format_2025/builder.go:446.3,446.80 1 0
github.com/provide-io/flavor/go/flavor/pkg/psp/format_2025/builder.go:446.80,449.4 2 0
github.com/provide-io/flavor/go/flavor/pkg/psp/format_2025/builder.go:450.3,450.80 1 0
github.com/provide-io/flavor/go/flavor/pkg/psp/format_2025/builder.go:450.80,453.4 2 0
github.com/provide-io/flavor/go/flavor/pkg/psp/format_2025/builder.go:454.3,454.79 1 0
github.com/provide-io/flavor/go/flavor/pkg/psp/format_2025/builder.go:454.79,457.4 2 0
github.com/provide-io/flavor/go/flavor/pkg/psp/format_2025/builder.go:458.3,458.81 1 0
github.com/provide-io/flavor/go/flavor/pkg/psp/format_2025/builder.go:458.81,461.4 2 0
github.com/provide-io/flavor/go/flavor/pkg/psp/format_2025/builder.go:462.3,462.80 1 0
github.com/provide-io/flavor/go/flavor/pkg/psp/format_2025/builder.go:462.80,465.4 2 0
github.com/provide-io/flavor/go/flavor/pkg/psp/format_2025/builder.go:468.2,474.16 5 0
github.com/provide-io/flavor/go/flavor/pkg/psp/format_2025/builder.go:474.16,477.3 2 0
github.com/provide-io/flavor/go/flavor/pkg/psp/format_2025/builder.go:478.2,501.49 14 0
github.com/provide-io/flavor/go/flavor/pkg/psp/format_2025/builder.go:501.49,504.3 2 0
github.com/provide-io/flavor/go/flavor/pkg/psp/format_2025/builder.go:507.2,520.52 9 0
github.com/provide-io/flavor/go/flavor/pkg/psp/format_2025/builder.go:520.52,523.3 2 0
github.com/provide-io/flavor/go/flavor/pkg/psp/format_2025/builder.go:524.2,524.51 1 0
github.com/provide-io/flavor/go/flavor/pkg/psp/format_2025/builder.go:524.51,527.3 2 0
github.com/provide-io/flavor/go/flavor/pkg/psp/format_2025/builder.go:529.2,542.51 3 0
github.com/provide-io/flavor/go/flavor/pkg/psp/format_2025/builder.go:542.51,545.3 2 0
github.com/provide-io/flavor/go/flavor/pkg/psp/format_2025/builder.go:546.2,546.64 1 0
github.com/provide-io/flavor/go/flavor/pkg/psp/format_2025/checksums.go:26.44,27.11 1 0
github.com/provide-io/flavor/go/flavor/pkg/psp/format_2025/checksums.go:28.22,29.18 1 0
github.com/provide-io/flavor/go/flavor/pkg/psp/format_2025/checksums.go:30.22,31.18 1 0
github.com/provide-io/flavor/go/flavor/pkg/psp/format_2025/checksums.go:32.23,33.19 1 0
github.com/provide-io/flavor/go/flavor/pkg/psp/format_2025/checksums.go:34.23,35.19 1 0
github.com/provide-io/flavor/go/flavor/pkg/psp/format_2025/checksums.go:36.10,37.19 1 0
github.com/provide-io/flavor/go/flavor/pkg/psp/format_2025/checksums.go:42.75,43.40 1 0
github.com/provide-io/flavor/go/flavor/pkg/psp/format_2025/checksums.go:43.40,46.22 2 0
github.com/provide-io/flavor/go/flavor/pkg/psp/format_2025/checksums.go:46.22,48.4 1 0
github.com/provide-io/flavor/go/flavor/pkg/psp/format_2025/checksums.go:50.3,51.19 2 0
github.com/provide-io/flavor/go/flavor/pkg/psp/format_2025/checksums.go:52.17,53.25 1 0
github.com/provide-io/flavor/go/flavor/pkg/psp/format_2025/checksums.go:54.17,55.25 1 0
github.com/provide-io/flavor/go/flavor/pkg/psp/format_2025/checksums.go:56.18,57.26 1 0
github.com/provide-io/flavor/go/flavor/pkg/psp/format_2025/checksums.go:58.18,59.26 1 0
github.com/provide-io/flavor/go/flavor/pkg/psp/format_2025/checksums.go:60.11,61.85 1 0
github.com/provide-io/flavor/go/flavor/pkg/psp/format_2025/checksums.go:64.3,64.29 1 0
github.com/provide-io/flavor/go/flavor/pkg/psp/format_2025/checksums.go:68.2,69.26 2 0
github.com/provide-io/flavor/go/flavor/pkg/psp/format_2025/checksums.go:70.10,71.24 1 0
github.com/provide-io/flavor/go/flavor/pkg/psp/format_2025/checksums.go:72.11,73.24 1 0
github.com/provide-io/flavor/go/flavor/pkg/psp/format_2025/checksums.go:74.9,75.25 1 0
github.com/provide-io/flavor/go/flavor/pkg/psp/format_2025/checksums.go:76.10,77.24 1 0
github.com/provide-io/flavor/go/flavor/pkg/psp/format_2025/checksums.go:80.2,80.31 1 0
github.com/provide-io/flavor/go/flavor/pkg/psp/format_2025/checksums.go:84.73,88.19 3 0
github.com/provide-io/flavor/go/flavor/pkg/psp/format_2025/checksums.go:89.22,91.21 2 0
github.com/provide-io/flavor/go/flavor/pkg/psp/format_2025/checksums.go:92.22,94.21 2 0
github.com/provide-io/flavor/go/flavor/pkg/psp/format_2025/checksums.go:95.23,97.22 2 0
github.com/provide-io/flavor/go/flavor/pkg/psp/format_2025/checksums.go:98.23,100.35 1 0
github.com/provide-io/flavor/go/flavor/pkg/psp/format_2025/checksums.go:101.10,103.21 2 0
github.com/provide-io/flavor/go/flavor/pkg/psp/format_2025/checksums.go:106.2,108.47 3 0
github.com/provide-io/flavor/go/flavor/pkg/psp/format_2025/checksums.go:112.68,114.16 2 0
github.com/provide-io/flavor/go/flavor/pkg/psp/format_2025/checksums.go:114.16,116.3 1 0
github.com/provide-io/flavor/go/flavor/pkg/psp/format_2025/checksums.go:118.2,124.35 4 0
github.com/provide-io/flavor/go/flavor/pkg/psp/format_2025/compression.go:9.63,10.18 1 0
github.com/provide-io/flavor/go/flavor/pkg/psp/format_2025/compression.go:11.14,13.17 2 0
github.com/provide-io/flavor/go/flavor/pkg/psp/format_2025/compression.go:13.17,15.4 1 0
github.com/provide-io/flavor/go/flavor/pkg/psp/format_2025/compression.go:16.3,16.16 1 0
github.com/provide-io/flavor/go/flavor/pkg/psp/format_2025/compression.go:16.16,17.37 1 0
github.com/provide-io/flavor/go/flavor/pkg/psp/format_2025/compression.go:17.37,20.5 1 0
github.com/provide-io/flavor/go/flavor/pkg/psp/format_2025/compression.go:22.3,22.24 1 0
github.com/provide-io/flavor/go/flavor/pkg/psp/format_2025/compression.go:23.18,24.19 1 0
github.com/provide-io/flavor/go/flavor/pkg/psp/format_2025/compression.go:25.10,26.19 1 0
github.com/provide-io/flavor/go/flavor/pkg/psp/format_2025/constants.go:9.27,13.28 3 0
github.com/provide-io/flavor/go/flavor/pkg/psp/format_2025/constants.go:13.28,15.3 1 0
github.com/provide-io/flavor/go/flavor/pkg/psp/format_2025/constants.go:16.2,16.14 1 0
github.com/provide-io/flavor/go/flavor/pkg/psp/format_2025/crypto.go:15.104,18.16 2 0
github.com/provide-io/flavor/go/flavor/pkg/psp/format_2025/crypto.go:18.16,20.3 1 0
github.com/provide-io/flavor/go/flavor/pkg/psp/format_2025/crypto.go:23.2,28.50 4 0
github.com/provide-io/flavor/go/flavor/pkg/psp/format_2025/crypto.go:28.50,30.3 1 0
github.com/provide-io/flavor/go/flavor/pkg/psp/format_2025/crypto.go:31.2,31.35 1 0
github.com/provide-io/flavor/go/flavor/pkg/psp/format_2025/crypto.go:31.35,33.3 1 0
github.com/provide-io/flavor/go/flavor/pkg/psp/format_2025/crypto.go:36.2,37.26 2 0
github.com/provide-io/flavor/go/flavor/pkg/psp/format_2025/crypto.go:41.109,44.16 2 0
github.com/provide-io/flavor/go/flavor/pkg/psp/format_2025/crypto.go:44.16,46.3 1 0
github.com/provide-io/flavor/go/flavor/pkg/psp/format_2025/crypto.go:48.2,49.18 2 0
github.com/provide-io/flavor/go/flavor/pkg/psp/format_2025/crypto.go:49.18,51.3 1 0
github.com/provide-io/flavor/go/flavor/pkg/psp/format_2025/crypto.go:53.2,56.68 2 0
github.com/provide-io/flavor/go/flavor/pkg/psp/format_2025/crypto.go:56.68,59.10 3 0
github.com/provide-io/flavor/go/flavor/pkg/psp/format_2025/crypto.go:59.10,61.4 1 0
github.com/provide-io/flavor/go/flavor/pkg/psp/format_2025/crypto.go:62.8,62.55 1 0
github.com/provide-io/flavor/go/flavor/pkg/psp/format_2025/crypto.go:62.55,65.3 1 0
github.com/provide-io/flavor/go/flavor/pkg/psp/format_2025/crypto.go:65.8,67.3 1 0
github.com/provide-io/flavor/go/flavor/pkg/psp/format_2025/crypto.go:70.2,71.25 2 0
github.com/provide-io/flavor/go/flavor/pkg/psp/format_2025/crypto.go:71.25,74.17 2 0
github.com/provide-io/flavor/go/flavor/pkg/psp/format_2025/crypto.go:74.17,76.4 1 0
github.com/provide-io/flavor/go/flavor/pkg/psp/format_2025/crypto.go:78.3,79.19 2 0
github.com/provide-io/flavor/go/flavor/pkg/psp/format_2025/crypto.go:79.19,81.4 1 0
github.com/provide-io/flavor/go/flavor/pkg/psp/format_2025/crypto.go:84.3,84.67 1 0
github.com/provide-io/flavor/go/flavor/pkg/psp/format_2025/crypto.go:84.67,87.11 3 0
github.com/provide-io/flavor/go/flavor/pkg/psp/format_2025/crypto.go:87.11,89.5 1 0
github.com/provide-io/flavor/go/flavor/pkg/psp/format_2025/crypto.go:90.9,90.55 1 0
github.com/provide-io/flavor/go/flavor/pkg/psp/format_2025/crypto.go:90.55,93.4 1 0
github.com/provide-io/flavor/go/flavor/pkg/psp/format_2025/crypto.go:93.9,95.4 1 0
github.com/provide-io/flavor/go/flavor/pkg/psp/format_2025/crypto.go:96.8,99.3 1 0
github.com/provide-io/flavor/go/flavor/pkg/psp/format_2025/crypto.go:101.2,101.35 1 0
github.com/provide-io/flavor/go/flavor/pkg/psp/format_2025/crypto.go:104.53,108.2 2 0
github.com/provide-io/flavor/go/flavor/pkg/psp/format_2025/execution.go:25.77,29.52 2 0
github.com/provide-io/flavor/go/flavor/pkg/psp/format_2025/execution.go:29.52,31.61 2 0
github.com/provide-io/flavor/go/flavor/pkg/psp/format_2025/execution.go:31.61,33.40 1 0
github.com/provide-io/flavor/go/flavor/pkg/psp/format_2025/execution.go:33.40,38.32 3 0
github.com/provide-io/flavor/go/flavor/pkg/psp/format_2025/execution.go:38.32,41.6 2 0
github.com/provide-io/flavor/go/flavor/pkg/psp/format_2025/execution.go:41.11,43.6 1 0
github.com/provide-io/flavor/go/flavor/pkg/psp/format_2025/execution.go:44.10,48.5 2 0
github.com/provide-io/flavor/go/flavor/pkg/psp/format_2025/execution.go:53.2,60.16 3 0
github.com/provide-io/flavor/go/flavor/pkg/psp/format_2025/execution.go:60.16,62.3 1 0
github.com/provide-io/flavor/go/flavor/pkg/psp/format_2025/execution.go:64.2,64.59 1 0
github.com/provide-io/flavor/go/flavor/pkg/psp/format_2025/execution.go:64.59,66.3 1 0
github.com/provide-io/flavor/go/flavor/pkg/psp/format_2025/execution.go:68.2,69.18 2 0
github.com/provide-io/flavor/go/flavor/pkg/psp/format_2025/execution.go:73.55,74.36 1 0
github.com/provide-io/flavor/go/flavor/pkg/psp/format_2025/execution.go:74.36,76.3 1 0
github.com/provide-io/flavor/go/flavor/pkg/psp/format_2025/execution.go:79.2,79.53 1 0
github.com/provide-io/flavor/go/flavor/pkg/psp/format_2025/execution.go:79.53,81.60 2 0
github.com/provide-io/flavor/go/flavor/pkg/psp/format_2025/execution.go:81.60,82.35 1 0
github.com/provide-io/flavor/go/flavor/pkg/psp/format_2025/execution.go:82.35,83.48 1 0
github.com/provide-io/flavor/go/flavor/pkg/psp/format_2025/execution.go:83.48,85.6 1 0
github.com/provide-io/flavor/go/flavor/pkg/psp/format_2025/execution.go:85.11,87.6 1 0
github.com/provide-io/flavor/go/flavor/pkg/psp/format_2025/execution.go:94.35,96.16 2 0
github.com/provide-io/flavor/go/flavor/pkg/psp/format_2025/execution.go:96.16,98.3 1 0
github.com/provide-io/flavor/go/flavor/pkg/psp/format_2025/execution.go:100.2,101.19 2 0
github.com/provide-io/flavor/go/flavor/pkg/psp/format_2025/execution.go:104.110,106.16 2 0
github.com/provide-io/flavor/go/flavor/pkg/psp/format_2025/execution.go:106.16,109.3 2 0
github.com/provide-io/flavor/go/flavor/pkg/psp/format_2025/execution.go:110.2,110.15 1 0
github.com/provide-io/flavor/go/flavor/pkg/psp/format_2025/execution.go:110.15,111.40 1 0
github.com/provide-io/flavor/go/flavor/pkg/psp/format_2025/execution.go:111.40,113.4 1 0
github.com/provide-io/flavor/go/flavor/pkg/psp/format_2025/execution.go:116.2,118.23 2 0
github.com/provide-io/flavor/go/flavor/pkg/psp/format_2025/execution.go:118.23,121.17 3 0
github.com/provide-io/flavor/go/flavor/pkg/psp/format_2025/execution.go:121.17,124.4 2 0
github.com/provide-io/flavor/go/flavor/pkg/psp/format_2025/execution.go:125.3,125.13 1 0
github.com/provide-io/flavor/go/flavor/pkg/psp/format_2025/execution.go:125.13,128.4 2 0
github.com/provide-io/flavor/go/flavor/pkg/psp/format_2025/execution.go:129.3,129.45 1 0
github.com/provide-io/flavor/go/flavor/pkg/psp/format_2025/execution.go:130.8,132.3 1 0
github.com/provide-io/flavor/go/flavor/pkg/psp/format_2025/execution.go:134.2,135.16 2 0
github.com/provide-io/flavor/go/flavor/pkg/psp/format_2025/execution.go:135.16,138.3 2 0
github.com/provide-io/flavor/go/flavor/pkg/psp/format_2025/execution.go:140.2,145.54 5 0
github.com/provide-io/flavor/go/flavor/pkg/psp/format_2025/execution.go:145.54,148.3 2 0
github.com/provide-io/flavor/go/flavor/pkg/psp/format_2025/execution.go:149.2,152.37 3 0
github.com/provide-io/flavor/go/flavor/pkg/psp/format_2025/execution.go:152.37,155.57 3 0
github.com/provide-io/flavor/go/flavor/pkg/psp/format_2025/execution.go:155.57,156.86 1 0
github.com/provide-io/flavor/go/flavor/pkg/psp/format_2025/execution.go:156.86,159.5 2 0
github.com/provide-io/flavor/go/flavor/pkg/psp/format_2025/execution.go:160.9,162.4 1 0
github.com/provide-io/flavor/go/flavor/pkg/psp/format_2025/execution.go:165.2,167.19 2 0
github.com/provide-io/flavor/go/flavor/pkg/psp/format_2025/execution.go:167.19,170.17 2 0
github.com/provide-io/flavor/go/flavor/pkg/psp/format_2025/execution.go:170.17,173.4 2 0
github.com/provide-io/flavor/go/flavor/pkg/psp/format_2025/execution.go:174.3,178.104 3 0
github.com/provide-io/flavor/go/flavor/pkg/psp/format_2025/execution.go:178.104,180.4 1 0
github.com/provide-io/flavor/go/flavor/pkg/psp/format_2025/execution.go:182.3,183.39 2 0
github.com/provide-io/flavor/go/flavor/pkg/psp/format_2025/execution.go:183.39,186.18 3 0
github.com/provide-io/flavor/go/flavor/pkg/psp/format_2025/execution.go:186.18,189.5 2 0
github.com/provide-io/flavor/go/flavor/pkg/psp/format_2025/execution.go:190.4,191.36 2 0
github.com/provide-io/flavor/go/flavor/pkg/psp/format_2025/execution.go:195.3,197.102 3 0
github.com/provide-io/flavor/go/flavor/pkg/psp/format_2025/execution.go:197.102,199.4 1 0
github.com/provide-io/flavor/go/flavor/pkg/psp/format_2025/execution.go:200.8,202.39 2 0
github.com/provide-io/flavor/go/flavor/pkg/psp/format_2025/execution.go:202.39,203.36 1 0
github.com/provide-io/flavor/go/flavor/pkg/psp/format_2025/execution.go:203.36,206.19 3 0
github.com/provide-io/flavor/go/flavor/pkg/psp/format_2025/execution.go:206.19,209.6 2 0
github.com/provide-io/flavor/go/flavor/pkg/psp/format_2025/execution.go:210.5,210.37 1 0
github.com/provide-io/flavor/go/flavor/pkg/psp/format_2025/execution.go:211.10,213.5 1 0
github.com/provide-io/flavor/go/flavor/pkg/psp/format_2025/execution.go:217.2,217.54 1 0
github.com/provide-io/flavor/go/flavor/pkg/psp/format_2025/execution.go:217.54,220.56 3 0
github.com/provide-io/flavor/go/flavor/pkg/psp/format_2025/execution.go:220.56,223.4 2 0
github.com/provide-io/flavor/go/flavor/pkg/psp/format_2025/execution.go:225.3,225.60 1 0
github.com/provide-io/flavor/go/flavor/pkg/psp/format_2025/execution.go:225.60,230.43 4 0
github.com/provide-io/flavor/go/flavor/pkg/psp/format_2025/execution.go:231.16,232.19 1 0
github.com/provide-io/flavor/go/flavor/pkg/psp/format_2025/execution.go:233.32,241.43 6 0
github.com/provide-io/flavor/go/flavor/pkg/psp/format_2025/execution.go:241.43,242.72 1 0
github.com/provide-io/flavor/go/flavor/pkg/psp/format_2025/execution.go:242.72,249.21 5 0
github.com/provide-io/flavor/go/flavor/pkg/psp/format_2025/execution.go:249.21,251.8 1 0
github.com/provide-io/flavor/go/flavor/pkg/psp/format_2025/execution.go:253.7,254.45 2 0
github.com/provide-io/flavor/go/flavor/pkg/psp/format_2025/execution.go:254.45,257.8 2 0
github.com/provide-io/flavor/go/flavor/pkg/psp/format_2025/execution.go:257.13,259.8 1 0
github.com/provide-io/flavor/go/flavor/pkg/psp/format_2025/execution.go:261.11,261.39 1 0
github.com/provide-io/flavor/go/flavor/pkg/psp/format_2025/execution.go:261.39,274.52 10 0
github.com/provide-io/flavor/go/flavor/pkg/psp/format_2025/execution.go:274.52,276.7 1 0
github.com/provide-io/flavor/go/flavor/pkg/psp/format_2025/execution.go:278.6,278.75 1 0
github.com/provide-io/flavor/go/flavor/pkg/psp/format_2025/execution.go:278.75,281.7 2 0
github.com/provide-io/flavor/go/flavor/pkg/psp/format_2025/execution.go:283.6,283.14 1 0
github.com/provide-io/flavor/go/flavor/pkg/psp/format_2025/execution.go:284.11,286.6 1 0
github.com/provide-io/flavor/go/flavor/pkg/psp/format_2025/execution.go:287.12,289.13 2 0
github.com/provide-io/flavor/go/flavor/pkg/psp/format_2025/execution.go:292.4,292.22 1 0
github.com/provide-io/flavor/go/flavor/pkg/psp/format_2025/execution.go:292.22,293.26 1 0
github.com/provide-io/flavor/go/flavor/pkg/psp/format_2025/execution.go:293.26,297.6 3 0
github.com/provide-io/flavor/go/flavor/pkg/psp/format_2025/execution.go:299.5,300.25 2 0
github.com/provide-io/flavor/go/flavor/pkg/psp/format_2025/execution.go:300.25,302.6 1 0
github.com/provide-io/flavor/go/flavor/pkg/psp/format_2025/execution.go:302.11,304.25 2 0
github.com/provide-io/flavor/go/flavor/pkg/psp/format_2025/execution.go:304.25,305.15 1 0
github.com/provide-io/flavor/go/flavor/pkg/psp/format_2025/execution.go:307.6,307.54 1 0
github.com/provide-io/flavor/go/flavor/pkg/psp/format_2025/execution.go:310.5,315.39 4 0
github.com/provide-io/flavor/go/flavor/pkg/psp/format_2025/execution.go:315.39,316.41 1 0
github.com/provide-io/flavor/go/flavor/pkg/psp/format_2025/execution.go:316.41,318.12 2 0
github.com/provide-io/flavor/go/flavor/pkg/psp/format_2025/execution.go:322.5,323.62 2 0
github.com/provide-io/flavor/go/flavor/pkg/psp/format_2025/execution.go:323.62,326.6 2 0
github.com/provide-io/flavor/go/flavor/pkg/psp/format_2025/execution.go:331.2,331.31 1 0
github.com/provide-io/flavor/go/flavor/pkg/psp/format_2025/execution.go:331.31,334.3 2 0
github.com/provide-io/flavor/go/flavor/pkg/psp/format_2025/execution.go:336.2,337.35 2 0
github.com/provide-io/flavor/go/flavor/pkg/psp/format_2025/execution.go:337.35,340.3 2 0
github.com/provide-io/flavor/go/flavor/pkg/psp/format_2025/execution.go:341.2,345.41 4 0
github.com/provide-io/flavor/go/flavor/pkg/psp/format_2025/execution.go:345.41,346.44 1 0
github.com/provide-io/flavor/go/flavor/pkg/psp/format_2025/execution.go:346.44,348.46 2 0
github.com/provide-io/flavor/go/flavor/pkg/psp/format_2025/execution.go:348.46,351.5 2 0
github.com/provide-io/flavor/go/flavor/pkg/psp/format_2025/execution.go:355.2,356.21 2 0
github.com/provide-io/flavor/go/flavor/pkg/psp/format_2025/execution.go:356.21,359.3 2 0
github.com/provide-io/flavor/go/flavor/pkg/psp/format_2025/execution.go:361.2,362.19 2 0
github.com/provide-io/flavor/go/flavor/pkg/psp/format_2025/execution.go:362.19,364.3 1 0
github.com/provide-io/flavor/go/flavor/pkg/psp/format_2025/execution.go:366.2,388.30 14 0
github.com/provide-io/flavor/go/flavor/pkg/psp/format_2025/execution.go:388.30,389.38 1 0
github.com/provide-io/flavor/go/flavor/pkg/psp/format_2025/execution.go:389.38,392.9 3 0
github.com/provide-io/flavor/go/flavor/pkg/psp/format_2025/execution.go:395.2,395.16 1 0
github.com/provide-io/flavor/go/flavor/pkg/psp/format_2025/execution.go:395.16,397.3 1 0
github.com/provide-io/flavor/go/flavor/pkg/psp/format_2025/execution.go:399.2,399.60 1 0
github.com/provide-io/flavor/go/flavor/pkg/psp/format_2025/execution.go:399.60,402.3 2 0
github.com/provide-io/flavor/go/flavor/pkg/psp/format_2025/execution.go:404.2,404.43 1 0
github.com/provide-io/flavor/go/flavor/pkg/psp/format_2025/execution.go:404.43,406.52 2 0
github.com/provide-io/flavor/go/flavor/pkg/psp/format_2025/execution.go:406.52,407.37 1 0
github.com/provide-io/flavor/go/flavor/pkg/psp/format_2025/execution.go:407.37,410.5 2 0
github.com/provide-io/flavor/go/flavor/pkg/psp/format_2025/execution.go:411.4,412.67 2 0
github.com/provide-io/flavor/go/flavor/pkg/psp/format_2025/execution.go:416.2,427.22 9 0
github.com/provide-io/flavor/go/flavor/pkg/psp/format_2025/execution.go:427.22,429.31 2 0
github.com/provide-io/flavor/go/flavor/pkg/psp/format_2025/execution.go:429.31,431.23 2 0
github.com/provide-io/flavor/go/flavor/pkg/psp/format_2025/execution.go:431.23,433.5 1 0
github.com/provide-io/flavor/go/flavor/pkg/psp/format_2025/execution.go:437.2,437.17 1 0
github.com/provide-io/flavor/go/flavor/pkg/psp/format_2025/index.go:69.37,121.2 41 0
github.com/provide-io/flavor/go/flavor/pkg/psp/format_2025/index.go:124.49,125.28 1 0
github.com/provide-io/flavor/go/flavor/pkg/psp/format_2025/index.go:125.28,127.3 1 0
github.com/provide-io/flavor/go/flavor/pkg/psp/format_2025/index.go:129.2,177.12 40 0
github.com/provide-io/flavor/go/flavor/pkg/psp/format_2025/launcher.go:27.33,29.15 2 0
github.com/provide-io/flavor/go/flavor/pkg/psp/format_2025/launcher.go:29.15,31.3 1 0
github.com/provide-io/flavor/go/flavor/pkg/psp/format_2025/launcher.go:33.2,34.43 2 0
github.com/provide-io/flavor/go/flavor/pkg/psp/format_2025/launcher.go:34.43,36.3 1 0
github.com/provide-io/flavor/go/flavor/pkg/psp/format_2025/launcher.go:38.2,39.29 2 0
github.com/provide-io/flavor/go/flavor/pkg/psp/format_2025/launcher.go:42.44,44.20 2 0
github.com/provide-io/flavor/go/flavor/pkg/psp/format_2025/launcher.go:44.20,46.3 1 0
github.com/provide-io/flavor/go/flavor/pkg/psp/format_2025/launcher.go:47.2,47.20 1 0
github.com/provide-io/flavor/go/flavor/pkg/psp/format_2025/launcher.go:47.20,49.3 1 0
github.com/provide-io/flavor/go/flavor/pkg/psp/format_2025/launcher.go:52.2,54.41 3 0
github.com/provide-io/flavor/go/flavor/pkg/psp/format_2025/launcher.go:54.41,57.21 3 0
github.com/provide-io/flavor/go/flavor/pkg/psp/format_2025/launcher.go:57.21,59.4 1 0
github.com/provide-io/flavor/go/flavor/pkg/psp/format_2025/launcher.go:59.9,61.4 1 0
github.com/provide-io/flavor/go/flavor/pkg/psp/format_2025/launcher.go:65.2,72.60 2 0
github.com/provide-io/flavor/go/flavor/pkg/psp/format_2025/launcher.go:72.60,73.95 1 0
github.com/provide-io/flavor/go/flavor/pkg/psp/format_2025/launcher.go:73.95,75.4 1 0
github.com/provide-io/flavor/go/flavor/pkg/psp/format_2025/launcher.go:78.2,86.22 6 0
github.com/provide-io/flavor/go/flavor/pkg/psp/format_2025/launcher.go:86.22,87.31 1 0
github.com/provide-io/flavor/go/flavor/pkg/psp/format_2025/launcher.go:87.31,89.23 2 0
github.com/provide-io/flavor/go/flavor/pkg/psp/format_2025/launcher.go:89.23,91.5 1 0
github.com/provide-io/flavor/go/flavor/pkg/psp/format_2025/launcher.go:95.2,96.16 2 0
github.com/provide-io/flavor/go/flavor/pkg/psp/format_2025/launcher.go:96.16,99.3 2 0
github.com/provide-io/flavor/go/flavor/pkg/psp/format_2025/launcher.go:100.2,102.38 2 0
github.com/provide-io/flavor/go/flavor/pkg/psp/format_2025/launcher.go:102.38,104.20 2 0
github.com/provide-io/flavor/go/flavor/pkg/psp/format_2025/launcher.go:104.20,108.4 2 0
github.com/provide-io/flavor/go/flavor/pkg/psp/format_2025/launcher.go:110.3,110.18 1 0
github.com/provide-io/flavor/go/flavor/pkg/psp/format_2025/launcher.go:111.15,112.35 1 0
github.com/provide-io/flavor/go/flavor/pkg/psp/format_2025/launcher.go:113.17,114.33 1 0
github.com/provide-io/flavor/go/flavor/pkg/psp/format_2025/launcher.go:115.18,116.21 1 0
github.com/provide-io/flavor/go/flavor/pkg/psp/format_2025/launcher.go:116.21,119.5 2 0
github.com/provide-io/flavor/go/flavor/pkg/psp/format_2025/launcher.go:120.4,120.50 1 0
github.com/provide-io/flavor/go/flavor/pkg/psp/format_2025/launcher.go:121.14,124.18 2 0
github.com/provide-io/flavor/go/flavor/pkg/psp/format_2025/launcher.go:124.18,127.5 2 0
github.com/provide-io/flavor/go/flavor/pkg/psp/format_2025/launcher.go:128.4,129.21 2 0
github.com/provide-io/flavor/go/flavor/pkg/psp/format_2025/launcher.go:130.11,133.14 3 0
github.com/provide-io/flavor/go/flavor/pkg/psp/format_2025/launcher.go:135.3,135.9 1 0
github.com/provide-io/flavor/go/flavor/pkg/psp/format_2025/launcher.go:138.2,139.16 2 0
github.com/provide-io/flavor/go/flavor/pkg/psp/format_2025/launcher.go:139.16,142.3 2 0
github.com/provide-io/flavor/go/flavor/pkg/psp/format_2025/launcher.go:143.2,144.19 2 0
github.com/provide-io/flavor/go/flavor/pkg/psp/format_2025/launcher.go:147.66,157.12 6 0
github.com/provide-io/flavor/go/flavor/pkg/psp/format_2025/launcher.go:157.12,158.25 1 0
github.com/provide-io/flavor/go/flavor/pkg/psp/format_2025/launcher.go:158.25,159.20 1 0
github.com/provide-io/flavor/go/flavor/pkg/psp/format_2025/launcher.go:159.20,162.5 2 0
github.com/provide-io/flavor/go/flavor/pkg/psp/format_2025/launcher.go:164.4,167.26 3 0
github.com/provide-io/flavor/go/flavor/pkg/psp/format_2025/launcher.go:167.26,169.51 1 0
github.com/provide-io/flavor/go/flavor/pkg/psp/format_2025/launcher.go:169.51,171.6 1 0
github.com/provide-io/flavor/go/flavor/pkg/psp/format_2025/launcher.go:174.5,174.15 1 0
github.com/provide-io/flavor/go/flavor/pkg/psp/format_2025/launcher.go:174.15,178.13 3 0
github.com/provide-io/flavor/go/flavor/pkg/psp/format_2025/launcher.go:179.21,181.29 2 0
github.com/provide-io/flavor/go/flavor/pkg/psp/format_2025/launcher.go:181.29,182.49 1 0
github.com/provide-io/flavor/go/flavor/pkg/psp/format_2025/launcher.go:182.49,184.9 1 0
github.com/provide-io/flavor/go/flavor/pkg/psp/format_2025/launcher.go:186.26,188.13 1 0
github.com/provide-io/flavor/go/flavor/pkg/psp/format_2025/launcher.go:196.2,202.16 4 0
github.com/provide-io/flavor/go/flavor/pkg/psp/format_2025/launcher.go:202.16,203.47 1 0
github.com/provide-io/flavor/go/flavor/pkg/psp/format_2025/launcher.go:203.47,204.31 1 0
github.com/provide-io/flavor/go/flavor/pkg/psp/format_2025/launcher.go:204.31,205.62 1 0
github.com/provide-io/flavor/go/flavor/pkg/psp/format_2025/launcher.go:205.62,208.6 1 0
github.com/provide-io/flavor/go/flavor/pkg/psp/format_2025/launcher.go:210.4,211.29 2 0
github.com/provide-io/flavor/go/flavor/pkg/psp/format_2025/launcher.go:213.3,214.11 2 0
github.com/provide-io/flavor/go/flavor/pkg/psp/format_2025/launcher.go:216.2,216.10 1 0
github.com/provide-io/flavor/go/flavor/pkg/psp/format_2025/launcher.go:220.44,223.45 2 0
github.com/provide-io/flavor/go/flavor/pkg/psp/format_2025/launcher.go:223.45,225.53 1 0
github.com/provide-io/flavor/go/flavor/pkg/psp/format_2025/launcher.go:225.53,227.81 2 0
github.com/provide-io/flavor/go/flavor/pkg/psp/format_2025/launcher.go:227.81,228.47 1 0
github.com/provide-io/flavor/go/flavor/pkg/psp/format_2025/launcher.go:228.47,230.6 1 0
github.com/provide-io/flavor/go/flavor/pkg/psp/format_2025/launcher.go:230.11,232.6 1 0
github.com/provide-io/flavor/go/flavor/pkg/psp/format_2025/launcher.go:238.58,240.16 2 0
github.com/provide-io/flavor/go/flavor/pkg/psp/format_2025/launcher.go:240.16,243.3 2 0
github.com/provide-io/flavor/go/flavor/pkg/psp/format_2025/launcher.go:244.2,244.15 1 0
github.com/provide-io/flavor/go/flavor/pkg/psp/format_2025/launcher.go:244.15,245.40 1 0
github.com/provide-io/flavor/go/flavor/pkg/psp/format_2025/launcher.go:245.40,247.4 1 0
github.com/provide-io/flavor/go/flavor/pkg/psp/format_2025/launcher.go:250.2,251.16 2 0
github.com/provide-io/flavor/go/flavor/pkg/psp/format_2025/launcher.go:251.16,254.3 2 0
github.com/provide-io/flavor/go/flavor/pkg/psp/format_2025/launcher.go:256.2,257.16 2 0
github.com/provide-io/flavor/go/flavor/pkg/psp/format_2025/launcher.go:257.16,260.3 2 0
github.com/provide-io/flavor/go/flavor/pkg/psp/format_2025/launcher.go:262.2,268.38 5 0
github.com/provide-io/flavor/go/flavor/pkg/psp/format_2025/launcher.go:268.38,270.53 2 0
github.com/provide-io/flavor/go/flavor/pkg/psp/format_2025/launcher.go:270.53,272.4 1 0
github.com/provide-io/flavor/go/flavor/pkg/psp/format_2025/launcher.go:275.2,276.28 2 0
github.com/provide-io/flavor/go/flavor/pkg/psp/format_2025/launcher.go:276.28,278.32 2 0
github.com/provide-io/flavor/go/flavor/pkg/psp/format_2025/launcher.go:278.32,280.4 1 0
github.com/provide-io/flavor/go/flavor/pkg/psp/format_2025/launcher.go:281.3,281.43 1 0
github.com/provide-io/flavor/go/flavor/pkg/psp/format_2025/launcher.go:284.2,286.16 3 0
github.com/provide-io/flavor/go/flavor/pkg/psp/format_2025/launcher.go:286.16,288.3 1 0
github.com/provide-io/flavor/go/flavor/pkg/psp/format_2025/launcher.go:290.2,306.69 5 0
github.com/provide-io/flavor/go/flavor/pkg/psp/format_2025/launcher.go:309.75,311.16 2 0
github.com/provide-io/flavor/go/flavor/pkg/psp/format_2025/launcher.go:311.16,314.3 2 0
github.com/provide-io/flavor/go/flavor/pkg/psp/format_2025/launcher.go:316.2,317.16 2 0
github.com/provide-io/flavor/go/flavor/pkg/psp/format_2025/launcher.go:317.16,320.3 2 0
github.com/provide-io/flavor/go/flavor/pkg/psp/format_2025/launcher.go:321.2,321.15 1 0
github.com/provide-io/flavor/go/flavor/pkg/psp/format_2025/launcher.go:321.15,322.40 1 0
github.com/provide-io/flavor/go/flavor/pkg/psp/format_2025/launcher.go:322.40,324.4 1 0
github.com/provide-io/flavor/go/flavor/pkg/psp/format_2025/launcher.go:327.2,328.16 2 0
github.com/provide-io/flavor/go/flavor/pkg/psp/format_2025/launcher.go:328.16,331.3 2 0
github.com/provide-io/flavor/go/flavor/pkg/psp/format_2025/launcher.go:333.2,333.55 1 0
github.com/provide-io/flavor/go/flavor/pkg/psp/format_2025/launcher.go:333.55,336.3 2 0
github.com/provide-io/flavor/go/flavor/pkg/psp/format_2025/launcher.go:338.2,340.16 3 0
github.com/provide-io/flavor/go/flavor/pkg/psp/format_2025/launcher.go:340.16,343.3 2 0
github.com/provide-io/flavor/go/flavor/pkg/psp/format_2025/launcher.go:345.2,345.80 1 0
github.com/provide-io/flavor/go/flavor/pkg/psp/format_2025/launcher.go:348.48,349.97 1 0
github.com/provide-io/flavor/go/flavor/pkg/psp/format_2025/launcher.go:349.97,351.3 1 0
github.com/provide-io/flavor/go/flavor/pkg/psp/format_2025/launcher.go:352.2,352.95 1 0
github.com/provide-io/flavor/go/flavor/pkg/psp/format_2025/launcher.go:352.95,354.3 1 0
github.com/provide-io/flavor/go/flavor/pkg/psp/format_2025/launcher.go:355.2,355.95 1 0
github.com/provide-io/flavor/go/flavor/pkg/psp/format_2025/launcher.go:355.95,357.3 1 0
github.com/provide-io/flavor/go/flavor/pkg/psp/format_2025/launcher.go:358.2,358.99 1 0
github.com/provide-io/flavor/go/flavor/pkg/psp/format_2025/launcher.go:358.99,360.3 1 0
github.com/provide-io/flavor/go/flavor/pkg/psp/format_2025/launcher.go:362.2,363.16 2 0
github.com/provide-io/flavor/go/flavor/pkg/psp/format_2025/launcher.go:363.16,365.3 1 0
github.com/provide-io/flavor/go/flavor/pkg/psp/format_2025/launcher.go:367.2,368.18 2 0
github.com/provide-io/flavor/go/flavor/pkg/psp/format_2025/launcher.go:368.18,370.3 1 0
github.com/provide-io/flavor/go/flavor/pkg/psp/format_2025/launcher.go:371.2,374.94 3 0
github.com/provide-io/flavor/go/flavor/pkg/psp/format_2025/launcher.go:374.94,376.3 1 0
github.com/provide-io/flavor/go/flavor/pkg/psp/format_2025/launcher.go:378.2,378.85 1 0
github.com/provide-io/flavor/go/flavor/pkg/psp/format_2025/launcher.go:378.85,380.3 1 0
github.com/provide-io/flavor/go/flavor/pkg/psp/format_2025/launcher.go:382.2,382.112 1 0
github.com/provide-io/flavor/go/flavor/pkg/psp/format_2025/launcher.go:382.112,384.3 1 0
github.com/provide-io/flavor/go/flavor/pkg/psp/format_2025/launcher.go:386.2,386.108 1 0
github.com/provide-io/flavor/go/flavor/pkg/psp/format_2025/launcher.go:386.108,388.3 1 0
github.com/provide-io/flavor/go/flavor/pkg/psp/format_2025/launcher.go:390.2,390.18 1 0
github.com/provide-io/flavor/go/flavor/pkg/psp/format_2025/launcher.go:393.56,395.16 2 0
github.com/provide-io/flavor/go/flavor/pkg/psp/format_2025/launcher.go:395.16,398.3 2 0
github.com/provide-io/flavor/go/flavor/pkg/psp/format_2025/launcher.go:399.2,399.15 1 0
github.com/provide-io/flavor/go/flavor/pkg/psp/format_2025/launcher.go:399.15,400.40 1 0
github.com/provide-io/flavor/go/flavor/pkg/psp/format_2025/launcher.go:400.40,402.4 1 0
github.com/provide-io/flavor/go/flavor/pkg/psp/format_2025/launcher.go:405.2,410.16 4 0
github.com/provide-io/flavor/go/flavor/pkg/psp/format_2025/launcher.go:410.16,412.3 1 0
github.com/provide-io/flavor/go/flavor/pkg/psp/format_2025/launcher.go:412.8,414.3 1 0
github.com/provide-io/flavor/go/flavor/pkg/psp/format_2025/launcher.go:416.2,417.16 2 0
github.com/provide-io/flavor/go/flavor/pkg/psp/format_2025/launcher.go:417.16,419.3 1 0
github.com/provide-io/flavor/go/flavor/pkg/psp/format_2025/launcher.go:419.8,421.3 1 0
github.com/provide-io/flavor/go/flavor/pkg/psp/format_2025/launcher.go:423.2,424.16 2 0
github.com/provide-io/flavor/go/flavor/pkg/psp/format_2025/launcher.go:424.16,426.3 1 0
github.com/provide-io/flavor/go/flavor/pkg/psp/format_2025/launcher.go:426.8,429.39 2 0
github.com/provide-io/flavor/go/flavor/pkg/psp/format_2025/launcher.go:429.39,431.18 2 0
github.com/provide-io/flavor/go/flavor/pkg/psp/format_2025/launcher.go:431.18,433.5 1 0
github.com/provide-io/flavor/go/flavor/pkg/psp/format_2025/launcher.go:433.10,435.5 1 0
github.com/provide-io/flavor/go/flavor/pkg/psp/format_2025/launcher.go:439.2,439.22 1 0
github.com/provide-io/flavor/go/flavor/pkg/psp/format_2025/launcher.go:439.22,441.3 1 0
github.com/provide-io/flavor/go/flavor/pkg/psp/format_2025/launcher.go:441.8,443.30 2 0
github.com/provide-io/flavor/go/flavor/pkg/psp/format_2025/launcher.go:443.30,445.4 1 0
github.com/provide-io/flavor/go/flavor/pkg/psp/format_2025/launcher.go:446.3,446.13 1 0
github.com/provide-io/flavor/go/flavor/pkg/psp/format_2025/launcher.go:450.51,451.56 1 0
github.com/provide-io/flavor/go/flavor/pkg/psp/format_2025/launcher.go:451.56,453.3 1 0
github.com/provide-io/flavor/go/flavor/pkg/psp/format_2025/launcher.go:455.2,455.64 1 0
github.com/provide-io/flavor/go/flavor/pkg/psp/format_2025/launcher.go:455.64,457.3 1 0
github.com/provide-io/flavor/go/flavor/pkg/psp/format_2025/launcher.go:458.2,458.33 1 0
github.com/provide-io/flavor/go/flavor/pkg/psp/format_2025/reader.go:38.52,42.2 1 0
github.com/provide-io/flavor/go/flavor/pkg/psp/format_2025/reader.go:45.31,46.19 1 0
github.com/provide-io/flavor/go/flavor/pkg/psp/format_2025/reader.go:46.19,48.3 1 0
github.com/provide-io/flavor/go/flavor/pkg/psp/format_2025/reader.go:50.2,51.16 2 0
github.com/provide-io/flavor/go/flavor/pkg/psp/format_2025/reader.go:51.16,53.3 1 0
github.com/provide-io/flavor/go/flavor/pkg/psp/format_2025/reader.go:55.2,56.12 2 0
github.com/provide-io/flavor/go/flavor/pkg/psp/format_2025/reader.go:60.32,61.19 1 0
github.com/provide-io/flavor/go/flavor/pkg/psp/format_2025/reader.go:61.19,65.3 3 0
github.com/provide-io/flavor/go/flavor/pkg/psp/format_2025/reader.go:66.2,66.12 1 0
github.com/provide-io/flavor/go/flavor/pkg/psp/format_2025/reader.go:70.46,71.33 1 0
github.com/provide-io/flavor/go/flavor/pkg/psp/format_2025/reader.go:71.33,73.3 1 0
github.com/provide-io/flavor/go/flavor/pkg/psp/format_2025/reader.go:76.2,76.68 1 0
github.com/provide-io/flavor/go/flavor/pkg/psp/format_2025/reader.go:76.68,78.3 1 0
github.com/provide-io/flavor/go/flavor/pkg/psp/format_2025/reader.go:80.2,81.46 2 0
github.com/provide-io/flavor/go/flavor/pkg/psp/format_2025/reader.go:81.46,83.3 1 0
github.com/provide-io/flavor/go/flavor/pkg/psp/format_2025/reader.go:86.2,87.24 2 0
github.com/provide-io/flavor/go/flavor/pkg/psp/format_2025/reader.go:87.24,89.3 1 0
github.com/provide-io/flavor/go/flavor/pkg/psp/format_2025/reader.go:90.2,90.18 1 0
github.com/provide-io/flavor/go/flavor/pkg/psp/format_2025/reader.go:94.54,95.33 1 0
github.com/provide-io/flavor/go/flavor/pkg/psp/format_2025/reader.go:95.33,97.3 1 0
github.com/provide-io/flavor/go/flavor/pkg/psp/format_2025/reader.go:100.2,103.66 3 0
github.com/provide-io/flavor/go/flavor/pkg/psp/format_2025/reader.go:103.66,104.62 1 0
github.com/provide-io/flavor/go/flavor/pkg/psp/format_2025/reader.go:104.62,106.4 1 0
github.com/provide-io/flavor/go/flavor/pkg/psp/format_2025/reader.go:108.3,110.34 3 0
github.com/provide-io/flavor/go/flavor/pkg/psp/format_2025/reader.go:110.34,112.4 1 0
github.com/provide-io/flavor/go/flavor/pkg/psp/format_2025/reader.go:113.3,113.13 1 0
github.com/provide-io/flavor/go/flavor/pkg/psp/format_2025/reader.go:113.13,114.9 1 0
github.com/provide-io/flavor/go/flavor/pkg/psp/format_2025/reader.go:116.3,120.15 3 0
github.com/provide-io/flavor/go/flavor/pkg/psp/format_2025/reader.go:120.15,122.4 1 0
github.com/provide-io/flavor/go/flavor/pkg/psp/format_2025/reader.go:125.2,125.27 1 0
github.com/provide-io/flavor/go/flavor/pkg/psp/format_2025/reader.go:129.50,130.20 1 0
github.com/provide-io/flavor/go/flavor/pkg/psp/format_2025/reader.go:130.20,132.3 1 0
github.com/provide-io/flavor/go/flavor/pkg/psp/format_2025/reader.go:134.2,134.33 1 0
github.com/provide-io/flavor/go/flavor/pkg/psp/format_2025/reader.go:134.33,136.3 1 0
github.com/provide-io/flavor/go/flavor/pkg/psp/format_2025/reader.go:138.2,139.16 2 0
github.com/provide-io/flavor/go/flavor/pkg/psp/format_2025/reader.go:139.16,141.3 1 0
github.com/provide-io/flavor/go/flavor/pkg/psp/format_2025/reader.go:144.2,144.67 1 0
github.com/provide-io/flavor/go/flavor/pkg/psp/format_2025/reader.go:144.67,146.3 1 0
github.com/provide-io/flavor/go/flavor/pkg/psp/format_2025/reader.go:149.2,150.50 2 0
github.com/provide-io/flavor/go/flavor/pkg/psp/format_2025/reader.go:150.50,152.3 1 0
github.com/provide-io/flavor/go/flavor/pkg/psp/format_2025/reader.go:155.2,156.48 2 0
github.com/provide-io/flavor/go/flavor/pkg/psp/format_2025/reader.go:156.48,158.3 1 0
github.com/provide-io/flavor/go/flavor/pkg/psp/format_2025/reader.go:161.2,161.51 1 0
github.com/provide-io/flavor/go/flavor/pkg/psp/format_2025/reader.go:161.51,163.3 1 0
github.com/provide-io/flavor/go/flavor/pkg/psp/format_2025/reader.go:166.2,166.40 1 0
github.com/provide-io/flavor/go/flavor/pkg/psp/format_2025/reader.go:166.40,168.3 1 0
github.com/provide-io/flavor/go/flavor/pkg/psp/format_2025/reader.go:170.2,171.19 2 0
github.com/provide-io/flavor/go/flavor/pkg/psp/format_2025/reader.go:175.52,176.23 1 0
github.com/provide-io/flavor/go/flavor/pkg/psp/format_2025/reader.go:176.23,178.3 1 0
github.com/provide-io/flavor/go/flavor/pkg/psp/format_2025/reader.go:180.2,181.16 2 0
github.com/provide-io/flavor/go/flavor/pkg/psp/format_2025/reader.go:181.16,183.3 1 0
github.com/provide-io/flavor/go/flavor/pkg/psp/format_2025/reader.go:186.2,186.82 1 0
github.com/provide-io/flavor/go/flavor/pkg/psp/format_2025/reader.go:186.82,188.3 1 0
github.com/provide-io/flavor/go/flavor/pkg/psp/format_2025/reader.go:191.2,192.52 2 0
github.com/provide-io/flavor/go/flavor/pkg/psp/format_2025/reader.go:192.52,194.3 1 0
github.com/provide-io/flavor/go/flavor/pkg/psp/format_2025/reader.go:197.2,198.16 2 0
github.com/provide-io/flavor/go/flavor/pkg/psp/format_2025/reader.go:198.16,200.3 1 0
github.com/provide-io/flavor/go/flavor/pkg/psp/format_2025/reader.go:201.2,201.15 1 0
github.com/provide-io/flavor/go/flavor/pkg/psp/format_2025/reader.go:201.15,202.36 1 0
github.com/provide-io/flavor/go/flavor/pkg/psp/format_2025/reader.go:202.36,205.4 1 0
github.com/provide-io/flavor/go/flavor/pkg/psp/format_2025/reader.go:209.2,210.62 2 0
github.com/provide-io/flavor/go/flavor/pkg/psp/format_2025/reader.go:210.62,212.3 1 0
github.com/provide-io/flavor/go/flavor/pkg/psp/format_2025/reader.go:214.2,215.23 2 0
github.com/provide-io/flavor/go/flavor/pkg/psp/format_2025/reader.go:219.56,221.16 2 0
github.com/provide-io/flavor/go/flavor/pkg/psp/format_2025/reader.go:221.16,223.3 1 0
github.com/provide-io/flavor/go/flavor/pkg/psp/format_2025/reader.go:226.2,226.82 1 0
github.com/provide-io/flavor/go/flavor/pkg/psp/format_2025/reader.go:226.82,228.3 1 0
github.com/provide-io/flavor/go/flavor/pkg/psp/format_2025/reader.go:230.2,231.53 2 0
github.com/provide-io/flavor/go/flavor/pkg/psp/format_2025/reader.go:231.53,233.3 1 0
github.com/provide-io/flavor/go/flavor/pkg/psp/format_2025/reader.go:236.2,238.40 3 0
github.com/provide-io/flavor/go/flavor/pkg/psp/format_2025/reader.go:238.40,240.3 1 0
github.com/provide-io/flavor/go/flavor/pkg/psp/format_2025/reader.go:242.2,242.26 1 0
github.com/provide-io/flavor/go/flavor/pkg/psp/format_2025/reader.go:246.58,248.16 2 0
github.com/provide-io/flavor/go/flavor/pkg/psp/format_2025/reader.go:248.16,250.3 1 0
github.com/provide-io/flavor/go/flavor/pkg/psp/format_2025/reader.go:252.2,252.39 1 0
github.com/provide-io/flavor/go/flavor/pkg/psp/format_2025/reader.go:252.39,254.3 1 0
github.com/provide-io/flavor/go/flavor/pkg/psp/format_2025/reader.go:257.2,258.75 2 0
github.com/provide-io/flavor/go/flavor/pkg/psp/format_2025/reader.go:258.75,260.3 1 0
github.com/provide-io/flavor/go/flavor/pkg/psp/format_2025/reader.go:263.2,264.53 2 0
github.com/provide-io/flavor/go/flavor/pkg/psp/format_2025/reader.go:264.53,266.3 1 0
github.com/provide-io/flavor/go/flavor/pkg/psp/format_2025/reader.go:269.2,295.74 2 0
github.com/provide-io/flavor/go/flavor/pkg/psp/format_2025/reader.go:295.74,297.3 1 0
github.com/provide-io/flavor/go/flavor/pkg/psp/format_2025/reader.go:300.2,301.49 2 0
github.com/provide-io/flavor/go/flavor/pkg/psp/format_2025/reader.go:301.49,303.3 1 0
github.com/provide-io/flavor/go/flavor/pkg/psp/format_2025/reader.go:306.2,306.50 1 0
github.com/provide-io/flavor/go/flavor/pkg/psp/format_2025/reader.go:306.50,308.3 1 0
github.com/provide-io/flavor/go/flavor/pkg/psp/format_2025/reader.go:311.2,311.24 1 0
github.com/provide-io/flavor/go/flavor/pkg/psp/format_2025/reader.go:312.19,313.23 1 0
github.com/provide-io/flavor/go/flavor/pkg/psp/format_2025/reader.go:314.19,316.23 1 0
github.com/provide-io/flavor/go/flavor/pkg/psp/format_2025/reader.go:317.20,319.17 2 0
github.com/provide-io/flavor/go/flavor/pkg/psp/format_2025/reader.go:319.17,321.4 1 0
github.com/provide-io/flavor/go/flavor/pkg/psp/format_2025/reader.go:322.3,325.17 3 0
github.com/provide-io/flavor/go/flavor/pkg/psp/format_2025/reader.go:325.17,327.4 1 0
github.com/provide-io/flavor/go/flavor/pkg/psp/format_2025/reader.go:328.3,328.27 1 0
github.com/provide-io/flavor/go/flavor/pkg/psp/format_2025/reader.go:329.19,332.17 2 0
github.com/provide-io/flavor/go/flavor/pkg/psp/format_2025/reader.go:332.17,334.4 1 0
github.com/provide-io/flavor/go/flavor/pkg/psp/format_2025/reader.go:335.3,338.17 3 0
github.com/provide-io/flavor/go/flavor/pkg/psp/format_2025/reader.go:338.17,340.4 1 0
github.com/provide-io/flavor/go/flavor/pkg/psp/format_2025/reader.go:342.3,342.27 1 0
github.com/provide-io/flavor/go/flavor/pkg/psp/format_2025/reader.go:343.10,345.23 1 0
github.com/provide-io/flavor/go/flavor/pkg/psp/format_2025/reader.go:350.34,352.22 1 0
github.com/provide-io/flavor/go/flavor/pkg/psp/format_2025/reader.go:352.22,354.39 1 0
github.com/provide-io/flavor/go/flavor/pkg/psp/format_2025/reader.go:354.39,356.4 1 0
github.com/provide-io/flavor/go/flavor/pkg/psp/format_2025/reader.go:358.3,359.45 2 0
github.com/provide-io/flavor/go/flavor/pkg/psp/format_2025/reader.go:359.45,360.20 1 0
github.com/provide-io/flavor/go/flavor/pkg/psp/format_2025/reader.go:360.20,361.10 1 0
github.com/provide-io/flavor/go/flavor/pkg/psp/format_2025/reader.go:363.4,363.37 1 0
github.com/provide-io/flavor/go/flavor/pkg/psp/format_2025/reader.go:363.37,365.10 2 0
github.com/provide-io/flavor/go/flavor/pkg/psp/format_2025/reader.go:369.3,369.37 1 0
github.com/provide-io/flavor/go/flavor/pkg/psp/format_2025/reader.go:371.2,371.14 1 0
github.com/provide-io/flavor/go/flavor/pkg/psp/format_2025/reader.go:375.77,377.16 2 0
github.com/provide-io/flavor/go/flavor/pkg/psp/format_2025/reader.go:377.16,379.3 1 0
github.com/provide-io/flavor/go/flavor/pkg/psp/format_2025/reader.go:381.2,381.38 1 0
github.com/provide-io/flavor/go/flavor/pkg/psp/format_2025/reader.go:381.38,383.3 1 0
github.com/provide-io/flavor/go/flavor/pkg/psp/format_2025/reader.go:385.2,387.16 3 0
github.com/provide-io/flavor/go/flavor/pkg/psp/format_2025/reader.go:387.16,389.3 1 0
github.com/provide-io/flavor/go/flavor/pkg/psp/format_2025/reader.go:391.2,392.16 2 0
github.com/provide-io/flavor/go/flavor/pkg/psp/format_2025/reader.go:392.16,394.3 1 0
github.com/provide-io/flavor/go/flavor/pkg/psp/format_2025/reader.go:397.2,400.29 2 0
github.com/provide-io/flavor/go/flavor/pkg/psp/format_2025/reader.go:400.29,405.31 2 0
github.com/provide-io/flavor/go/flavor/pkg/psp/format_2025/reader.go:405.31,411.24 3 0
github.com/provide-io/flavor/go/flavor/pkg/psp/format_2025/reader.go:411.24,413.5 1 0
github.com/provide-io/flavor/go/flavor/pkg/psp/format_2025/reader.go:413.10,415.5 1 0
github.com/provide-io/flavor/go/flavor/pkg/psp/format_2025/reader.go:419.3,419.55 1 0
github.com/provide-io/flavor/go/flavor/pkg/psp/format_2025/reader.go:419.55,421.4 1 0
github.com/provide-io/flavor/go/flavor/pkg/psp/format_2025/reader.go:423.3,424.7 2 0
github.com/provide-io/flavor/go/flavor/pkg/psp/format_2025/reader.go:424.7,426.21 2 0
github.com/provide-io/flavor/go/flavor/pkg/psp/format_2025/reader.go:426.21,427.10 1 0
github.com/provide-io/flavor/go/flavor/pkg/psp/format_2025/reader.go:429.4,429.18 1 0
github.com/provide-io/flavor/go/flavor/pkg/psp/format_2025/reader.go:429.18,431.5 1 0
github.com/provide-io/flavor/go/flavor/pkg/psp/format_2025/reader.go:433.4,435.24 2 0
github.com/provide-io/flavor/go/flavor/pkg/psp/format_2025/reader.go:436.21,437.70 1 0
github.com/provide-io/flavor/go/flavor/pkg/psp/format_2025/reader.go:437.70,439.6 1 0
github.com/provide-io/flavor/go/flavor/pkg/psp/format_2025/reader.go:440.21,442.67 1 0
github.com/provide-io/flavor/go/flavor/pkg/psp/format_2025/reader.go:442.67,444.6 1 0
github.com/provide-io/flavor/go/flavor/pkg/psp/format_2025/reader.go:446.5,447.19 2 0
github.com/provide-io/flavor/go/flavor/pkg/psp/format_2025/reader.go:447.19,449.6 1 0
github.com/provide-io/flavor/go/flavor/pkg/psp/format_2025/reader.go:451.5,451.47 1 0
github.com/provide-io/flavor/go/flavor/pkg/psp/format_2025/reader.go:451.47,452.50 1 0
github.com/provide-io/flavor/go/flavor/pkg/psp/format_2025/reader.go:452.50,455.7 1 0
github.com/provide-io/flavor/go/flavor/pkg/psp/format_2025/reader.go:456.6,456.20 1 0
github.com/provide-io/flavor/go/flavor/pkg/psp/format_2025/reader.go:458.5,458.39 1 0
github.com/provide-io/flavor/go/flavor/pkg/psp/format_2025/reader.go:458.39,460.6 1 0
github.com/provide-io/flavor/go/flavor/pkg/psp/format_2025/reader.go:463.5,463.27 1 0
github.com/provide-io/flavor/go/flavor/pkg/psp/format_2025/reader.go:463.27,464.68 1 0
github.com/provide-io/flavor/go/flavor/pkg/psp/format_2025/reader.go:464.68,467.7 1 0
github.com/provide-io/flavor/go/flavor/pkg/psp/format_2025/reader.go:469.25,471.67 1 0
github.com/provide-io/flavor/go/flavor/pkg/psp/format_2025/reader.go:471.67,473.6 1 0
github.com/provide-io/flavor/go/flavor/pkg/psp/format_2025/reader.go:476.5,476.68 1 0
github.com/provide-io/flavor/go/flavor/pkg/psp/format_2025/reader.go:476.68,479.6 1 0
github.com/provide-io/flavor/go/flavor/pkg/psp/format_2025/reader.go:482.5,482.60 1 0
github.com/provide-io/flavor/go/flavor/pkg/psp/format_2025/reader.go:482.60,484.6 1 0
github.com/provide-io/flavor/go/flavor/pkg/psp/format_2025/reader.go:489.3,489.25 1 0
github.com/provide-io/flavor/go/flavor/pkg/psp/format_2025/reader.go:495.2,495.64 1 0
github.com/provide-io/flavor/go/flavor/pkg/psp/format_2025/reader.go:495.64,499.3 1 0
github.com/provide-io/flavor/go/flavor/pkg/psp/format_2025/reader.go:501.2,501.66 1 0
github.com/provide-io/flavor/go/flavor/pkg/psp/format_2025/reader.go:501.66,503.3 1 0
github.com/provide-io/flavor/go/flavor/pkg/psp/format_2025/reader.go:506.2,507.74 2 0
github.com/provide-io/flavor/go/flavor/pkg/psp/format_2025/reader.go:507.74,509.3 1 0
github.com/provide-io/flavor/go/flavor/pkg/psp/format_2025/reader.go:511.2,511.110 1 0
github.com/provide-io/flavor/go/flavor/pkg/psp/format_2025/reader.go:511.110,513.3 1 0
github.com/provide-io/flavor/go/flavor/pkg/psp/format_2025/reader.go:515.2,515.67 1 0
github.com/provide-io/flavor/go/flavor/pkg/psp/format_2025/reader.go:515.67,517.3 1 0
github.com/provide-io/flavor/go/flavor/pkg/psp/format_2025/reader.go:519.2,519.22 1 0
github.com/provide-io/flavor/go/flavor/pkg/psp/format_2025/reader.go:523.45,525.16 2 0
github.com/provide-io/flavor/go/flavor/pkg/psp/format_2025/reader.go:525.16,527.3 1 0
github.com/provide-io/flavor/go/flavor/pkg/psp/format_2025/reader.go:529.2,529.44 1 0
github.com/provide-io/flavor/go/flavor/pkg/psp/format_2025/reader.go:529.44,530.42 1 0
github.com/provide-io/flavor/go/flavor/pkg/psp/format_2025/reader.go:530.42,532.4 1 0
github.com/provide-io/flavor/go/flavor/pkg/psp/format_2025/reader.go:535.2,535.12 1 0
github.com/provide-io/flavor/go/flavor/pkg/psp/format_2025/reader.go:539.51,540.20 1 0
github.com/provide-io/flavor/go/flavor/pkg/psp/format_2025/reader.go:540.20,542.3 1 0
github.com/provide-io/flavor/go/flavor/pkg/psp/format_2025/reader.go:544.2,545.16 2 0
github.com/provide-io/flavor/go/flavor/pkg/psp/format_2025/reader.go:545.16,547.3 1 0
github.com/provide-io/flavor/go/flavor/pkg/psp/format_2025/reader.go:550.2,550.69 1 0
github.com/provide-io/flavor/go/flavor/pkg/psp/format_2025/reader.go:550.69,552.3 1 0
github.com/provide-io/flavor/go/flavor/pkg/psp/format_2025/reader.go:554.2,555.12 2 0
github.com/provide-io/flavor/go/flavor/pkg/psp/format_2025/reader.go:559.54,561.16 2 0
github.com/provide-io/flavor/go/flavor/pkg/psp/format_2025/reader.go:561.16,563.3 1 0
github.com/provide-io/flavor/go/flavor/pkg/psp/format_2025/reader.go:566.2,566.82 1 0
github.com/provide-io/flavor/go/flavor/pkg/psp/format_2025/reader.go:566.82,568.3 1 0
github.com/provide-io/flavor/go/flavor/pkg/psp/format_2025/reader.go:570.2,571.52 2 0
github.com/provide-io/flavor/go/flavor/pkg/psp/format_2025/reader.go:571.52,573.3 1 0
github.com/provide-io/flavor/go/flavor/pkg/psp/format_2025/reader.go:577.2,578.16 2 0
github.com/provide-io/flavor/go/flavor/pkg/psp/format_2025/reader.go:578.16,580.3 1 0
github.com/provide-io/flavor/go/flavor/pkg/psp/format_2025/reader.go:581.2,581.15 1 0
github.com/provide-io/flavor/go/flavor/pkg/psp/format_2025/reader.go:581.15,582.36 1 0
github.com/provide-io/flavor/go/flavor/pkg/psp/format_2025/reader.go:582.36,585.4 1 0
github.com/provide-io/flavor/go/flavor/pkg/psp/format_2025/reader.go:589.2,590.16 2 0
github.com/provide-io/flavor/go/flavor/pkg/psp/format_2025/reader.go:590.16,592.3 1 0
github.com/provide-io/flavor/go/flavor/pkg/psp/format_2025/reader.go:595.2,599.30 3 0
github.com/provide-io/flavor/go/flavor/pkg/psp/format_2025/reader.go:599.30,600.13 1 0
github.com/provide-io/flavor/go/flavor/pkg/psp/format_2025/reader.go:600.13,602.9 2 0
github.com/provide-io/flavor/go/flavor/pkg/psp/format_2025/reader.go:605.2,605.14 1 0
github.com/provide-io/flavor/go/flavor/pkg/psp/format_2025/reader.go:605.14,607.3 1 0
github.com/provide-io/flavor/go/flavor/pkg/psp/format_2025/reader.go:610.2,611.53 2 0
github.com/provide-io/flavor/go/flavor/pkg/psp/format_2025/reader.go:611.53,613.3 1 0
github.com/provide-io/flavor/go/flavor/pkg/psp/format_2025/reader.go:614.2,614.18 1 0
github.com/provide-io/flavor/go/flavor/pkg/psp/format_2025/runtime.go:11.103,13.24 2 0
github.com/provide-io/flavor/go/flavor/pkg/psp/format_2025/runtime.go:13.24,15.22 2 0
github.com/provide-io/flavor/go/flavor/pkg/psp/format_2025/runtime.go:15.22,17.4 1 0
github.com/provide-io/flavor/go/flavor/pkg/psp/format_2025/runtime.go:21.2,22.60 2 0
github.com/provide-io/flavor/go/flavor/pkg/psp/format_2025/runtime.go:22.60,24.36 2 0
github.com/provide-io/flavor/go/flavor/pkg/psp/format_2025/runtime.go:24.36,25.46 1 0
github.com/provide-io/flavor/go/flavor/pkg/psp/format_2025/runtime.go:25.46,26.79 1 0
github.com/provide-io/flavor/go/flavor/pkg/psp/format_2025/runtime.go:26.79,28.30 1 0
github.com/provide-io/flavor/go/flavor/pkg/psp/format_2025/runtime.go:28.30,29.65 1 0
github.com/provide-io/flavor/go/flavor/pkg/psp/format_2025/runtime.go:29.65,32.8 2 0
github.com/provide-io/flavor/go/flavor/pkg/psp/format_2025/runtime.go:34.11,36.49 1 0
github.com/provide-io/flavor/go/flavor/pkg/psp/format_2025/runtime.go:36.49,39.7 2 0
github.com/provide-io/flavor/go/flavor/pkg/psp/format_2025/runtime.go:45.2,45.62 1 0
github.com/provide-io/flavor/go/flavor/pkg/psp/format_2025/runtime.go:45.62,47.37 2 0
github.com/provide-io/flavor/go/flavor/pkg/psp/format_2025/runtime.go:47.37,48.46 1 0
github.com/provide-io/flavor/go/flavor/pkg/psp/format_2025/runtime.go:48.46,49.26 1 0
github.com/provide-io/flavor/go/flavor/pkg/psp/format_2025/runtime.go:49.26,53.30 3 0
github.com/provide-io/flavor/go/flavor/pkg/psp/format_2025/runtime.go:53.30,54.29 1 0
github.com/provide-io/flavor/go/flavor/pkg/psp/format_2025/runtime.go:54.29,56.8 1 0
github.com/provide-io/flavor/go/flavor/pkg/psp/format_2025/runtime.go:58.6,58.35 1 0
github.com/provide-io/flavor/go/flavor/pkg/psp/format_2025/runtime.go:58.35,61.7 2 0
github.com/provide-io/flavor/go/flavor/pkg/psp/format_2025/runtime.go:62.6,62.97 1 0
github.com/provide-io/flavor/go/flavor/pkg/psp/format_2025/runtime.go:63.11,63.86 1 0
github.com/provide-io/flavor/go/flavor/pkg/psp/format_2025/runtime.go:63.86,66.30 2 0
github.com/provide-io/flavor/go/flavor/pkg/psp/format_2025/runtime.go:66.30,67.87 1 0
github.com/provide-io/flavor/go/flavor/pkg/psp/format_2025/runtime.go:67.87,69.8 1 0
github.com/provide-io/flavor/go/flavor/pkg/psp/format_2025/runtime.go:71.6,71.35 1 0
github.com/provide-io/flavor/go/flavor/pkg/psp/format_2025/runtime.go:71.35,74.7 2 0
github.com/provide-io/flavor/go/flavor/pkg/psp/format_2025/runtime.go:75.11,77.78 1 0
github.com/provide-io/flavor/go/flavor/pkg/psp/format_2025/runtime.go:77.78,80.7 2 0
github.com/provide-io/flavor/go/flavor/pkg/psp/format_2025/runtime.go:86.2,86.66 1 0
github.com/provide-io/flavor/go/flavor/pkg/psp/format_2025/runtime.go:86.66,88.32 2 0
github.com/provide-io/flavor/go/flavor/pkg/psp/format_2025/runtime.go:88.32,89.36 1 0
github.com/provide-io/flavor/go/flavor/pkg/psp/format_2025/runtime.go:89.36,90.46 1 0
github.com/provide-io/flavor/go/flavor/pkg/psp/format_2025/runtime.go:90.46,92.23 2 0
github.com/provide-io/flavor/go/flavor/pkg/psp/format_2025/runtime.go:92.23,95.7 2 0
github.com/provide-io/flavor/go/flavor/pkg/psp/format_2025/runtime.go:101.2,101.66 1 0
github.com/provide-io/flavor/go/flavor/pkg/psp/format_2025/runtime.go:101.66,103.34 2 0
github.com/provide-io/flavor/go/flavor/pkg/psp/format_2025/runtime.go:103.34,104.42 1 0
github.com/provide-io/flavor/go/flavor/pkg/psp/format_2025/runtime.go:104.42,107.5 2 0
github.com/provide-io/flavor/go/flavor/pkg/psp/format_2025/runtime.go:112.2,112.60 1 0
github.com/provide-io/flavor/go/flavor/pkg/psp/format_2025/runtime.go:112.60,114.36 2 0
github.com/provide-io/flavor/go/flavor/pkg/psp/format_2025/runtime.go:114.36,115.46 1 0
github.com/provide-io/flavor/go/flavor/pkg/psp/format_2025/runtime.go:115.46,116.79 1 0
github.com/provide-io/flavor/go/flavor/pkg/psp/format_2025/runtime.go:116.79,119.30 2 0
github.com/provide-io/flavor/go/flavor/pkg/psp/format_2025/runtime.go:119.30,120.65 1 0
github.com/provide-io/flavor/go/flavor/pkg/psp/format_2025/runtime.go:120.65,122.13 2 0
github.com/provide-io/flavor/go/flavor/pkg/psp/format_2025/runtime.go:125.6,125.16 1 0
github.com/provide-io/flavor/go/flavor/pkg/psp/format_2025/runtime.go:125.16,127.7 1 0
github.com/provide-io/flavor/go/flavor/pkg/psp/format_2025/runtime.go:127.12,129.7 1 0
github.com/provide-io/flavor/go/flavor/pkg/psp/format_2025/runtime.go:130.11,132.50 1 0
github.com/provide-io/flavor/go/flavor/pkg/psp/format_2025/runtime.go:132.50,134.7 1 0
github.com/provide-io/flavor/go/flavor/pkg/psp/format_2025/runtime.go:134.12,136.7 1 0
github.com/provide-io/flavor/go/flavor/pkg/psp/format_2025/runtime.go:142.2,143.27 2 0
github.com/provide-io/flavor/go/flavor/pkg/psp/format_2025/runtime.go:143.27,145.3 1 0
github.com/provide-io/flavor/go/flavor/pkg/psp/format_2025/runtime.go:147.2,147.15 1 0
github.com/provide-io/flavor/go/flavor/pkg/psp/format_2025/utils.go:5.44,7.72 1 0
github.com/provide-io/flavor/go/flavor/pkg/psp/format_2025/utils.go:7.72,9.3 1 0
github.com/provide-io/flavor/go/flavor/pkg/psp/format_2025/utils.go:12.2,12.11 1 0
github.com/provide-io/flavor/go/flavor/pkg/psp/format_2025/utils.go:15.55,17.2 1 0
github.com/provide-io/flavor/go/flavor/internal/workenv/validation.go:20.71,25.16 3 0
github.com/provide-io/flavor/go/flavor/internal/workenv/validation.go:25.16,27.3 1 0
github.com/provide-io/flavor/go/flavor/internal/workenv/validation.go:30.2,31.54 2 0
github.com/provide-io/flavor/go/flavor/internal/workenv/validation.go:31.54,33.3 1 0
github.com/provide-io/flavor/go/flavor/internal/workenv/validation.go:36.2,36.68 1 0
github.com/provide-io/flavor/go/flavor/internal/workenv/validation.go:36.68,38.3 1 0
github.com/provide-io/flavor/go/flavor/internal/workenv/validation.go:41.2,41.51 1 0
github.com/provide-io/flavor/go/flavor/internal/workenv/validation.go:41.51,43.3 1 0
github.com/provide-io/flavor/go/flavor/internal/workenv/validation.go:46.2,46.52 1 0
github.com/provide-io/flavor/go/flavor/internal/workenv/validation.go:46.52,48.3 1 0
github.com/provide-io/flavor/go/flavor/internal/workenv/validation.go:51.2,52.36 2 0
github.com/provide-io/flavor/go/flavor/internal/workenv/validation.go:52.36,54.65 2 0
github.com/provide-io/flavor/go/flavor/internal/workenv/validation.go:54.65,56.4 1 0
github.com/provide-io/flavor/go/flavor/internal/workenv/validation.go:59.2,59.13 1 0
github.com/provide-io/flavor/go/flavor/internal/workenv/validation.go:63.77,74.16 4 0
github.com/provide-io/flavor/go/flavor/internal/workenv/validation.go:74.16,76.3 1 0
github.com/provide-io/flavor/go/flavor/internal/workenv/validation.go:78.2,78.45 1 0
github.com/provide-io/flavor/go/flavor/internal/workenv/validation.go:82.55,91.16 4 0
github.com/provide-io/flavor/go/flavor/internal/workenv/validation.go:91.16,93.3 1 0
github.com/provide-io/flavor/go/flavor/internal/workenv/validation.go:96.2,98.45 2 0
github.com/provide-io/flavor/go/flavor/internal/workenv/validation.go:102.31,116.2 4 0
github.com/provide-io/flavor/go/flavor/internal/workenv/workenv.go:14.67,17.20 2 0
github.com/provide-io/flavor/go/flavor/internal/workenv/workenv.go:17.20,19.25 1 0
github.com/provide-io/flavor/go/flavor/internal/workenv/workenv.go:19.25,21.4 1 0
github.com/provide-io/flavor/go/flavor/internal/workenv/workenv.go:21.9,23.4 1 0
github.com/provide-io/flavor/go/flavor/internal/workenv/workenv.go:24.8,30.3 4 0
github.com/provide-io/flavor/go/flavor/internal/workenv/workenv.go:32.2,32.50 1 0
github.com/provide-io/flavor/go/flavor/internal/workenv/workenv.go:36.28,38.63 1 0
github.com/provide-io/flavor/go/flavor/internal/workenv/workenv.go:38.63,40.3 1 0
github.com/provide-io/flavor/go/flavor/internal/workenv/workenv.go:43.2,43.22 1 0
github.com/provide-io/flavor/go/flavor/internal/workenv/workenv.go:44.16,45.44 1 0
github.com/provide-io/flavor/go/flavor/internal/workenv/workenv.go:45.44,47.4 1 0
github.com/provide-io/flavor/go/flavor/internal/workenv/workenv.go:48.15,49.62 1 0
github.com/provide-io/flavor/go/flavor/internal/workenv/workenv.go:49.62,51.4 1 0
github.com/provide-io/flavor/go/flavor/internal/workenv/workenv.go:52.3,52.44 1 0
github.com/provide-io/flavor/go/flavor/internal/workenv/workenv.go:52.44,54.4 1 0
github.com/provide-io/flavor/go/flavor/internal/workenv/workenv.go:55.17,56.68 1 0
github.com/provide-io/flavor/go/flavor/internal/workenv/workenv.go:56.68,58.4 1 0
github.com/provide-io/flavor/go/flavor/internal/workenv/workenv.go:62.2,62.55 1 0
github.com/provide-io/flavor/go/flavor/internal/workenv/workenv.go:66.61,68.48 1 0
github.com/provide-io/flavor/go/flavor/internal/workenv/workenv.go:68.48,70.3 1 0
github.com/provide-io/flavor/go/flavor/internal/workenv/workenv.go:73.2,73.27 1 0
github.com/provide-io/flavor/go/flavor/internal/workenv/workenv.go:73.27,76.16 3 0
github.com/provide-io/flavor/go/flavor/internal/workenv/workenv.go:76.16,78.4 1 0
github.com/provide-io/flavor/go/flavor/internal/workenv/workenv.go:80.3,80.65 1 0
github.com/provide-io/flavor/go/flavor/internal/workenv/workenv.go:80.65,82.4 1 0
github.com/provide-io/flavor/go/flavor/internal/workenv/workenv.go:85.2,85.12 1 0
github.com/provide-io/flavor/go/flavor/pkg/api.go:7.65,9.2 1 0
github.com/provide-io/flavor/go/flavor/pkg/api.go:11.116,13.2 1 0
github.com/provide-io/flavor/go/flavor/pkg/api.go:15.54,17.2 1 0
github.com/provide-io/flavor/go/flavor/pkg/api.go:19.68,21.2 1 0
github.com/provide-io/flavor/go/flavor/pkg/verification.go:10.35,12.16 2 0
github.com/provide-io/flavor/go/flavor/pkg/verification.go:12.16,15.3 2 0
github.com/provide-io/flavor/go/flavor/pkg/verification.go:16.2,16.15 1 0
github.com/provide-io/flavor/go/flavor/pkg/verification.go:16.15,17.40 1 0
github.com/provide-io/flavor/go/flavor/pkg/verification.go:17.40,19.4 1 0
github.com/provide-io/flavor/go/flavor/pkg/verification.go:22.2,27.16 4 0
github.com/provide-io/flavor/go/flavor/pkg/verification.go:27.16,29.3 1 0
github.com/provide-io/flavor/go/flavor/pkg/verification.go:29.8,31.3 1 0
github.com/provide-io/flavor/go/flavor/pkg/verification.go:33.2,34.16 2 0
github.com/provide-io/flavor/go/flavor/pkg/verification.go:34.16,36.3 1 0
github.com/provide-io/flavor/go/flavor/pkg/verification.go:36.8,38.3 1 0
github.com/provide-io/flavor/go/flavor/pkg/verification.go:40.2,41.16 2 0
github.com/provide-io/flavor/go/flavor/pkg/verification.go:41.16,43.3 1 0
github.com/provide-io/flavor/go/flavor/pkg/verification.go:43.8,46.39 2 0
github.com/provide-io/flavor/go/flavor/pkg/verification.go:46.39,48.18 2 0
github.com/provide-io/flavor/go/flavor/pkg/verification.go:48.18,50.5 1 0
github.com/provide-io/flavor/go/flavor/pkg/verification.go:50.10,52.5 1 0
github.com/provide-io/flavor/go/flavor/pkg/verification.go:56.2,56.22 1 0
github.com/provide-io/flavor/go/flavor/pkg/verification.go:56.22,58.3 1 0
github.com/provide-io/flavor/go/flavor/pkg/verification.go:58.8,60.30 2 0
github.com/provide-io/flavor/go/flavor/pkg/verification.go:60.30,62.4 1 0
github.com/provide-io/flavor/go/flavor/pkg/verification.go:63.3,63.13 1 0
