🦀🦀 📦 Building with Rs Builder + Rs Launcher
🦀🦀 ────────────────────────────────────────────────────────────────────────────────
🦀🦀 📝 Logging to: logs/pretaster-b_rs-l_rs.20251101_184543.log
{
  "name": "pretaster-combination",
  "version": "1.0.0",
  "description": "Simple test for builder/launcher combinations",
  "command": "/usr/bin/python3 {workenv}/scripts/combo_test.py",
  "environment": {},
  "package": {
    "name": "pretaster-combination",
    "version": "1.0.0",
    "description": "Simple test for builder/launcher combinations"
  },
  "format": "PSPF/2025",
  "slots": [
    {
      "slot": 0,
      "purpose": "payload",
      "lifecycle": "cached",
      "operations": "raw",
      "id": "combo-test-py",
      "source": "scripts/combo_test.py",
      "target": "scripts/combo_test.py",
      "permissions": "0755"
    }
  ],
  "execution": {
    "command": "/usr/bin/python3 {workenv}/scripts/combo_test.py",
    "args": [],
    "env": {},
    "primary_slot": 0
  }
}🦀 [2025-11-01T18:45:43Z INFO flavor::psp::format_2025::builder] 🦀🦀🦀 Hello from Flavor's Rust Builder 🦀🦀🦀
🦀 [2025-11-01T18:45:43Z INFO flavor::psp::format_2025::builder] PSPF Rust Builder starting...
🦀 [2025-11-01T18:45:43Z INFO flavor::psp::format_2025::builder] 🔨 Building PSPF/2025 package from: "configs/test-combination.json"
🦀 [2025-11-01T18:45:43Z TRACE flavor::psp::format_2025::builder] 🔍 Build options: BuildOptions { launcher_bin: Some("/REDACTED_ABS_PATH"), skip_verification: false, private_key_path: None, public_key_path: None, key_seed: Some("test123"), workenv_base: None }
🦀 [2025-11-01T18:45:43Z TRACE flavor::psp::format_2025::builder] ✅ Manifest parsed in 15.489µs
🦀 [2025-11-01T18:45:43Z TRACE flavor::psp::format_2025::builder] 📄 Created output file: "dist/pretaster-rs-rs.psp"
🦀 [2025-11-01T18:45:43Z INFO flavor::psp::format_2025::builder] 🚀 Loading launcher: /REDACTED_ABS_PATH
🦀 [2025-11-01T18:45:43Z INFO flavor::psp::format_2025::builder] 🔍 Launcher version: flavor-rs-launcher 0.3.0
🦀 [2025-11-01T18:45:43Z TRACE flavor::psp::format_2025::pe_utils] Launcher is not a PE executable, no processing needed
🦀 [2025-11-01T18:45:43Z DEBUG flavor::psp::format_2025::builder] 🚀 Loaded and processed launcher: 1436000 bytes in 1.242099ms
🦀 [2025-11-01T18:45:43Z TRACE flavor::psp::format_2025::builder] ✍️ Wrote launcher in 891.713µs
🦀 [2025-11-01T18:45:43Z INFO flavor::psp::format_2025::keys] 🔑 Using seed-based key generation
🦀 [2025-11-01T18:45:43Z INFO flavor::psp::format_2025::keys] 🔑 Using seed-based key generation: seed_hash=6db8da2e476f5655
🦀 [2025-11-01T18:45:43Z TRACE flavor::psp::format_2025::builder] 📦 Creating PSPF/2025 index structure
🦀 [2025-11-01T18:45:43Z DEBUG flavor::psp::format_2025::builder] 📍 Data section starts at 0x160960 (after launcher 0x15e960 + index 512)
🦀 [2025-11-01T18:45:43Z DEBUG flavor::psp::format_2025::builder::slot_processor] 🎰 Processing 1 slots
🦀 [2025-11-01T18:45:43Z TRACE flavor::psp::format_2025::builder::slot_processor] 📖 Processing slot 0: scripts/combo_test.py
🦀 [2025-11-01T18:45:43Z INFO flavor::psp::format_2025::builder::slot_processor] 📍 Slot path has no {workenv}: scripts/combo_test.py
🦀 [2025-11-01T18:45:43Z INFO flavor::psp::format_2025::builder::slot_processor] Attempting to open slot file at: "scripts/combo_test.py"
🦀 [2025-11-01T18:45:43Z TRACE flavor::psp::format_2025::builder::slot_processor] 📊 Slot 0 size: 4650 bytes
🦀 [2025-11-01T18:45:43Z TRACE flavor::psp::format_2025::builder::slot_processor] ☑️ Checksums calculated in 27.502µs
🦀 [2025-11-01T18:45:43Z INFO flavor::psp::format_2025::builder::slot_processor] Slot 0: SHA256 checksum: sha256:8932edbf709c86fc60d603abc4e9f7017349a6c50ce2ac290c483d7618e5cab1
🦀 [2025-11-01T18:45:43Z DEBUG flavor::psp::format_2025::builder::slot_processor] Slot 0: SHA256 u64 (first 8 bytes): fc869c70bfed3289
🦀 [2025-11-01T18:45:43Z TRACE flavor::psp::format_2025::operations] 📦 Packing operations: count=0 operations=[]
🦀 [2025-11-01T18:45:43Z DEBUG flavor::psp::format_2025::operations] ✅ Operations packed: result=0
🦀 [2025-11-01T18:45:43Z DEBUG flavor::psp::format_2025::builder::slot_processor] 📍 Slot 0: combo-test-py size 4650 bytes, checksum fc869c70bfed3289
🦀 [2025-11-01T18:45:43Z DEBUG flavor::psp::format_2025::builder::slot_processor] ✅ Processed 1 slots in 77.596µs
🦀 [2025-11-01T18:45:43Z TRACE flavor::psp::format_2025::builder::metadata] 📝 Creating and signing metadata
🦀 [2025-11-01T18:45:43Z DEBUG flavor::psp::format_2025::builder::finalization] 📝 Writing metadata at position 0x160960
🦀 [2025-11-01T18:45:43Z DEBUG flavor::psp::format_2025::builder::finalization] 📝 Wrote metadata: start=0x160960, size=688, end=0x160c10
🦀 [2025-11-01T18:45:43Z DEBUG flavor::psp::format_2025::builder::finalization] 📍 Current position after metadata: 0x160c10
🦀 [2025-11-01T18:45:43Z DEBUG flavor::psp::format_2025::builder::finalization] 📍 Aligned descriptor table offset: 0x160c10 (aligned from 0x160c10)
🦀 [2025-11-01T18:45:43Z INFO flavor::psp::format_2025::builder::finalization] 🔍 Setting descriptor_offset to 0x160c10 for 1 descriptors
🦀 [2025-11-01T18:45:43Z DEBUG flavor::psp::format_2025::builder::finalization] 📊 Reserved 64 bytes for 1 descriptors at offset 0x160c10
🦀 [2025-11-01T18:45:43Z TRACE flavor::psp::format_2025::builder::finalization] 📦 Streaming slot data to output
🦀 [2025-11-01T18:45:43Z DEBUG flavor::psp::format_2025::builder::finalization] 📍 Wrote slot 0: offset=0x160c50, size=4650 bytes
🦀 [2025-11-01T18:45:43Z TRACE flavor::psp::format_2025::slots] 🦀 Packing checksum: value=fc869c70bfed3289, bytes=[89, 32, ed, bf, 70, 9c, 86, fc]
🦀 [2025-11-01T18:45:43Z TRACE flavor::psp::format_2025::builder::finalization] ✍️ Wrote 64-byte descriptor for slot 0
🦀 [2025-11-01T18:45:43Z DEBUG flavor::psp::format_2025::builder::finalization] 📋 Wrote 1 descriptors at offset 0x160c10
🦀 [2025-11-01T18:45:43Z TRACE flavor::psp::format_2025::builder::finalization] 🎬 Finalizing package with MagicTrailer
🦀 [2025-11-01T18:45:43Z INFO flavor::psp::format_2025::builder::finalization] ✅ Successfully built PSPF bundle: "dist/pretaster-rs-rs.psp"
🦀 [2025-11-01T18:45:43Z INFO flavor::psp::format_2025::builder::finalization]   Package: pretaster-combination v1.0.0
🦀 [2025-11-01T18:45:43Z INFO flavor::psp::format_2025::builder::finalization]   Launcher: /REDACTED_ABS_PATH
🦀 [2025-11-01T18:45:43Z INFO flavor::psp::format_2025::builder::finalization]   Slots: 1
🦀 [2025-11-01T18:45:43Z INFO flavor::psp::format_2025::builder::finalization]   Size: 1457794 bytes
🦀🦀   ✅ Build successful: dist/pretaster-rs-rs.psp
🦀🦀
🦀🦀   Testing commands:
🦀🦀
🦀🦀   1️⃣ Testing 'info' command:
🦀🦀   ─────────────────────────
🦀🦀     [1/1] Extracting combo-test-py...
🦀🦀       Package: pretaster-combination
🦀🦀       Version: 1.0.0
🦀🦀       Python: 
🦀🦀       Workenv: /REDACTED_ABS_PATH
🦀🦀   ✅ info test passed
🦀🦀
🦀🦀   2️⃣ Testing 'env' command:
🦀🦀   ─────────────────────────
🦀🦀       ACCEPT_EULA=Y
🦀🦀       ACTIONS_RUNNER_ACTION_ARCHIVE_CACHE=/opt/actionarchivecache
🦀🦀       AGENT_TOOLSDIRECTORY=/opt/hostedtoolcache
🦀🦀       ANDROID_HOME=/usr/local/lib/android/sdk
🦀🦀       ANDROID_NDK=/usr/local/lib/android/sdk/ndk/27.3.13750724
🦀🦀       ANDROID_NDK_HOME=/usr/local/lib/android/sdk/ndk/27.3.13750724
🦀🦀       ANDROID_NDK_LATEST_HOME=/usr/local/lib/android/sdk/ndk/28.2.13676358
🦀🦀       ANDROID_NDK_ROOT=/usr/local/lib/android/sdk/ndk/27.3.13750724
🦀🦀       ANDROID_SDK_ROOT=/usr/local/lib/android/sdk
🦀🦀       ANT_HOME=/usr/share/ant
🦀🦀   ✅ env test passed
🦀🦀
🦀🦀   3️⃣ Testing 'argv' with arguments:
🦀🦀   ─────────────────────────
🦀🦀     📝 Arguments received:
🦀🦀       [0]: arg1
🦀🦀       [1]: arg2
🦀🦀       [2]: 'arg
🦀🦀       [3]: with
🦀🦀       [4]: spaces'
🦀🦀   ✅ argv test passed
🦀🦀
🦀🦀   4️⃣ Testing 'echo' command:
🦀🦀   ─────────────────────────
🦀🦀     Hello from Rs builder and Rs launcher!
🦀🦀   ✅ echo test passed
🦀🦀
🦀🦀   5️⃣ Testing 'file' command:
🦀🦀   ─────────────────────────
🦀🦀     
🦀🦀   ✅ file test passed
🦀🦀
🦀🦀   6️⃣ Testing 'exit' with code 0:
🦀🦀   ─────────────────────────
🦀🦀     🚪 Exiting with code 0
🦀🦀   ✅ exit test passed
🦀🦀
🦀🦀   7️⃣ Testing 'exit' command with code 42:
🦀🦀   ─────────────────────────────────────
🦀🦀     🚪 Exiting with code 42
🦀🦀     [0;32m✅ Got expected exit code: 42[0m
🦀🦀   ✅ exit 42 test passed
🦀🦀
🦀🦀 ✨ Completed testing Rs + Rs combination
🦀🦀 📄 Full log saved to: logs/pretaster-b_rs-l_rs.20251101_184543.log
